Date :  2022-01-03 14:00:02.871648

============================== [ Grid ] ==============================
* cell     (Bohr) : 
[[11.338  0.     0.   ]
 [ 0.    11.338  0.   ]
 [ 0.     0.    11.338]]
* cell     (ang ) : 
[[6. 0. 0.]
 [0. 6. 0.]
 [0. 0. 6.]]
* spacings (Bohr) : [0.472 0.472 0.472]
* spacings (ang ) : [0.25 0.25 0.25]
* gpts            : [24 24 24]
* ngpts           : 13824
* pbc             : [False False False]
* FD_order        : 3
======================================================================


============================= [ Kpoint ] =============================
* kpts mesh : (1, 1, 1, 'gamma')
Print all k-points and mapping to irreducible k-points
  1 ->  1 : [0. 0. 0.]

* nkpts     : 1
* nibzkpts  : 1
======================================================================

Elapsed time[_calc_energy_correction]: 0.00011706352233886719 sec

=========================== [ Compensation ] ==========================
 symbol | r_gauss | r_short | r_comp
      N |     1.0 | 3.593367736545485 | 4.001304629070163
=======================================================================

Elapsed time[calc_local_pot]: 0.0019268989562988281 sec
KB projector non-zero ratio : 0.14467592592592593 %
Elapsed time[calc_KB_proj]: 0.0049724578857421875 sec

========================== [ KB_projector ] ==========================
* number of atoms : 1
 index | symbol | # of projectors
     0 |      N |               3
======================================================================

Elapsed time[create_Pseudopotential]: 0.01871466636657715 sec

========================= [ Pseudopotential ] =========================
* type      : NCPP
* upf       : 
    data/PSEUDOPOTENTIALS_NC/N.pz-nc.UPF
* use_comp  : True
* comp_grid : 0.1
* NLCC      : False
=======================================================================

'Poisson_ISF_python.py'
ISF_cutoff is set to [0 0 0].
ISF method is used for Poisson
* [0.0, 0.0] : 0 points
* [0.0, 0.4] : 12 points
* [0.4, 2.0] : 12 points
* [2.0, 500.0] : 12 points

============================= [ Poisson ] =============================
* type          : ISF
* use_fine_grid : False
* ISF_cutoff    : [0 0 0]
=======================================================================


========================== [ XC_Functional ] ==========================
* functional : ['gga_x_pbe' 'gga_c_pbe']
* weight     : [1. 1.]

Functional ID: 101
Functional Name: gga_x_pbe
Attributes:
    Name: Perdew, Burke & Ernzerhof
    Kind: 0
  Family: 2
Citations:
   J. P. Perdew, K. Burke, and M. Ernzerhof, Phys. Rev. Lett. 77, 3865 (1996)
   J. P. Perdew, K. Burke, and M. Ernzerhof, Phys. Rev. Lett. 78, 1396 (1997)
Functional ID: 130
Functional Name: gga_c_pbe
Attributes:
    Name: Perdew, Burke & Ernzerhof
    Kind: 1
  Family: 2
Citations:
   J. P. Perdew, K. Burke, and M. Ernzerhof, Phys. Rev. Lett. 77, 3865 (1996)
   J. P. Perdew, K. Burke, and M. Ernzerhof, Phys. Rev. Lett. 78, 1396 (1997)
=======================================================================


=========================== [ Occupation ] ===========================
* smearing    : Fermi-Dirac
* magmom      : 3
* fix_magmom  : True
* temperature : 1e-09
* nelec       : 5.0
* nspins      : 2
* nbands      : 11
* nkpts       : 1
======================================================================


========================== [ Preconditioner ] =========================
* type         : None
=======================================================================


======================= [ Eigensolver(Scipy) ] ========================
* scipy_type   : lobpcg
* convg_tol    : 1e-07
* maxiter      : 20
=======================================================================


============================= [ Density ] ============================
* nelec         : 5.0
* nspins        : 2
* magmom        : 3
* fix_magmom    : True
* density guess : rhoatom
* orbital guess : None
* occ guess     : None
======================================================================

===========================[ Input Parameters ]===========================
* centered                 : True
* spin                     : polarized
* print_energies           : False
* pbc                      : [False False False]

* Positions of atoms (ang) :
N : [3. 3. 3.]
==========================================================================
Elapsed time[initialize]: 0.09538912773132324 sec

============================= [ Mixing ] =============================
* what       : density
* scheme     : pulay
* parameter  : 0.2
* pulay_beta : 0.3
* history    : 10
======================================================================


============================== [ SCF ] ===============================
* scf_maxiter        : 35
* energy_tol         : 1e-06
* density_tol        : 1e-05
* orbital_energy_tol : 1e-05
======================================================================


==================== [ SCF CYCLE 1 ] ====================
integral of init_density :  [2.49509689 2.49509689]
Integral of density (=[2.49509689 2.49509689]) is normalized to [4. 1.]
Elapsed time[compute_potential]: 0.009637832641601562 sec
Elapsed time[compute]: 0.03142285346984863 sec
Elapsed time[_get_mixed_var]: 1.0728836059570312e-05 sec
Elapsed time[diagonalize]: 1.5353097915649414 sec

[ PRINT EIGENVALUES ]
( spin alpha )
* 1 th kpt (=[0. 0. 0.])
num        occ        value
1          1.0        -0.7721044398631324
2          1.0        -0.23590923771482172
3          1.0        -0.23085661880773473
4          1.0        -0.18675232237435324
5          0.0        0.06965001475982137
6          0.0        0.21331208777387825
7          0.0        0.23591643118407962
8          0.0        0.28598890884986666
9          0.0        0.33932165266915193
10         0.0        0.4096361219298661
11         0.0        0.47025650350315057


( spin beta )
* 1 th kpt (=[0. 0. 0.])
num        occ        value
1          1.0        -0.7576855327300178
2          0.0        -0.21783029433573925
3          0.0        -0.2129553872594072
4          0.0        -0.1764763869857971
5          0.0        0.10463052666252615
6          0.0        0.25042078037652965
7          0.0        0.2725357877745602
8          0.0        0.30739909774637486
9          0.0        0.40636858714007695
10         0.0        0.41302890765002065
11         0.0        0.4756442535669889


Integral of density (=[4. 1.]) is normalized to [4. 1.]
Orbital energy difference = [-1.42562262 -0.75768553]
Density difference (relative) = 0.07101339847547553
Elapsed time for 1 th cycle: 1.5910284519195557 sec

==================== [ END CYCLE 1 ] ====================
Elapsed time[_get_mixed_var]: 0.0003204345703125 sec
Elapsed time[compute_potential]: 0.010367631912231445 sec
Elapsed time[compute]: 0.031337738037109375 sec

==================== [ SCF CYCLE 2 ] ====================
Elapsed time[diagonalize]: 1.2837424278259277 sec

[ PRINT EIGENVALUES ]
( spin alpha )
* 1 th kpt (=[0. 0. 0.])
num        occ        value
1          1.0        -0.7827765470209731
2          1.0        -0.2547792842297216
3          1.0        -0.25468422506236227
4          1.0        -0.2546115525568351
5          0.0        0.06126984255597516
6          0.0        0.1679779013234504
7          0.0        0.16892676341076976
8          0.0        0.19431610621221088
9          0.0        0.21843564246167377
10         0.0        0.22149560689056416
11         0.0        0.26042028688423874


( spin beta )
* 1 th kpt (=[0. 0. 0.])
num        occ        value
1          1.0        -0.7581621760448559
2          0.0        -0.22583658704812146
3          0.0        -0.2243248802180758
4          0.0        -0.2231600093013392
5          0.0        0.10096254804712375
6          0.0        0.20063273040989857
7          0.0        0.20583696425657352
8          0.0        0.2155256256547926
9          0.0        0.25644166429810944
10         0.0        0.2569234530564567
11         0.0        0.27487153299824246


Integral of density (=[4. 1.]) is normalized to [4. 1.]
Orbital energy difference = [-0.12122899 -0.00047664]
Density difference (relative) = 0.03442657126844722
Elapsed time for 2 th cycle: 1.2878682613372803 sec

==================== [ END CYCLE 2 ] ====================
Elapsed time[_get_mixed_var]: 0.00013756752014160156 sec
Elapsed time[compute_potential]: 0.008778810501098633 sec
Elapsed time[compute]: 0.026543140411376953 sec

==================== [ SCF CYCLE 3 ] ====================
Elapsed time[diagonalize]: 1.229308843612671 sec

[ PRINT EIGENVALUES ]
( spin alpha )
* 1 th kpt (=[0. 0. 0.])
num        occ        value
1          1.0        -0.7872732832922814
2          1.0        -0.2587183449813337
3          1.0        -0.2586335921711216
4          1.0        -0.2585770819239038
5          0.0        0.060378754174627985
6          0.0        0.166699559239386
7          0.0        0.16694009218934253
8          0.0        0.1690622830474008
9          0.0        0.2157930764414646
10         0.0        0.21669073805833206
11         0.0        0.22206122546265078


( spin beta )
* 1 th kpt (=[0. 0. 0.])
num        occ        value
1          1.0        -0.7551173097107255
2          0.0        -0.22346180563867588
3          0.0        -0.2223375736930753
4          0.0        -0.22150863110023897
5          0.0        0.1030007768606118
6          0.0        0.20279458130087455
7          0.0        0.20297976321179947
8          0.0        0.20457625529169227
9          0.0        0.25620459679236296
10         0.0        0.2573145859676225
11         0.0        0.2583171735895722


Integral of density (=[4. 1.]) is normalized to [4. 1.]
Orbital energy difference = [-0.01635069  0.00304487]
Density difference (relative) = 0.026299809994652625
Elapsed time for 3 th cycle: 1.2349004745483398 sec

==================== [ END CYCLE 3 ] ====================
Elapsed time[_get_mixed_var]: 0.0013341903686523438 sec
Elapsed time[compute_potential]: 0.009681224822998047 sec
Elapsed time[compute]: 0.026978015899658203 sec

==================== [ SCF CYCLE 4 ] ====================
Elapsed time[diagonalize]: 1.300438642501831 sec

[ PRINT EIGENVALUES ]
( spin alpha )
* 1 th kpt (=[0. 0. 0.])
num        occ        value
1          1.0        -0.7954444002763833
2          1.0        -0.2661806913303199
3          1.0        -0.2661189184478586
4          1.0        -0.26607909192885076
5          0.0        0.058957226007481725
6          0.0        0.16503997562073472
7          0.0        0.16533907982272406
8          0.0        0.16608964506671742
9          0.0        0.2150307715818461
10         0.0        0.2154079380457931
11         0.0        0.21641682483031957


( spin beta )
* 1 th kpt (=[0. 0. 0.])
num        occ        value
1          1.0        -0.7383790094252347
2          0.0        -0.20715167633035111
3          0.0        -0.20708075749189947
4          0.0        -0.20697056034118147
5          0.0        0.11908820477372033
6          0.0        0.21924464046326844
7          0.0        0.2193141549151277
8          0.0        0.22067407252739837
9          0.0        0.2718137774815991
10         0.0        0.2720083599818257
11         0.0        0.27356204242662097


Integral of density (=[4. 1.]) is normalized to [4. 1.]
Orbital energy difference = [-0.0306208  0.0167383]
Density difference (relative) = 0.004111898674634467
Elapsed time for 4 th cycle: 1.3095512390136719 sec

==================== [ END CYCLE 4 ] ====================
Elapsed time[_get_mixed_var]: 0.001997709274291992 sec
Elapsed time[compute_potential]: 0.009595870971679688 sec
Elapsed time[compute]: 0.030953407287597656 sec

==================== [ SCF CYCLE 5 ] ====================
Elapsed time[diagonalize]: 1.3073770999908447 sec

[ PRINT EIGENVALUES ]
( spin alpha )
* 1 th kpt (=[0. 0. 0.])
num        occ        value
1          1.0        -0.7979871145109173
2          1.0        -0.2683409551364288
3          1.0        -0.2682973064883604
4          1.0        -0.2682689281953886
5          0.0        0.05881868456290835
6          0.0        0.1649654301859688
7          0.0        0.16509348870992732
8          0.0        0.16613056600050038
9          0.0        0.21520290239206366
10         0.0        0.21536347469904568
11         0.0        0.2166035956984072


( spin beta )
* 1 th kpt (=[0. 0. 0.])
num        occ        value
1          1.0        -0.7401920594317738
2          0.0        -0.2085317855737788
3          0.0        -0.2084957928765185
4          0.0        -0.2084857076792544
5          0.0        0.12018778808337165
6          0.0        0.220275319099952
7          0.0        0.22035794781510148
8          0.0        0.2217426744361882
9          0.0        0.2730728812867866
10         0.0        0.27311137442071204
11         0.0        0.274814426647678


Integral of density (=[4. 1.]) is normalized to [4. 1.]
Orbital energy difference = [-0.0090712  -0.00181305]
Density difference (relative) = 0.00352164010837872
Elapsed time for 5 th cycle: 1.3141677379608154 sec

==================== [ END CYCLE 5 ] ====================
Elapsed time[_get_mixed_var]: 0.002101898193359375 sec
Elapsed time[compute_potential]: 0.010231256484985352 sec
Elapsed time[compute]: 0.03186464309692383 sec

==================== [ SCF CYCLE 6 ] ====================
Elapsed time[diagonalize]: 1.3350794315338135 sec

[ PRINT EIGENVALUES ]
( spin alpha )
* 1 th kpt (=[0. 0. 0.])
num        occ        value
1          1.0        -0.7946073235609603
2          1.0        -0.26544671950842125
3          1.0        -0.2654165619981951
4          1.0        -0.2653997285218318
5          0.0        0.05957565471226493
6          0.0        0.16580206021326643
7          0.0        0.16592046306447467
8          0.0        0.1669795853843306
9          0.0        0.21576888229386876
10         0.0        0.21591575255377835
11         0.0        0.217194797421009


( spin beta )
* 1 th kpt (=[0. 0. 0.])
num        occ        value
1          1.0        -0.7368933025295429
2          0.0        -0.20571442711687063
3          0.0        -0.20568952406036878
4          0.0        -0.20567465527361103
5          0.0        0.12067850656182097
6          0.0        0.22080966429626148
7          0.0        0.22087660850387514
8          0.0        0.22223278263437002
9          0.0        0.2733788499637346
10         0.0        0.2734073751591595
11         0.0        0.27511616231280356


Integral of density (=[4. 1.]) is normalized to [4. 1.]
Orbital energy difference = [0.01202397 0.00329876]
Density difference (relative) = 0.0023623891451145644
Elapsed time for 6 th cycle: 1.3397290706634521 sec

==================== [ END CYCLE 6 ] ====================
Elapsed time[_get_mixed_var]: 0.0020971298217773438 sec
Elapsed time[compute_potential]: 0.010550260543823242 sec
Elapsed time[compute]: 0.029953956604003906 sec

==================== [ SCF CYCLE 7 ] ====================
Elapsed time[diagonalize]: 1.346832275390625 sec

[ PRINT EIGENVALUES ]
( spin alpha )
* 1 th kpt (=[0. 0. 0.])
num        occ        value
1          1.0        -0.795569466450696
2          1.0        -0.2662589127834428
3          1.0        -0.26623392750557673
4          1.0        -0.26622136804845564
5          0.0        0.05941951037517385
6          0.0        0.16564783805116318
7          0.0        0.1657338246385063
8          0.0        0.16684292507892237
9          0.0        0.21570781362630345
10         0.0        0.21581733195222744
11         0.0        0.21713629042768445


( spin beta )
* 1 th kpt (=[0. 0. 0.])
num        occ        value
1          1.0        -0.7378498034526232
2          0.0        -0.20652204995376924
3          0.0        -0.2064958927000237
4          0.0        -0.20648647451953844
5          0.0        0.12061914404640557
6          0.0        0.2207434039980719
7          0.0        0.22080952144634428
8          0.0        0.22216155100089144
9          0.0        0.27339044233557774
10         0.0        0.2734142668867962
11         0.0        0.2751148301975392


Integral of density (=[4. 1.]) is normalized to [4. 1.]
Orbital energy difference = [-0.00341334 -0.0009565 ]
Density difference (relative) = 0.000719717791197372
Elapsed time for 7 th cycle: 1.3514008522033691 sec

==================== [ END CYCLE 7 ] ====================
Elapsed time[_get_mixed_var]: 0.002005338668823242 sec
Elapsed time[compute_potential]: 0.009880781173706055 sec
Elapsed time[compute]: 0.030222177505493164 sec

==================== [ SCF CYCLE 8 ] ====================
Elapsed time[diagonalize]: 1.2285962104797363 sec

[ PRINT EIGENVALUES ]
( spin alpha )
* 1 th kpt (=[0. 0. 0.])
num        occ        value
1          1.0        -0.7957695794756122
2          1.0        -0.2664085922535138
3          1.0        -0.266400651220049
4          1.0        -0.26639818535403575
5          0.0        0.059426244700202226
6          0.0        0.16568011189942639
7          0.0        0.16572214263662635
8          0.0        0.16690056277108434
9          0.0        0.21577784598923555
10         0.0        0.2158330196626893
11         0.0        0.21721429286918545


( spin beta )
* 1 th kpt (=[0. 0. 0.])
num        occ        value
1          1.0        -0.7381407368042074
2          0.0        -0.20675712676239955
3          0.0        -0.20675092343126367
4          0.0        -0.2067211829096956
5          0.0        0.12059508470529055
6          0.0        0.22074896415635864
7          0.0        0.2207905080421284
8          0.0        0.2221012829584751
9          0.0        0.27342549792353915
10         0.0        0.2734367229054021
11         0.0        0.2751023883293436


Integral of density (=[4. 1.]) is normalized to [4. 1.]
Orbital energy difference = [-0.00069333 -0.00029093]
Density difference (relative) = 0.00020094676092735037
Elapsed time for 8 th cycle: 1.2335975170135498 sec

==================== [ END CYCLE 8 ] ====================
Elapsed time[_get_mixed_var]: 0.003182649612426758 sec
Elapsed time[compute_potential]: 0.010136127471923828 sec
Elapsed time[compute]: 0.030551433563232422 sec

==================== [ SCF CYCLE 9 ] ====================
Elapsed time[diagonalize]: 1.2174310684204102 sec

[ PRINT EIGENVALUES ]
( spin alpha )
* 1 th kpt (=[0. 0. 0.])
num        occ        value
1          1.0        -0.7958251843145014
2          1.0        -0.26645165438532575
3          1.0        -0.2664484806633996
4          1.0        -0.26644730663573124
5          0.0        0.05945517829449696
6          0.0        0.16573635404840148
7          0.0        0.16574562986226246
8          0.0        0.16699043862232274
9          0.0        0.2158593217417677
10         0.0        0.21587091877718056
11         0.0        0.2173108154553793


( spin beta )
* 1 th kpt (=[0. 0. 0.])
num        occ        value
1          1.0        -0.738183770645051
2          0.0        -0.20678287602693632
3          0.0        -0.20677985380661176
4          0.0        -0.20677148386160588
5          0.0        0.1206233980141925
6          0.0        0.22081512551011148
7          0.0        0.22081914465278
8          0.0        0.22207914765855322
9          0.0        0.2734934502106041
10         0.0        0.2734935180120073
11         0.0        0.275116924605178


Integral of density (=[4. 1.]) is normalized to [4. 1.]
Orbital energy difference = [-1.95617696e-04 -4.30338408e-05]
Density difference (relative) = 6.747821272001157e-05
Elapsed time for 9 th cycle: 1.22175931930542 sec

==================== [ END CYCLE 9 ] ====================
Elapsed time[_get_mixed_var]: 0.0031676292419433594 sec
Elapsed time[compute_potential]: 0.010128498077392578 sec
Elapsed time[compute]: 0.026729822158813477 sec

==================== [ SCF CYCLE 10 ] ====================
Elapsed time[diagonalize]: 1.1963651180267334 sec

[ PRINT EIGENVALUES ]
( spin alpha )
* 1 th kpt (=[0. 0. 0.])
num        occ        value
1          1.0        -0.7958217988933814
2          1.0        -0.266447213573418
3          1.0        -0.2664449267797661
4          1.0        -0.2664444261380887
5          0.0        0.05944911520149261
6          0.0        0.16573034264869996
7          0.0        0.16573349595503134
8          0.0        0.16697083903148077
9          0.0        0.2158506650113622
10         0.0        0.2158547977536063
11         0.0        0.21729086644159942


( spin beta )
* 1 th kpt (=[0. 0. 0.])
num        occ        value
1          1.0        -0.7381972611001866
2          0.0        -0.20679165463803623
3          0.0        -0.2067897077242166
4          0.0        -0.20678753030187383
5          0.0        0.12061430129068773
6          0.0        0.22080797582179038
7          0.0        0.22080949648988332
8          0.0        0.22206965798403655
9          0.0        0.27348752090414963
10         0.0        0.27348779946463
11         0.0        0.2751104369064936


Integral of density (=[4. 1.]) is normalized to [4. 1.]
Orbital energy difference = [ 1.42606143e-05 -1.34904551e-05]
Density difference (relative) = 4.872629720084138e-05
Elapsed time for 10 th cycle: 1.2018091678619385 sec

==================== [ END CYCLE 10 ] ====================
Elapsed time[_get_mixed_var]: 0.004231691360473633 sec
Elapsed time[compute_potential]: 0.010921478271484375 sec
Elapsed time[compute]: 0.03230929374694824 sec

==================== [ SCF CYCLE 11 ] ====================
Elapsed time[diagonalize]: 1.1704521179199219 sec

[ PRINT EIGENVALUES ]
( spin alpha )
* 1 th kpt (=[0. 0. 0.])
num        occ        value
1          1.0        -0.7958031980019611
2          1.0        -0.26643102791544576
3          1.0        -0.26642865841320695
4          1.0        -0.26642814991044617
5          0.0        0.05945742525496127
6          0.0        0.16574069159451246
7          0.0        0.16574256272139845
8          0.0        0.16698499120264376
9          0.0        0.2158615788617444
10         0.0        0.21586366365378243
11         0.0        0.21730413639617968


( spin beta )
* 1 th kpt (=[0. 0. 0.])
num        occ        value
1          1.0        -0.738181077396579
2          0.0        -0.20677751985684953
3          0.0        -0.2067767410587845
4          0.0        -0.20677512340131887
5          0.0        0.12061261654846292
6          0.0        0.22080398137991944
7          0.0        0.22080776900955354
8          0.0        0.22206986436779258
9          0.0        0.27348260630929067
10         0.0        0.27348313138702607
11         0.0        0.27510785870838467


Integral of density (=[4. 1.]) is normalized to [4. 1.]
Orbital energy difference = [6.73311436e-05 1.61837036e-05]
Density difference (relative) = 2.3757963224241917e-05
Elapsed time for 11 th cycle: 1.1757972240447998 sec

==================== [ END CYCLE 11 ] ====================
Elapsed time[_get_mixed_var]: 0.0038595199584960938 sec
Elapsed time[compute_potential]: 0.010067224502563477 sec
Elapsed time[compute]: 0.03078484535217285 sec

==================== [ SCF CYCLE 12 ] ====================
Elapsed time[diagonalize]: 1.199885368347168 sec

[ PRINT EIGENVALUES ]
( spin alpha )
* 1 th kpt (=[0. 0. 0.])
num        occ        value
1          1.0        -0.795777426732067
2          1.0        -0.2664086958512035
3          1.0        -0.2664062708087739
4          1.0        -0.2664062130797848
5          0.0        0.05946205690329106
6          0.0        0.16574632930600744
7          0.0        0.16574646202857302
8          0.0        0.16698832841949593
9          0.0        0.2158649184943655
10         0.0        0.21586507882165468
11         0.0        0.2173056194785674


( spin beta )
* 1 th kpt (=[0. 0. 0.])
num        occ        value
1          1.0        -0.7381585954863289
2          0.0        -0.20675781383454536
3          0.0        -0.20675701237852098
4          0.0        -0.20675682614579688
5          0.0        0.12061535994890075
6          0.0        0.2208104159982824
7          0.0        0.22081046001209792
8          0.0        0.2220697719064459
9          0.0        0.27348736760262893
10         0.0        0.2734874046785298
11         0.0        0.2751096509664796


Integral of density (=[4. 1.]) is normalized to [4. 1.]
Orbital energy difference = [9.24277692e-05 2.24819103e-05]
Density difference (relative) = 2.4329478535184227e-05
Elapsed time for 12 th cycle: 1.2041897773742676 sec

==================== [ END CYCLE 12 ] ====================
Elapsed time[_get_mixed_var]: 0.002784252166748047 sec
Elapsed time[compute_potential]: 0.009929418563842773 sec
Elapsed time[compute]: 0.028418779373168945 sec

==================== [ SCF CYCLE 13 ] ====================
Elapsed time[diagonalize]: 1.2754712104797363 sec

[ PRINT EIGENVALUES ]
( spin alpha )
* 1 th kpt (=[0. 0. 0.])
num        occ        value
1          1.0        -0.7957871826952855
2          1.0        -0.2664169213170348
3          1.0        -0.2664144968953527
4          1.0        -0.26641448565657916
5          0.0        0.059460392346474156
6          0.0        0.16574451197983522
7          0.0        0.16574457499314502
8          0.0        0.1669866547895009
9          0.0        0.21586403133956597
10         0.0        0.21586410305565792
11         0.0        0.21730475981515773


( spin beta )
* 1 th kpt (=[0. 0. 0.])
num        occ        value
1          1.0        -0.7381695684438196
2          0.0        -0.20676735769921228
3          0.0        -0.20676654899485572
4          0.0        -0.20676633900150124
5          0.0        0.1206131033370008
6          0.0        0.22080802427635257
7          0.0        0.2208080793498242
8          0.0        0.22206733586029057
9          0.0        0.27348578552970537
10         0.0        0.27348585509196455
11         0.0        0.275108005493631


Integral of density (=[4. 1.]) is normalized to [4. 1.]
Orbital energy difference = [-3.44800924e-05 -1.09729575e-05]
Density difference (relative) = 6.921981728449742e-06
Elapsed time for 13 th cycle: 1.2805671691894531 sec

==================== [ END CYCLE 13 ] ====================
Elapsed time[_get_mixed_var]: 0.003509998321533203 sec
Elapsed time[compute_potential]: 0.010204553604125977 sec
Elapsed time[compute]: 0.032923221588134766 sec

==================== [ SCF CYCLE 14 ] ====================
Elapsed time[diagonalize]: 1.2866623401641846 sec

[ PRINT EIGENVALUES ]
( spin alpha )
* 1 th kpt (=[0. 0. 0.])
num        occ        value
1          1.0        -0.7957896493932392
2          1.0        -0.26641900138503843
3          1.0        -0.2664165797748525
4          1.0        -0.2664165678219611
5          0.0        0.05945992047788321
6          0.0        0.1657439810241393
7          0.0        0.16574398617185632
8          0.0        0.16698603307497245
9          0.0        0.21586370514645561
10         0.0        0.21586372552372912
11         0.0        0.2173043443532069


( spin beta )
* 1 th kpt (=[0. 0. 0.])
num        occ        value
1          1.0        -0.7381723258687208
2          0.0        -0.2067698640985625
3          0.0        -0.20676899814289013
4          0.0        -0.2067689815915622
5          0.0        0.12061235981191755
6          0.0        0.22080723504362756
7          0.0        0.220807269833123
8          0.0        0.2220666178943576
9          0.0        0.27348521979753715
10         0.0        0.27348524425115384
11         0.0        0.2751074844717531


/home/jhwoo/.conda/envs/gospel_2/lib/python3.7/site-packages/gospel-0.0.1-py3.7.egg/gospel/smearing_functions.py:11: RuntimeWarning: overflow encountered in exp
  return 1 / (np.exp(val) + 1)
Integral of density (=[4. 1.]) is normalized to [4. 1.]
Orbital energy difference = [-8.71181084e-06 -2.75742490e-06]
Density difference (relative) = 2.6519504529647002e-06
Elapsed time for 14 th cycle: 1.2923698425292969 sec

==================== [ END CYCLE 14 ] ====================
SCF CONVERGED with 14 iters!!
Elapsed time[calc_external_energy]: 0.0019745826721191406 sec

======================= Energy =======================
  Total Energy         =  -9.5271752878        Hartree
------------------------------------------------------
* Ion-ion Energy       =  0.0                  Hartree
* Eigenvals sum for 0  =  -1.5950417984        Hartree
* Eigenvals sum for 1  =  -0.7381723259        Hartree
* Hartree Energy       =  0.2539993312         Hartree
* XC Energy            =  -2.2938319598        Hartree
* Kinetic Energy       =  5.7405668653         Hartree
* External Energy      =  -11.4850963784       Hartree
* Non-local Energy     =  -1.742813146         Hartree
======================================================
Elapsed time[calc_and_print_energies]: 0.005810737609863281 sec
Total Energy: -9.527175287763928 Ha
Fermi Level : -6.300318076782641 eV
Gap: 1.623 eV
Transition (v -> c):
  (s=0, k=0, n=3, [0.00, 0.00, 0.00]) -> (s=1, k=0, n=1, [0.00, 0.00, 0.00])

* TOTAL TIME : 18.726162433624268 sec
