PyTucker is not installed. tucker_diagonalize will not be allowed
Date :  2022-05-10 03:44:54.581680

============================= [ Grid ] =============================
* cell     (Bohr) : 
[[6.746 0.    0.   ]
 [0.    6.746 0.   ]
 [0.    0.    6.746]]
* cell     (ang ) : 
[[3.57 0.   0.  ]
 [0.   3.57 0.  ]
 [0.   0.   3.57]]
* spacings (Bohr) : [0.281 0.281 0.281]
* spacings (ang ) : [0.149 0.149 0.149]
* gpts            : [24 24 24]
* ngpts           : 13824
* pbc             : [ True  True  True]
* FD_order        : 3
* center_point    : [3.37316113 3.37316113 3.37316113] (Bohr)
====================================================================


============================ [ Kpoint ] =============================
* kpts mesh : (1, 1, 1, 'gamma')
Print all k-points and mapping to irreducible k-points
  1 ->  1 : [0. 0. 0.]

* nkpts   : 1
* nibzkpts: 1
=====================================================================

Warning: 'rho_cutoff'(=6.01) value is too large or small. 'rho_cutoff' is set to 6.01.
Elapsed time[_calc_energy_correction]: 0.024280309677124023 sec

=========================== [ Compensation ] ==========================
 symbol | r_gauss | r_short (Bohr) | r_comp (Bohr)
      C |     1.0 | 4.6000000000000005 |         3.672
=======================================================================

Elapsed time[calc_local_pot]: 0.12102580070495605 sec
KB projector non-zero ratio: 31.720196759259263 %

========================== [ KB_projector ] ==========================
* number of atoms : 8
* use_dense_proj  : False
 index | symbol | # of projectors
     0 |      C |               8
     1 |      C |               8
     2 |      C |               8
     3 |      C |               8
     4 |      C |               8
     5 |      C |               8
     6 |      C |               8
     7 |      C |               8
======================================================================

Elapsed time[create_Pseudopotential]: 1.6353340148925781 sec

========================= [ Pseudopotential ] =========================
* type      : NCPP
* upf       : 
    /appl/ACE-Molecule/DATA/sg15_oncv_upf_2020-02-06/C_ONCV_PBE-1.2.upf
* NLCC      : True
* use_comp  : True
* comp_grid : 0.1
* filtering : True
=======================================================================

'Poisson_ISF_python.py'
ISF_cutoff is set to [100 100 100].
ISF method is used for Poisson
* [0.05, 0.2] : 12 points
* [0.2, 0.4] : 12 points
* [0.4, 2.0] : 12 points
* [2.0, 500.0] : 12 points

============================= [ Poisson ] =============================
* type          : ISF
* use_fine_grid : False
* ISF_cutoff    : [100 100 100]
=======================================================================


========================== [ XC_Functional ] ==========================
* functional : ['gga_x_pbe' 'gga_c_pbe']
* weight     : [1. 1.]

Functional ID: 101
Functional Name: gga_x_pbe
Attributes:
    Name: Perdew, Burke & Ernzerhof
    Kind: 0
  Family: 2
Citations:
   J. P. Perdew, K. Burke, and M. Ernzerhof, Phys. Rev. Lett. 77, 3865 (1996)
   J. P. Perdew, K. Burke, and M. Ernzerhof, Phys. Rev. Lett. 78, 1396 (1997)
Functional ID: 130
Functional Name: gga_c_pbe
Attributes:
    Name: Perdew, Burke & Ernzerhof
    Kind: 1
  Family: 2
Citations:
   J. P. Perdew, K. Burke, and M. Ernzerhof, Phys. Rev. Lett. 77, 3865 (1996)
   J. P. Perdew, K. Burke, and M. Ernzerhof, Phys. Rev. Lett. 78, 1396 (1997)
=======================================================================


========================== [ Occupation ] ==========================
* smearing    : Fermi-Dirac
* temperature : 0.01
* nelec       : 32.0
* nspins      : 1
* nbands      : 20
* nkpts       : 1
====================================================================


========================== [ Preconditioner ] =========================
* type         : None
=======================================================================


======================= [ Eigensolver(Scipy) ] =======================
* scipy_type   : lobpcg
* convg_tol    : None
* maxiter      : 20
* verbosity    : 0
======================================================================

Elapsed time[calc_NLCC_core_density]: 7.510185241699219e-05 sec

============================ [ Density ] ===========================
* nelec         : 32.0
* nspins        : 1
* magmom        : 0.0
* fix_magmom    : True
* density guess : rhoatom
* orbital guess : None
* occ guess     : None
=====================================================================

===========================[ Input Parameters ]===========================
{'centered': True,
 'convergence': {'density_tol': 0.0001,
                 'energy_tol': 1e-06,
                 'orbital_energy_tol': 1e-06,
                 'scf_maxiter': 35},
 'eigensolver': None,
 'force': {'deriv_comp': True, 'deriv_density': False},
 'grid': {'FD_order': 3, 'gpts': None, 'spacing': 0.15},
 'init_guess': {'density': 'rhoatom', 'occ': None, 'orbital': None},
 'kpts': (1, 1, 1, 'gamma'),
 'kpts_and_weights': None,
 'mixing': {'history': 3,
            'parameter': 0.2,
            'pulay_beta': 0.3,
            'scheme': 'pulay',
            'what': 'density'},
 'nbands': None,
 'nelec': None,
 'occupation': {'MP_order': 2,
                'fix_magmom': True,
                'magmom': 0.0,
                'smearing': 'Fermi-Dirac',
                'temperature': 0.01},
 'output_file': None,
 'poisson': None,
 'pp': {'NLCC': True,
        'comp_grid': 0.1,
        'filtering': True,
        'num_near_cell': 1,
        'upf': ['/appl/ACE-Molecule/DATA/sg15_oncv_upf_2020-02-06/C_ONCV_PBE-1.2.upf'],
        'use_comp': True,
        'use_dense_proj': False},
 'precond_type': None,
 'print_energies': True,
 'spin': 'unpolarized',
 'symmetry': True,
 'verbose': 0,
 'xc': {'type': 'gga_x_pbe + gga_c_pbe', 'weight': None}}

* pbc                      : [ True  True  True]

* Positions of atoms (ang) :
C : [0.44625 0.44625 0.44625]
C : [1.33875 1.33875 1.33875]
C : [0.44625 2.23125 2.23125]
C : [1.33875 3.12375 3.12375]
C : [2.23125 0.44625 2.23125]
C : [3.12375 1.33875 3.12375]
C : [2.23125 2.23125 0.44625]
C : [3.12375 3.12375 1.33875]
==========================================================================
Elapsed time[initialize]: 1.9314682483673096 sec

============================ [ Mixing ] =============================
* what       : density
* scheme     : pulay
* parameter  : 0.2
* pulay_beta : 0.3
* history    : 3
=====================================================================


============================== [ SCF ] ==============================
* scf_maxiter        : 35
* energy_tol         : 1e-06
* density_tol        : 0.0001
* orbital_energy_tol : 1e-06
=====================================================================


==================== [ SCF CYCLE 1 ] ====================
integral of init_density :  31.944628087106818
Integral of density (=31.944628087106818) is normalized to 32.00000000000001
Elapsed time[compute_potential]: 0.008175849914550781 sec
Elapsed time[compute]: 0.6000819206237793 sec
Elapsed time[_get_mixed_var]: 8.58306884765625e-06 sec
convg_tol is set to 1.3824e-06
Debug: sparse nonlocal_op@@@@@@@@@@@@@@@@@@@@@@@@@@@@@@@@@@
Elapsed time[diagonalize]: 1.472513198852539 sec

[ PRINT EIGENVALUES ]
( spin alpha )
* 1 th kpt (=[0. 0. 0.])
num        occ        value
1          2.0        -0.6566971361103046
2          2.0        -0.2991102572328795
3          2.0        -0.2839561980505288
4          2.0        -0.23357860394183103
5          2.0        -0.20685345090380405
6          2.0        -0.15920297053067087
7          2.0        -0.12110377321742083
8          2.0        -0.04800635257892997
9          2.0        -0.018642237129876126
10         2.0        0.04030110356113701
11         2.0        0.09390929567235073
12         2.0        0.13871398413717193
13         2.0        0.20639414678017437
14         2.0        0.371339628578888
15         2.0        0.42966835702071215
16         2.0        0.4558757158027713
17         0.0        0.5448549439783631
18         0.0        0.6350550915884148
19         0.0        0.6856585855259262
20         0.0        0.7500321910965906


Integral of density (=32.00000000117752) is normalized to 32.00000000000001
Orbital energy difference = -0.5818974962860803
Density difference (relative) = 0.17666199462524543
Elapsed time[calc_external_energy]: 0.00011873245239257812 sec
Debug: sparse nonlocal_op@@@@@@@@@@@@@@@@@@@@@@@@@@@@@@@@@@
Debug: sparse nonlocal_op@@@@@@@@@@@@@@@@@@@@@@@@@@@@@@@@@@
Debug: sparse nonlocal_op@@@@@@@@@@@@@@@@@@@@@@@@@@@@@@@@@@
Debug: sparse nonlocal_op@@@@@@@@@@@@@@@@@@@@@@@@@@@@@@@@@@
Debug: sparse nonlocal_op@@@@@@@@@@@@@@@@@@@@@@@@@@@@@@@@@@
Debug: sparse nonlocal_op@@@@@@@@@@@@@@@@@@@@@@@@@@@@@@@@@@
Debug: sparse nonlocal_op@@@@@@@@@@@@@@@@@@@@@@@@@@@@@@@@@@
Debug: sparse nonlocal_op@@@@@@@@@@@@@@@@@@@@@@@@@@@@@@@@@@
Debug: sparse nonlocal_op@@@@@@@@@@@@@@@@@@@@@@@@@@@@@@@@@@
Debug: sparse nonlocal_op@@@@@@@@@@@@@@@@@@@@@@@@@@@@@@@@@@
Debug: sparse nonlocal_op@@@@@@@@@@@@@@@@@@@@@@@@@@@@@@@@@@
Debug: sparse nonlocal_op@@@@@@@@@@@@@@@@@@@@@@@@@@@@@@@@@@
Debug: sparse nonlocal_op@@@@@@@@@@@@@@@@@@@@@@@@@@@@@@@@@@
Debug: sparse nonlocal_op@@@@@@@@@@@@@@@@@@@@@@@@@@@@@@@@@@
Debug: sparse nonlocal_op@@@@@@@@@@@@@@@@@@@@@@@@@@@@@@@@@@
Debug: sparse nonlocal_op@@@@@@@@@@@@@@@@@@@@@@@@@@@@@@@@@@
Elapsed time[calc_nonlocal_energy]: 0.03557705879211426 sec

============ Energy (Hartree) ============
|   Total Energy        : -38.9304637588 |
------------------------------------------
| * Ion-ion Energy      : 0.0            |
| * Eigenvals sum for 0 : -0.5818974963  |
| * Hartree Energy      : 2.3953760492   |
| * XC Energy           : -13.7462880946 |
| * Kinetic Energy      : 39.7549380891  |
| * External Energy     : -68.6200544698 |
| * Non-local Energy    : 1.2855646672   |
==========================================
Elapsed time[calc_and_print_energies]: 0.044872283935546875 sec
Total energy difference = -38.93046375883517 Hartree
Elapsed time for 1 th cycle: 2.2471072673797607 sec

==================== [ END CYCLE 1 ] ====================
Elapsed time[_get_mixed_var]: 7.891654968261719e-05 sec
Elapsed time[compute_potential]: 0.011333942413330078 sec
Elapsed time[compute]: 0.02881622314453125 sec

==================== [ SCF CYCLE 2 ] ====================
convg_tol is set to 1.3824e-06
Debug: sparse nonlocal_op@@@@@@@@@@@@@@@@@@@@@@@@@@@@@@@@@@
Elapsed time[diagonalize]: 1.421813726425171 sec

[ PRINT EIGENVALUES ]
( spin alpha )
* 1 th kpt (=[0. 0. 0.])
num        occ        value
1          2.0        -0.6547202966180199
2          2.0        -0.35650705742927463
3          2.0        -0.35306390920588143
4          2.0        -0.34227319616323715
5          2.0        -0.3363403240065441
6          2.0        -0.33212565331493454
7          2.0        -0.3233526004030897
8          2.0        -0.11678434863858976
9          2.0        -0.11354585422789983
10         2.0        -0.10662719742727139
11         2.0        -0.10407481840430136
12         2.0        -0.0962262107700206
13         2.0        -0.09201722746953583
14         2.0        0.12179073655402424
15         2.0        0.12670627332713105
16         2.0        0.17775235372470075
17         0.0        0.3109888432618792
18         0.0        0.316695490298363
19         0.0        0.3276711559926565
20         0.0        0.33661037092167007


Integral of density (=32.00000000000004) is normalized to 32.00000000000001
Orbital energy difference = -5.2209211646594085
Density difference (relative) = 0.18455557007278572
Elapsed time[calc_external_energy]: 6.890296936035156e-05 sec
Debug: sparse nonlocal_op@@@@@@@@@@@@@@@@@@@@@@@@@@@@@@@@@@
Debug: sparse nonlocal_op@@@@@@@@@@@@@@@@@@@@@@@@@@@@@@@@@@
Debug: sparse nonlocal_op@@@@@@@@@@@@@@@@@@@@@@@@@@@@@@@@@@
Debug: sparse nonlocal_op@@@@@@@@@@@@@@@@@@@@@@@@@@@@@@@@@@
Debug: sparse nonlocal_op@@@@@@@@@@@@@@@@@@@@@@@@@@@@@@@@@@
Debug: sparse nonlocal_op@@@@@@@@@@@@@@@@@@@@@@@@@@@@@@@@@@
Debug: sparse nonlocal_op@@@@@@@@@@@@@@@@@@@@@@@@@@@@@@@@@@
Debug: sparse nonlocal_op@@@@@@@@@@@@@@@@@@@@@@@@@@@@@@@@@@
Debug: sparse nonlocal_op@@@@@@@@@@@@@@@@@@@@@@@@@@@@@@@@@@
Debug: sparse nonlocal_op@@@@@@@@@@@@@@@@@@@@@@@@@@@@@@@@@@
Debug: sparse nonlocal_op@@@@@@@@@@@@@@@@@@@@@@@@@@@@@@@@@@
Debug: sparse nonlocal_op@@@@@@@@@@@@@@@@@@@@@@@@@@@@@@@@@@
Debug: sparse nonlocal_op@@@@@@@@@@@@@@@@@@@@@@@@@@@@@@@@@@
Debug: sparse nonlocal_op@@@@@@@@@@@@@@@@@@@@@@@@@@@@@@@@@@
Debug: sparse nonlocal_op@@@@@@@@@@@@@@@@@@@@@@@@@@@@@@@@@@
Debug: sparse nonlocal_op@@@@@@@@@@@@@@@@@@@@@@@@@@@@@@@@@@
Elapsed time[calc_nonlocal_energy]: 0.03484749794006348 sec

============ Energy (Hartree) ============
|   Total Energy        : -43.7210811822 |
------------------------------------------
| * Ion-ion Energy      : 0.0            |
| * Eigenvals sum for 0 : -5.8028186609  |
| * Hartree Energy      : 1.953707319    |
| * XC Energy           : -13.806420807  |
| * Kinetic Energy      : 37.0183976928  |
| * External Energy     : -69.2703830913 |
| * Non-local Energy    : 0.3836177043   |
==========================================
Elapsed time[calc_and_print_energies]: 0.04375290870666504 sec
Total energy difference = -4.790617423382521 Hartree
Elapsed time for 2 th cycle: 1.4695911407470703 sec

==================== [ END CYCLE 2 ] ====================
Elapsed time[_get_mixed_var]: 7.2479248046875e-05 sec
Elapsed time[compute_potential]: 0.010932683944702148 sec
Elapsed time[compute]: 0.028974056243896484 sec

==================== [ SCF CYCLE 3 ] ====================
convg_tol is set to 1.3824e-06
Debug: sparse nonlocal_op@@@@@@@@@@@@@@@@@@@@@@@@@@@@@@@@@@
Elapsed time[diagonalize]: 1.2963840961456299 sec

[ PRINT EIGENVALUES ]
( spin alpha )
* 1 th kpt (=[0. 0. 0.])
num        occ        value
1          2.0        -0.6452890929593381
2          2.0        -0.33649988818353715
3          2.0        -0.336255297198746
4          2.0        -0.331400884615442
5          2.0        -0.32901940013628694
6          2.0        -0.3266552236763299
7          2.0        -0.32025601194056996
8          2.0        -0.1004921851008165
9          2.0        -0.09917124956243623
10         2.0        -0.09581291046245426
11         2.0        -0.09442465884463498
12         2.0        -0.09074331368372711
13         2.0        -0.08855875256375069
14         2.0        0.12890315370390862
15         2.0        0.13023557214284073
16         2.0        0.13158786581253784
17         0.0        0.319907776521615
18         0.0        0.32163527898253136
19         0.0        0.3278966541306511
20         0.0        0.33698243353353774


Integral of density (=31.999999999999954) is normalized to 32.00000000000001
Orbital energy difference = 0.19511410640792448
Density difference (relative) = 0.14141782426559188
Elapsed time[calc_external_energy]: 0.00015497207641601562 sec
Debug: sparse nonlocal_op@@@@@@@@@@@@@@@@@@@@@@@@@@@@@@@@@@
Debug: sparse nonlocal_op@@@@@@@@@@@@@@@@@@@@@@@@@@@@@@@@@@
Debug: sparse nonlocal_op@@@@@@@@@@@@@@@@@@@@@@@@@@@@@@@@@@
Debug: sparse nonlocal_op@@@@@@@@@@@@@@@@@@@@@@@@@@@@@@@@@@
Debug: sparse nonlocal_op@@@@@@@@@@@@@@@@@@@@@@@@@@@@@@@@@@
Debug: sparse nonlocal_op@@@@@@@@@@@@@@@@@@@@@@@@@@@@@@@@@@
Debug: sparse nonlocal_op@@@@@@@@@@@@@@@@@@@@@@@@@@@@@@@@@@
Debug: sparse nonlocal_op@@@@@@@@@@@@@@@@@@@@@@@@@@@@@@@@@@
Debug: sparse nonlocal_op@@@@@@@@@@@@@@@@@@@@@@@@@@@@@@@@@@
Debug: sparse nonlocal_op@@@@@@@@@@@@@@@@@@@@@@@@@@@@@@@@@@
Debug: sparse nonlocal_op@@@@@@@@@@@@@@@@@@@@@@@@@@@@@@@@@@
Debug: sparse nonlocal_op@@@@@@@@@@@@@@@@@@@@@@@@@@@@@@@@@@
Debug: sparse nonlocal_op@@@@@@@@@@@@@@@@@@@@@@@@@@@@@@@@@@
Debug: sparse nonlocal_op@@@@@@@@@@@@@@@@@@@@@@@@@@@@@@@@@@
Debug: sparse nonlocal_op@@@@@@@@@@@@@@@@@@@@@@@@@@@@@@@@@@
Debug: sparse nonlocal_op@@@@@@@@@@@@@@@@@@@@@@@@@@@@@@@@@@
Elapsed time[calc_nonlocal_energy]: 0.03498053550720215 sec

============ Energy (Hartree) ============
|   Total Energy        : -44.1141317322 |
------------------------------------------
| * Ion-ion Energy      : 0.0            |
| * Eigenvals sum for 0 : -5.6077045545  |
| * Hartree Energy      : 1.9038813395   |
| * XC Energy           : -13.9239232902 |
| * Kinetic Energy      : 36.7559629743  |
| * External Energy     : -69.1652487711 |
| * Non-local Energy    : 0.3151960155   |
==========================================
Elapsed time[calc_and_print_energies]: 0.044390201568603516 sec
Total energy difference = -0.3930505499786534 Hartree
Elapsed time for 3 th cycle: 1.3465807437896729 sec

==================== [ END CYCLE 3 ] ====================
Elapsed time[_get_mixed_var]: 0.0015683174133300781 sec
Elapsed time[compute_potential]: 0.013285636901855469 sec
Elapsed time[compute]: 0.03276252746582031 sec

==================== [ SCF CYCLE 4 ] ====================
convg_tol is set to 1.3824e-06
Debug: sparse nonlocal_op@@@@@@@@@@@@@@@@@@@@@@@@@@@@@@@@@@
Elapsed time[diagonalize]: 1.281078815460205 sec

[ PRINT EIGENVALUES ]
( spin alpha )
* 1 th kpt (=[0. 0. 0.])
num        occ        value
1          2.0        -0.6363321476745537
2          2.0        -0.32687504919667393
3          2.0        -0.32351363708939335
4          2.0        -0.3192267154202748
5          2.0        -0.31656946180717976
6          2.0        -0.3149533784218603
7          2.0        -0.31161495048092386
8          2.0        -0.08885663155883776
9          2.0        -0.08621205172383047
10         2.0        -0.08426999871939897
11         2.0        -0.08155828792996944
12         2.0        -0.0793347212563255
13         2.0        -0.07680767625409295
14         2.0        0.1436712846378618
15         2.0        0.1444836733826395
16         2.0        0.14591108235789926
17         0.0        0.3263149150959379
18         0.0        0.32838253696394476
19         0.0        0.33184015962211827
20         0.0        0.3411094530743385


Integral of density (=32.000000000000114) is normalized to 32.0
Orbital energy difference = 0.38358722022773506
Density difference (relative) = 0.0973371340109477
Elapsed time[calc_external_energy]: 5.936622619628906e-05 sec
Debug: sparse nonlocal_op@@@@@@@@@@@@@@@@@@@@@@@@@@@@@@@@@@
Debug: sparse nonlocal_op@@@@@@@@@@@@@@@@@@@@@@@@@@@@@@@@@@
Debug: sparse nonlocal_op@@@@@@@@@@@@@@@@@@@@@@@@@@@@@@@@@@
Debug: sparse nonlocal_op@@@@@@@@@@@@@@@@@@@@@@@@@@@@@@@@@@
Debug: sparse nonlocal_op@@@@@@@@@@@@@@@@@@@@@@@@@@@@@@@@@@
Debug: sparse nonlocal_op@@@@@@@@@@@@@@@@@@@@@@@@@@@@@@@@@@
Debug: sparse nonlocal_op@@@@@@@@@@@@@@@@@@@@@@@@@@@@@@@@@@
Debug: sparse nonlocal_op@@@@@@@@@@@@@@@@@@@@@@@@@@@@@@@@@@
Debug: sparse nonlocal_op@@@@@@@@@@@@@@@@@@@@@@@@@@@@@@@@@@
Debug: sparse nonlocal_op@@@@@@@@@@@@@@@@@@@@@@@@@@@@@@@@@@
Debug: sparse nonlocal_op@@@@@@@@@@@@@@@@@@@@@@@@@@@@@@@@@@
Debug: sparse nonlocal_op@@@@@@@@@@@@@@@@@@@@@@@@@@@@@@@@@@
Debug: sparse nonlocal_op@@@@@@@@@@@@@@@@@@@@@@@@@@@@@@@@@@
Debug: sparse nonlocal_op@@@@@@@@@@@@@@@@@@@@@@@@@@@@@@@@@@
Debug: sparse nonlocal_op@@@@@@@@@@@@@@@@@@@@@@@@@@@@@@@@@@
Debug: sparse nonlocal_op@@@@@@@@@@@@@@@@@@@@@@@@@@@@@@@@@@
Elapsed time[calc_nonlocal_energy]: 0.03511214256286621 sec

============ Energy (Hartree) ============
|   Total Energy        : -44.4161027578 |
------------------------------------------
| * Ion-ion Energy      : 0.0            |
| * Eigenvals sum for 0 : -5.2241173343  |
| * Hartree Energy      : 1.8615626864   |
| * XC Energy           : -14.0630376626 |
| * Kinetic Energy      : 36.4554872009  |
| * External Energy     : -68.9736747786 |
| * Non-local Energy    : 0.3035597962   |
==========================================
Elapsed time[calc_and_print_energies]: 0.04480290412902832 sec
Total energy difference = -0.3019710255914916 Hartree
Elapsed time for 4 th cycle: 1.329927921295166 sec

==================== [ END CYCLE 4 ] ====================
Elapsed time[_get_mixed_var]: 0.0005161762237548828 sec
Elapsed time[compute_potential]: 0.011101484298706055 sec
Elapsed time[compute]: 0.03087329864501953 sec

==================== [ SCF CYCLE 5 ] ====================
convg_tol is set to 1.3824e-06
Debug: sparse nonlocal_op@@@@@@@@@@@@@@@@@@@@@@@@@@@@@@@@@@
Elapsed time[diagonalize]: 1.2737030982971191 sec

[ PRINT EIGENVALUES ]
( spin alpha )
* 1 th kpt (=[0. 0. 0.])
num        occ        value
1          2.0        -0.6169687929360066
2          2.0        -0.29810664113114627
3          2.0        -0.2974834746083862
4          2.0        -0.29645550629403766
5          2.0        -0.2957291898383727
6          2.0        -0.2937951796556178
7          2.0        -0.2928274450106955
8          2.0        -0.060077154429049505
9          2.0        -0.0599284670708027
10         2.0        -0.059075577207242366
11         2.0        -0.05831896504075631
12         2.0        -0.057332538526965515
13         2.0        -0.05663451737900154
14         2.0        0.17447143362336717
15         2.0        0.175213793680514
16         2.0        0.17584958734275064
17         0.0        0.3436039451148759
18         0.0        0.3438576542891562
19         0.0        0.34534579232245766
20         0.0        0.3533779147900367


Integral of density (=31.999999999999964) is normalized to 32.0
Orbital energy difference = 0.7897200653469314
Density difference (relative) = 0.021936228695187222
Elapsed time[calc_external_energy]: 0.00010752677917480469 sec
Debug: sparse nonlocal_op@@@@@@@@@@@@@@@@@@@@@@@@@@@@@@@@@@
Debug: sparse nonlocal_op@@@@@@@@@@@@@@@@@@@@@@@@@@@@@@@@@@
Debug: sparse nonlocal_op@@@@@@@@@@@@@@@@@@@@@@@@@@@@@@@@@@
Debug: sparse nonlocal_op@@@@@@@@@@@@@@@@@@@@@@@@@@@@@@@@@@
Debug: sparse nonlocal_op@@@@@@@@@@@@@@@@@@@@@@@@@@@@@@@@@@
Debug: sparse nonlocal_op@@@@@@@@@@@@@@@@@@@@@@@@@@@@@@@@@@
Debug: sparse nonlocal_op@@@@@@@@@@@@@@@@@@@@@@@@@@@@@@@@@@
Debug: sparse nonlocal_op@@@@@@@@@@@@@@@@@@@@@@@@@@@@@@@@@@
Debug: sparse nonlocal_op@@@@@@@@@@@@@@@@@@@@@@@@@@@@@@@@@@
Debug: sparse nonlocal_op@@@@@@@@@@@@@@@@@@@@@@@@@@@@@@@@@@
Debug: sparse nonlocal_op@@@@@@@@@@@@@@@@@@@@@@@@@@@@@@@@@@
Debug: sparse nonlocal_op@@@@@@@@@@@@@@@@@@@@@@@@@@@@@@@@@@
Debug: sparse nonlocal_op@@@@@@@@@@@@@@@@@@@@@@@@@@@@@@@@@@
Debug: sparse nonlocal_op@@@@@@@@@@@@@@@@@@@@@@@@@@@@@@@@@@
Debug: sparse nonlocal_op@@@@@@@@@@@@@@@@@@@@@@@@@@@@@@@@@@
Debug: sparse nonlocal_op@@@@@@@@@@@@@@@@@@@@@@@@@@@@@@@@@@
Elapsed time[calc_nonlocal_energy]: 0.030237674713134766 sec

============ Energy (Hartree) ============
|   Total Energy        : -45.0337158463 |
------------------------------------------
| * Ion-ion Energy      : 0.0            |
| * Eigenvals sum for 0 : -4.434397269   |
| * Hartree Energy      : 1.7651237595   |
| * XC Energy           : -14.3848627851 |
| * Kinetic Energy      : 35.9425607778  |
| * External Energy     : -68.6373325844 |
| * Non-local Energy    : 0.2807949859   |
==========================================
Elapsed time[calc_and_print_energies]: 0.03891706466674805 sec
Total energy difference = -0.617613088493151 Hartree
Elapsed time for 5 th cycle: 1.3166913986206055 sec

==================== [ END CYCLE 5 ] ====================
Elapsed time[_get_mixed_var]: 0.0007088184356689453 sec
Elapsed time[compute_potential]: 0.011353731155395508 sec
Elapsed time[compute]: 0.02925872802734375 sec

==================== [ SCF CYCLE 6 ] ====================
convg_tol is set to 1.3824e-06
Debug: sparse nonlocal_op@@@@@@@@@@@@@@@@@@@@@@@@@@@@@@@@@@
Elapsed time[diagonalize]: 1.2755179405212402 sec

[ PRINT EIGENVALUES ]
( spin alpha )
* 1 th kpt (=[0. 0. 0.])
num        occ        value
1          2.0        -0.6166955164624668
2          2.0        -0.29612717956398843
3          2.0        -0.29598308873779094
4          2.0        -0.295830976548939
5          2.0        -0.29569020631775633
6          2.0        -0.29527071513221204
7          2.0        -0.2946781952166505
8          2.0        -0.05893289026606036
9          2.0        -0.05883652001633962
10         2.0        -0.05867893974470163
11         2.0        -0.05857545208342391
12         2.0        -0.058271186071835755
13         2.0        -0.057916384127194305
14         2.0        0.17483536708654113
15         2.0        0.17520934560287402
16         2.0        0.17551798229727666
17         0.0        0.3442956777636327
18         0.0        0.34446255605942294
19         0.0        0.3447820797518246
20         0.0        0.3464295796875765


Integral of density (=31.999999999999954) is normalized to 32.00000000000001
Orbital energy difference = 0.0025481583575626132
Density difference (relative) = 0.010780164977730771
Elapsed time[calc_external_energy]: 6.151199340820312e-05 sec
Debug: sparse nonlocal_op@@@@@@@@@@@@@@@@@@@@@@@@@@@@@@@@@@
Debug: sparse nonlocal_op@@@@@@@@@@@@@@@@@@@@@@@@@@@@@@@@@@
Debug: sparse nonlocal_op@@@@@@@@@@@@@@@@@@@@@@@@@@@@@@@@@@
Debug: sparse nonlocal_op@@@@@@@@@@@@@@@@@@@@@@@@@@@@@@@@@@
Debug: sparse nonlocal_op@@@@@@@@@@@@@@@@@@@@@@@@@@@@@@@@@@
Debug: sparse nonlocal_op@@@@@@@@@@@@@@@@@@@@@@@@@@@@@@@@@@
Debug: sparse nonlocal_op@@@@@@@@@@@@@@@@@@@@@@@@@@@@@@@@@@
Debug: sparse nonlocal_op@@@@@@@@@@@@@@@@@@@@@@@@@@@@@@@@@@
Debug: sparse nonlocal_op@@@@@@@@@@@@@@@@@@@@@@@@@@@@@@@@@@
Debug: sparse nonlocal_op@@@@@@@@@@@@@@@@@@@@@@@@@@@@@@@@@@
Debug: sparse nonlocal_op@@@@@@@@@@@@@@@@@@@@@@@@@@@@@@@@@@
Debug: sparse nonlocal_op@@@@@@@@@@@@@@@@@@@@@@@@@@@@@@@@@@
Debug: sparse nonlocal_op@@@@@@@@@@@@@@@@@@@@@@@@@@@@@@@@@@
Debug: sparse nonlocal_op@@@@@@@@@@@@@@@@@@@@@@@@@@@@@@@@@@
Debug: sparse nonlocal_op@@@@@@@@@@@@@@@@@@@@@@@@@@@@@@@@@@
Debug: sparse nonlocal_op@@@@@@@@@@@@@@@@@@@@@@@@@@@@@@@@@@
Elapsed time[calc_nonlocal_energy]: 0.03413248062133789 sec

============ Energy (Hartree) ============
|   Total Energy        : -45.026064469  |
------------------------------------------
| * Ion-ion Energy      : 0.0            |
| * Eigenvals sum for 0 : -4.4318491106  |
| * Hartree Energy      : 1.772927869    |
| * XC Energy           : -14.3878251122 |
| * Kinetic Energy      : 35.9518825023  |
| * External Energy     : -68.6434160777 |
| * Non-local Energy    : 0.2803663497   |
==========================================
Elapsed time[calc_and_print_energies]: 0.04238533973693848 sec
Total energy difference = 0.00765137730297738 Hartree
Elapsed time for 6 th cycle: 1.3218369483947754 sec

==================== [ END CYCLE 6 ] ====================
Elapsed time[_get_mixed_var]: 0.0004951953887939453 sec
Elapsed time[compute_potential]: 0.010631799697875977 sec
Elapsed time[compute]: 0.027477502822875977 sec

==================== [ SCF CYCLE 7 ] ====================
convg_tol is set to 1.3824e-06
Debug: sparse nonlocal_op@@@@@@@@@@@@@@@@@@@@@@@@@@@@@@@@@@
Elapsed time[diagonalize]: 1.2973666191101074 sec

[ PRINT EIGENVALUES ]
( spin alpha )
* 1 th kpt (=[0. 0. 0.])
num        occ        value
1          2.0        -0.6162017909181275
2          2.0        -0.29537425657815447
3          2.0        -0.29523739219283535
4          2.0        -0.29520279953845524
5          2.0        -0.2951630770076858
6          2.0        -0.29507756637380195
7          2.0        -0.29487893741618526
8          2.0        -0.0582871101890029
9          2.0        -0.05826478058816838
10         2.0        -0.05821879099284647
11         2.0        -0.05818025682001536
12         2.0        -0.058029007050857166
13         2.0        -0.05795840318750472
14         2.0        0.17548629386873613
15         2.0        0.17564959549583334
16         2.0        0.17578139176158475
17         0.0        0.34514231990813365
18         0.0        0.3452877406252049
19         0.0        0.345407214581422
20         0.0        0.3457578647524112


Integral of density (=32.000000000000036) is normalized to 32.0
Orbital energy difference = 0.013535335150362648
Density difference (relative) = 0.005830888105729006
Elapsed time[calc_external_energy]: 6.008148193359375e-05 sec
Debug: sparse nonlocal_op@@@@@@@@@@@@@@@@@@@@@@@@@@@@@@@@@@
Debug: sparse nonlocal_op@@@@@@@@@@@@@@@@@@@@@@@@@@@@@@@@@@
Debug: sparse nonlocal_op@@@@@@@@@@@@@@@@@@@@@@@@@@@@@@@@@@
Debug: sparse nonlocal_op@@@@@@@@@@@@@@@@@@@@@@@@@@@@@@@@@@
Debug: sparse nonlocal_op@@@@@@@@@@@@@@@@@@@@@@@@@@@@@@@@@@
Debug: sparse nonlocal_op@@@@@@@@@@@@@@@@@@@@@@@@@@@@@@@@@@
Debug: sparse nonlocal_op@@@@@@@@@@@@@@@@@@@@@@@@@@@@@@@@@@
Debug: sparse nonlocal_op@@@@@@@@@@@@@@@@@@@@@@@@@@@@@@@@@@
Debug: sparse nonlocal_op@@@@@@@@@@@@@@@@@@@@@@@@@@@@@@@@@@
Debug: sparse nonlocal_op@@@@@@@@@@@@@@@@@@@@@@@@@@@@@@@@@@
Debug: sparse nonlocal_op@@@@@@@@@@@@@@@@@@@@@@@@@@@@@@@@@@
Debug: sparse nonlocal_op@@@@@@@@@@@@@@@@@@@@@@@@@@@@@@@@@@
Debug: sparse nonlocal_op@@@@@@@@@@@@@@@@@@@@@@@@@@@@@@@@@@
Debug: sparse nonlocal_op@@@@@@@@@@@@@@@@@@@@@@@@@@@@@@@@@@
Debug: sparse nonlocal_op@@@@@@@@@@@@@@@@@@@@@@@@@@@@@@@@@@
Debug: sparse nonlocal_op@@@@@@@@@@@@@@@@@@@@@@@@@@@@@@@@@@
Elapsed time[calc_nonlocal_energy]: 0.036348819732666016 sec

============ Energy (Hartree) ============
|   Total Energy        : -45.0309373615 |
------------------------------------------
| * Ion-ion Energy      : 0.0            |
| * Eigenvals sum for 0 : -4.4183137755  |
| * Hartree Energy      : 1.7761970799   |
| * XC Energy           : -14.3956879821 |
| * Kinetic Energy      : 35.9505003016  |
| * External Energy     : -68.6425964402 |
| * Non-local Energy    : 0.2806496793   |
==========================================
Elapsed time[calc_and_print_energies]: 0.0452265739440918 sec
Total energy difference = -0.0048728925534149425 Hartree
Elapsed time for 7 th cycle: 1.346419334411621 sec

==================== [ END CYCLE 7 ] ====================
Elapsed time[_get_mixed_var]: 0.0004456043243408203 sec
Elapsed time[compute_potential]: 0.009966850280761719 sec
Elapsed time[compute]: 0.028157472610473633 sec

==================== [ SCF CYCLE 8 ] ====================
convg_tol is set to 1.3824e-06
Debug: sparse nonlocal_op@@@@@@@@@@@@@@@@@@@@@@@@@@@@@@@@@@
Elapsed time[diagonalize]: 1.360863208770752 sec

[ PRINT EIGENVALUES ]
( spin alpha )
* 1 th kpt (=[0. 0. 0.])
num        occ        value
1          2.0        -0.61583533437042
2          2.0        -0.29505612552774885
3          2.0        -0.29495168353243467
4          2.0        -0.29489952350788595
5          2.0        -0.29484424301323275
6          2.0        -0.29482431108658697
7          2.0        -0.2947563853320497
8          2.0        -0.0580395593928773
9          2.0        -0.058022552220997795
10         2.0        -0.05799111393837251
11         2.0        -0.05794902852885392
12         2.0        -0.05792525068300314
13         2.0        -0.05791410797120192
14         2.0        0.1758050547447145
15         2.0        0.17584263324658408
16         2.0        0.1758754671785517
17         0.0        0.34603088708433183
18         0.0        0.3460948094368324
19         0.0        0.3461131690457407
20         0.0        0.34622874748517063


Integral of density (=31.999999999999975) is normalized to 32.00000000000001
Orbital energy difference = 0.0073416475833418815
Density difference (relative) = 0.001680724755693624
Elapsed time[calc_external_energy]: 8.130073547363281e-05 sec
Debug: sparse nonlocal_op@@@@@@@@@@@@@@@@@@@@@@@@@@@@@@@@@@
Debug: sparse nonlocal_op@@@@@@@@@@@@@@@@@@@@@@@@@@@@@@@@@@
Debug: sparse nonlocal_op@@@@@@@@@@@@@@@@@@@@@@@@@@@@@@@@@@
Debug: sparse nonlocal_op@@@@@@@@@@@@@@@@@@@@@@@@@@@@@@@@@@
Debug: sparse nonlocal_op@@@@@@@@@@@@@@@@@@@@@@@@@@@@@@@@@@
Debug: sparse nonlocal_op@@@@@@@@@@@@@@@@@@@@@@@@@@@@@@@@@@
Debug: sparse nonlocal_op@@@@@@@@@@@@@@@@@@@@@@@@@@@@@@@@@@
Debug: sparse nonlocal_op@@@@@@@@@@@@@@@@@@@@@@@@@@@@@@@@@@
Debug: sparse nonlocal_op@@@@@@@@@@@@@@@@@@@@@@@@@@@@@@@@@@
Debug: sparse nonlocal_op@@@@@@@@@@@@@@@@@@@@@@@@@@@@@@@@@@
Debug: sparse nonlocal_op@@@@@@@@@@@@@@@@@@@@@@@@@@@@@@@@@@
Debug: sparse nonlocal_op@@@@@@@@@@@@@@@@@@@@@@@@@@@@@@@@@@
Debug: sparse nonlocal_op@@@@@@@@@@@@@@@@@@@@@@@@@@@@@@@@@@
Debug: sparse nonlocal_op@@@@@@@@@@@@@@@@@@@@@@@@@@@@@@@@@@
Debug: sparse nonlocal_op@@@@@@@@@@@@@@@@@@@@@@@@@@@@@@@@@@
Debug: sparse nonlocal_op@@@@@@@@@@@@@@@@@@@@@@@@@@@@@@@@@@
Elapsed time[calc_nonlocal_energy]: 0.035256147384643555 sec

============ Energy (Hartree) ============
|   Total Energy        : -45.0301553999 |
------------------------------------------
| * Ion-ion Energy      : 0.0            |
| * Eigenvals sum for 0 : -4.4109721279  |
| * Hartree Energy      : 1.7808823724   |
| * XC Energy           : -14.4013087506 |
| * Kinetic Energy      : 35.9543483322  |
| * External Energy     : -68.6452369448 |
| * Non-local Energy    : 0.2811595909   |
==========================================
Elapsed time[calc_and_print_energies]: 0.04341387748718262 sec
Total energy difference = 0.0007819616710662558 Hartree
Elapsed time for 8 th cycle: 1.4086740016937256 sec

==================== [ END CYCLE 8 ] ====================
Elapsed time[_get_mixed_var]: 0.0004057884216308594 sec
Elapsed time[compute_potential]: 0.009716510772705078 sec
Elapsed time[compute]: 0.027209758758544922 sec

==================== [ SCF CYCLE 9 ] ====================
convg_tol is set to 1.3824e-06
Debug: sparse nonlocal_op@@@@@@@@@@@@@@@@@@@@@@@@@@@@@@@@@@
Elapsed time[diagonalize]: 1.3814496994018555 sec

[ PRINT EIGENVALUES ]
( spin alpha )
* 1 th kpt (=[0. 0. 0.])
num        occ        value
1          2.0        -0.6159774561440169
2          2.0        -0.29510704472502297
3          2.0        -0.29509772309338705
4          2.0        -0.29508780320002237
5          2.0        -0.29506822111057307
6          2.0        -0.2950617334255328
7          2.0        -0.2950493585118365
8          2.0        -0.05820605359119159
9          2.0        -0.0582009552047993
10         2.0        -0.058192573695095604
11         2.0        -0.05818214243247359
12         2.0        -0.058174414472504286
13         2.0        -0.05816974632039047
14         2.0        0.17555744188469946
15         2.0        0.17557133649012974
16         2.0        0.17558560345875535
17         0.0        0.34600566563002083
18         0.0        0.34602183601337017
19         0.0        0.3460262293064939
20         0.0        0.34607571952756394


Integral of density (=32.00000000000001) is normalized to 32.0
Orbital energy difference = -0.006749560314893266
Density difference (relative) = 0.0007384106826009886
Elapsed time[calc_external_energy]: 0.00011563301086425781 sec
Debug: sparse nonlocal_op@@@@@@@@@@@@@@@@@@@@@@@@@@@@@@@@@@
Debug: sparse nonlocal_op@@@@@@@@@@@@@@@@@@@@@@@@@@@@@@@@@@
Debug: sparse nonlocal_op@@@@@@@@@@@@@@@@@@@@@@@@@@@@@@@@@@
Debug: sparse nonlocal_op@@@@@@@@@@@@@@@@@@@@@@@@@@@@@@@@@@
Debug: sparse nonlocal_op@@@@@@@@@@@@@@@@@@@@@@@@@@@@@@@@@@
Debug: sparse nonlocal_op@@@@@@@@@@@@@@@@@@@@@@@@@@@@@@@@@@
Debug: sparse nonlocal_op@@@@@@@@@@@@@@@@@@@@@@@@@@@@@@@@@@
Debug: sparse nonlocal_op@@@@@@@@@@@@@@@@@@@@@@@@@@@@@@@@@@
Debug: sparse nonlocal_op@@@@@@@@@@@@@@@@@@@@@@@@@@@@@@@@@@
Debug: sparse nonlocal_op@@@@@@@@@@@@@@@@@@@@@@@@@@@@@@@@@@
Debug: sparse nonlocal_op@@@@@@@@@@@@@@@@@@@@@@@@@@@@@@@@@@
Debug: sparse nonlocal_op@@@@@@@@@@@@@@@@@@@@@@@@@@@@@@@@@@
Debug: sparse nonlocal_op@@@@@@@@@@@@@@@@@@@@@@@@@@@@@@@@@@
Debug: sparse nonlocal_op@@@@@@@@@@@@@@@@@@@@@@@@@@@@@@@@@@
Debug: sparse nonlocal_op@@@@@@@@@@@@@@@@@@@@@@@@@@@@@@@@@@
Debug: sparse nonlocal_op@@@@@@@@@@@@@@@@@@@@@@@@@@@@@@@@@@
Elapsed time[calc_nonlocal_energy]: 0.03567314147949219 sec

============ Energy (Hartree) ============
|   Total Energy        : -45.0238543476 |
------------------------------------------
| * Ion-ion Energy      : 0.0            |
| * Eigenvals sum for 0 : -4.4177216882  |
| * Hartree Energy      : 1.7825806619   |
| * XC Energy           : -14.3986630074 |
| * Kinetic Energy      : 35.9593846678  |
| * External Energy     : -68.6485964163 |
| * Non-local Energy    : 0.2814397465   |
==========================================
Elapsed time[calc_and_print_energies]: 0.044708967208862305 sec
Total energy difference = 0.0063010522768323085 Hartree
Elapsed time for 9 th cycle: 1.4314513206481934 sec

==================== [ END CYCLE 9 ] ====================
Elapsed time[_get_mixed_var]: 0.0008039474487304688 sec
Elapsed time[compute_potential]: 0.01130366325378418 sec
Elapsed time[compute]: 0.02791762351989746 sec

==================== [ SCF CYCLE 10 ] ====================
convg_tol is set to 1.3824e-06
Debug: sparse nonlocal_op@@@@@@@@@@@@@@@@@@@@@@@@@@@@@@@@@@
Elapsed time[diagonalize]: 1.4283864498138428 sec

[ PRINT EIGENVALUES ]
( spin alpha )
* 1 th kpt (=[0. 0. 0.])
num        occ        value
1          2.0        -0.6160829692583896
2          2.0        -0.2952424839621897
3          2.0        -0.29522420523651377
4          2.0        -0.2952207472881218
5          2.0        -0.29521352010421487
6          2.0        -0.29519963979825453
7          2.0        -0.2951736734594217
8          2.0        -0.058347968834154953
9          2.0        -0.058342453210050334
10         2.0        -0.05833713923880095
11         2.0        -0.05833321761916192
12         2.0        -0.05832358784429137
13         2.0        -0.058321958277218755
14         2.0        0.17538677175997366
15         2.0        0.17538774343082494
16         2.0        0.1753897547696555
17         0.0        0.3459513632451303
18         0.0        0.3459542194218059
19         0.0        0.34596130080326304
20         0.0        0.345981371889361


Integral of density (=32.00000000000004) is normalized to 32.0
Orbital energy difference = -0.004676900154136909
Density difference (relative) = 0.00019364979118671424
Elapsed time[calc_external_energy]: 6.318092346191406e-05 sec
Debug: sparse nonlocal_op@@@@@@@@@@@@@@@@@@@@@@@@@@@@@@@@@@
Debug: sparse nonlocal_op@@@@@@@@@@@@@@@@@@@@@@@@@@@@@@@@@@
Debug: sparse nonlocal_op@@@@@@@@@@@@@@@@@@@@@@@@@@@@@@@@@@
Debug: sparse nonlocal_op@@@@@@@@@@@@@@@@@@@@@@@@@@@@@@@@@@
Debug: sparse nonlocal_op@@@@@@@@@@@@@@@@@@@@@@@@@@@@@@@@@@
Debug: sparse nonlocal_op@@@@@@@@@@@@@@@@@@@@@@@@@@@@@@@@@@
Debug: sparse nonlocal_op@@@@@@@@@@@@@@@@@@@@@@@@@@@@@@@@@@
Debug: sparse nonlocal_op@@@@@@@@@@@@@@@@@@@@@@@@@@@@@@@@@@
Debug: sparse nonlocal_op@@@@@@@@@@@@@@@@@@@@@@@@@@@@@@@@@@
Debug: sparse nonlocal_op@@@@@@@@@@@@@@@@@@@@@@@@@@@@@@@@@@
Debug: sparse nonlocal_op@@@@@@@@@@@@@@@@@@@@@@@@@@@@@@@@@@
Debug: sparse nonlocal_op@@@@@@@@@@@@@@@@@@@@@@@@@@@@@@@@@@
Debug: sparse nonlocal_op@@@@@@@@@@@@@@@@@@@@@@@@@@@@@@@@@@
Debug: sparse nonlocal_op@@@@@@@@@@@@@@@@@@@@@@@@@@@@@@@@@@
Debug: sparse nonlocal_op@@@@@@@@@@@@@@@@@@@@@@@@@@@@@@@@@@
Debug: sparse nonlocal_op@@@@@@@@@@@@@@@@@@@@@@@@@@@@@@@@@@
Elapsed time[calc_nonlocal_energy]: 0.034867286682128906 sec

============ Energy (Hartree) ============
|   Total Energy        : -45.0197744712 |
------------------------------------------
| * Ion-ion Energy      : 0.0            |
| * Eigenvals sum for 0 : -4.4223985883  |
| * Hartree Energy      : 1.7834962569   |
| * XC Energy           : -14.396730467  |
| * Kinetic Energy      : 35.9625917841  |
| * External Energy     : -68.6507319389 |
| * Non-local Energy    : 0.2815998937   |
==========================================
Elapsed time[calc_and_print_energies]: 0.04314613342285156 sec
Total energy difference = 0.004079876399302407 Hartree
Elapsed time for 10 th cycle: 1.4764714241027832 sec

==================== [ END CYCLE 10 ] ====================
Elapsed time[_get_mixed_var]: 0.0004737377166748047 sec
Elapsed time[compute_potential]: 0.010987520217895508 sec
Elapsed time[compute]: 0.026255369186401367 sec

==================== [ SCF CYCLE 11 ] ====================
convg_tol is set to 1.3824e-06
Debug: sparse nonlocal_op@@@@@@@@@@@@@@@@@@@@@@@@@@@@@@@@@@
Elapsed time[diagonalize]: 1.2708568572998047 sec

[ PRINT EIGENVALUES ]
( spin alpha )
* 1 th kpt (=[0. 0. 0.])
num        occ        value
1          2.0        -0.6161040776125962
2          2.0        -0.29525024697330465
3          2.0        -0.2952417799551639
4          2.0        -0.29523804724921215
5          2.0        -0.2952345826666004
6          2.0        -0.2952327849731406
7          2.0        -0.2952252272991173
8          2.0        -0.05836265113172809
9          2.0        -0.0583619446981862
10         2.0        -0.05836070519474102
11         2.0        -0.05835952304022671
12         2.0        -0.05835896164331916
13         2.0        -0.05835797827980239
14         2.0        0.17535383776748734
15         2.0        0.17535616479616425
16         2.0        0.17535947528796206
17         0.0        0.3459378457330744
18         0.0        0.34593839283402
19         0.0        0.345942487094978
20         0.0        0.34595051836969626


Integral of density (=32.000000000000064) is normalized to 32.0
Orbital energy difference = -0.0008394773903894759
Density difference (relative) = 7.56438546724559e-05
Elapsed time[calc_external_energy]: 6.127357482910156e-05 sec
Debug: sparse nonlocal_op@@@@@@@@@@@@@@@@@@@@@@@@@@@@@@@@@@
Debug: sparse nonlocal_op@@@@@@@@@@@@@@@@@@@@@@@@@@@@@@@@@@
Debug: sparse nonlocal_op@@@@@@@@@@@@@@@@@@@@@@@@@@@@@@@@@@
Debug: sparse nonlocal_op@@@@@@@@@@@@@@@@@@@@@@@@@@@@@@@@@@
Debug: sparse nonlocal_op@@@@@@@@@@@@@@@@@@@@@@@@@@@@@@@@@@
Debug: sparse nonlocal_op@@@@@@@@@@@@@@@@@@@@@@@@@@@@@@@@@@
Debug: sparse nonlocal_op@@@@@@@@@@@@@@@@@@@@@@@@@@@@@@@@@@
Debug: sparse nonlocal_op@@@@@@@@@@@@@@@@@@@@@@@@@@@@@@@@@@
Debug: sparse nonlocal_op@@@@@@@@@@@@@@@@@@@@@@@@@@@@@@@@@@
Debug: sparse nonlocal_op@@@@@@@@@@@@@@@@@@@@@@@@@@@@@@@@@@
Debug: sparse nonlocal_op@@@@@@@@@@@@@@@@@@@@@@@@@@@@@@@@@@
Debug: sparse nonlocal_op@@@@@@@@@@@@@@@@@@@@@@@@@@@@@@@@@@
Debug: sparse nonlocal_op@@@@@@@@@@@@@@@@@@@@@@@@@@@@@@@@@@
Debug: sparse nonlocal_op@@@@@@@@@@@@@@@@@@@@@@@@@@@@@@@@@@
Debug: sparse nonlocal_op@@@@@@@@@@@@@@@@@@@@@@@@@@@@@@@@@@
Debug: sparse nonlocal_op@@@@@@@@@@@@@@@@@@@@@@@@@@@@@@@@@@
Elapsed time[calc_nonlocal_energy]: 0.029811859130859375 sec

============ Energy (Hartree) ============
|   Total Energy        : -45.0191646806 |
------------------------------------------
| * Ion-ion Energy      : 0.0            |
| * Eigenvals sum for 0 : -4.4232380657  |
| * Hartree Energy      : 1.7835554605   |
| * XC Energy           : -14.3963465576 |
| * Kinetic Energy      : 35.9629996228  |
| * External Energy     : -68.6510100836 |
| * Non-local Energy    : 0.2816368774   |
==========================================
Elapsed time[calc_and_print_energies]: 0.03775620460510254 sec
Total energy difference = 0.0006097906338737857 Hartree
Elapsed time for 11 th cycle: 1.312117338180542 sec

==================== [ END CYCLE 11 ] ====================
Elapsed time[_get_mixed_var]: 0.0004131793975830078 sec
Elapsed time[compute_potential]: 0.00806570053100586 sec
Elapsed time[compute]: 0.022248506546020508 sec

==================== [ SCF CYCLE 12 ] ====================
convg_tol is set to 1.3824e-06
Debug: sparse nonlocal_op@@@@@@@@@@@@@@@@@@@@@@@@@@@@@@@@@@
Elapsed time[diagonalize]: 1.140627145767212 sec

[ PRINT EIGENVALUES ]
( spin alpha )
* 1 th kpt (=[0. 0. 0.])
num        occ        value
1          2.0        -0.6161048576721058
2          2.0        -0.29524055027292406
3          2.0        -0.2952387767405602
4          2.0        -0.2952376717057421
5          2.0        -0.2952371770733705
6          2.0        -0.29523651744277923
7          2.0        -0.29523545430116266
8          2.0        -0.05836185642999362
9          2.0        -0.05836143963951116
10         2.0        -0.05836050239348421
11         2.0        -0.0583602708252309
12         2.0        -0.05835993170322679
13         2.0        -0.0583596980849266
14         2.0        0.17535495660628578
15         2.0        0.17535639396557146
16         2.0        0.17535814913667505
17         0.0        0.34593789879567743
18         0.0        0.3459399069247925
19         0.0        0.34594106167129746
20         0.0        0.34594424389921696


Integral of density (=32.00000000000011) is normalized to 32.00000000000001
Orbital energy difference = -1.234342192102389e-05
Density difference (relative) = 3.9660261106922524e-05
Elapsed time[calc_external_energy]: 6.628036499023438e-05 sec
Debug: sparse nonlocal_op@@@@@@@@@@@@@@@@@@@@@@@@@@@@@@@@@@
Debug: sparse nonlocal_op@@@@@@@@@@@@@@@@@@@@@@@@@@@@@@@@@@
Debug: sparse nonlocal_op@@@@@@@@@@@@@@@@@@@@@@@@@@@@@@@@@@
Debug: sparse nonlocal_op@@@@@@@@@@@@@@@@@@@@@@@@@@@@@@@@@@
Debug: sparse nonlocal_op@@@@@@@@@@@@@@@@@@@@@@@@@@@@@@@@@@
Debug: sparse nonlocal_op@@@@@@@@@@@@@@@@@@@@@@@@@@@@@@@@@@
Debug: sparse nonlocal_op@@@@@@@@@@@@@@@@@@@@@@@@@@@@@@@@@@
Debug: sparse nonlocal_op@@@@@@@@@@@@@@@@@@@@@@@@@@@@@@@@@@
Debug: sparse nonlocal_op@@@@@@@@@@@@@@@@@@@@@@@@@@@@@@@@@@
Debug: sparse nonlocal_op@@@@@@@@@@@@@@@@@@@@@@@@@@@@@@@@@@
Debug: sparse nonlocal_op@@@@@@@@@@@@@@@@@@@@@@@@@@@@@@@@@@
Debug: sparse nonlocal_op@@@@@@@@@@@@@@@@@@@@@@@@@@@@@@@@@@
Debug: sparse nonlocal_op@@@@@@@@@@@@@@@@@@@@@@@@@@@@@@@@@@
Debug: sparse nonlocal_op@@@@@@@@@@@@@@@@@@@@@@@@@@@@@@@@@@
Debug: sparse nonlocal_op@@@@@@@@@@@@@@@@@@@@@@@@@@@@@@@@@@
Debug: sparse nonlocal_op@@@@@@@@@@@@@@@@@@@@@@@@@@@@@@@@@@
Elapsed time[calc_nonlocal_energy]: 0.030320167541503906 sec

============ Energy (Hartree) ============
|   Total Energy        : -45.019201042  |
------------------------------------------
| * Ion-ion Energy      : 0.0            |
| * Eigenvals sum for 0 : -4.4232504092  |
| * Hartree Energy      : 1.7835119677   |
| * XC Energy           : -14.3963288254 |
| * Kinetic Energy      : 35.9629595936  |
| * External Energy     : -68.6509851244 |
| * Non-local Energy    : 0.2816413465   |
==========================================
Elapsed time[calc_and_print_energies]: 0.03834056854248047 sec
Total energy difference = -3.636144412411113e-05 Hartree
Elapsed time for 12 th cycle: 1.1826159954071045 sec

==================== [ END CYCLE 12 ] ====================
Elapsed time[_get_mixed_var]: 0.00046753883361816406 sec
Elapsed time[compute_potential]: 0.010195016860961914 sec
Elapsed time[compute]: 0.02712535858154297 sec

==================== [ SCF CYCLE 13 ] ====================
convg_tol is set to 1.3824e-06
Debug: sparse nonlocal_op@@@@@@@@@@@@@@@@@@@@@@@@@@@@@@@@@@
Elapsed time[diagonalize]: 1.085392713546753 sec

[ PRINT EIGENVALUES ]
( spin alpha )
* 1 th kpt (=[0. 0. 0.])
num        occ        value
1          2.0        -0.6161021747650015
2          2.0        -0.2952363650990578
3          2.0        -0.29523541533394265
4          2.0        -0.29523496180277464
5          2.0        -0.2952343768589587
6          2.0        -0.2952338602874251
7          2.0        -0.29523238048268435
8          2.0        -0.05835786669906123
9          2.0        -0.058357621250259346
10         2.0        -0.058357445525127505
11         2.0        -0.05835724702505273
12         2.0        -0.058357021522910786
13         2.0        -0.05835642049850897
14         2.0        0.1753604386747898
15         2.0        0.17536088528628455
16         2.0        0.17536127321514483
17         0.0        0.3459417941231117
18         0.0        0.34594341882677887
19         0.0        0.3459437500896193
20         0.0        0.3459450793249178


Integral of density (=32.00000000000001) is normalized to 32.00000000000001
Orbital energy difference = 0.00010928920387875962
Density difference (relative) = 2.178528139285704e-05
Elapsed time[calc_external_energy]: 7.367134094238281e-05 sec
Debug: sparse nonlocal_op@@@@@@@@@@@@@@@@@@@@@@@@@@@@@@@@@@
Debug: sparse nonlocal_op@@@@@@@@@@@@@@@@@@@@@@@@@@@@@@@@@@
Debug: sparse nonlocal_op@@@@@@@@@@@@@@@@@@@@@@@@@@@@@@@@@@
Debug: sparse nonlocal_op@@@@@@@@@@@@@@@@@@@@@@@@@@@@@@@@@@
Debug: sparse nonlocal_op@@@@@@@@@@@@@@@@@@@@@@@@@@@@@@@@@@
Debug: sparse nonlocal_op@@@@@@@@@@@@@@@@@@@@@@@@@@@@@@@@@@
Debug: sparse nonlocal_op@@@@@@@@@@@@@@@@@@@@@@@@@@@@@@@@@@
Debug: sparse nonlocal_op@@@@@@@@@@@@@@@@@@@@@@@@@@@@@@@@@@
Debug: sparse nonlocal_op@@@@@@@@@@@@@@@@@@@@@@@@@@@@@@@@@@
Debug: sparse nonlocal_op@@@@@@@@@@@@@@@@@@@@@@@@@@@@@@@@@@
Debug: sparse nonlocal_op@@@@@@@@@@@@@@@@@@@@@@@@@@@@@@@@@@
Debug: sparse nonlocal_op@@@@@@@@@@@@@@@@@@@@@@@@@@@@@@@@@@
Debug: sparse nonlocal_op@@@@@@@@@@@@@@@@@@@@@@@@@@@@@@@@@@
Debug: sparse nonlocal_op@@@@@@@@@@@@@@@@@@@@@@@@@@@@@@@@@@
Debug: sparse nonlocal_op@@@@@@@@@@@@@@@@@@@@@@@@@@@@@@@@@@
Debug: sparse nonlocal_op@@@@@@@@@@@@@@@@@@@@@@@@@@@@@@@@@@
Elapsed time[calc_nonlocal_energy]: 0.03521537780761719 sec

============ Energy (Hartree) ============
|   Total Energy        : -45.0193079933 |
------------------------------------------
| * Ion-ion Energy      : 0.0            |
| * Eigenvals sum for 0 : -4.4231411199  |
| * Hartree Energy      : 1.7834778592   |
| * XC Energy           : -14.3963730876 |
| * Kinetic Energy      : 35.9628753559  |
| * External Energy     : -68.6509300931 |
| * Non-local Energy    : 0.2816419723   |
==========================================
Elapsed time[calc_and_print_energies]: 0.042905569076538086 sec
Total energy difference = -0.00010695125818216411 Hartree
Elapsed time for 13 th cycle: 1.1322131156921387 sec

==================== [ END CYCLE 13 ] ====================
Elapsed time[_get_mixed_var]: 0.00042438507080078125 sec
Elapsed time[compute_potential]: 0.010107755661010742 sec
Elapsed time[compute]: 0.02453017234802246 sec

==================== [ SCF CYCLE 14 ] ====================
convg_tol is set to 1.3824e-06
Debug: sparse nonlocal_op@@@@@@@@@@@@@@@@@@@@@@@@@@@@@@@@@@
Elapsed time[diagonalize]: 0.875746488571167 sec

[ PRINT EIGENVALUES ]
( spin alpha )
* 1 th kpt (=[0. 0. 0.])
num        occ        value
1          2.0        -0.6160999003584885
2          2.0        -0.29523270983504346
3          2.0        -0.2952324234373533
4          2.0        -0.29523228882873265
5          2.0        -0.2952321142009117
6          2.0        -0.29523189052121934
7          2.0        -0.295231504230164
8          2.0        -0.058355066997356236
9          2.0        -0.05835502734614746
10         2.0        -0.058354896593904436
11         2.0        -0.05835478267084349
12         2.0        -0.05835476167088666
13         2.0        -0.058354660309296744
14         2.0        0.17536367819638052
15         2.0        0.17536389588543397
16         2.0        0.1753641407228954
17         0.0        0.3459458068229778
18         0.0        0.34594625805576296
19         0.0        0.34594648328689137
20         0.0        0.34594728997627844


Integral of density (=31.99999999999996) is normalized to 32.00000000000001
Orbital energy difference = 8.049555781663997e-05
Density difference (relative) = 9.963528109826287e-06
Elapsed time[calc_external_energy]: 5.817413330078125e-05 sec
Debug: sparse nonlocal_op@@@@@@@@@@@@@@@@@@@@@@@@@@@@@@@@@@
Debug: sparse nonlocal_op@@@@@@@@@@@@@@@@@@@@@@@@@@@@@@@@@@
Debug: sparse nonlocal_op@@@@@@@@@@@@@@@@@@@@@@@@@@@@@@@@@@
Debug: sparse nonlocal_op@@@@@@@@@@@@@@@@@@@@@@@@@@@@@@@@@@
Debug: sparse nonlocal_op@@@@@@@@@@@@@@@@@@@@@@@@@@@@@@@@@@
Debug: sparse nonlocal_op@@@@@@@@@@@@@@@@@@@@@@@@@@@@@@@@@@
Debug: sparse nonlocal_op@@@@@@@@@@@@@@@@@@@@@@@@@@@@@@@@@@
Debug: sparse nonlocal_op@@@@@@@@@@@@@@@@@@@@@@@@@@@@@@@@@@
Debug: sparse nonlocal_op@@@@@@@@@@@@@@@@@@@@@@@@@@@@@@@@@@
Debug: sparse nonlocal_op@@@@@@@@@@@@@@@@@@@@@@@@@@@@@@@@@@
Debug: sparse nonlocal_op@@@@@@@@@@@@@@@@@@@@@@@@@@@@@@@@@@
Debug: sparse nonlocal_op@@@@@@@@@@@@@@@@@@@@@@@@@@@@@@@@@@
Debug: sparse nonlocal_op@@@@@@@@@@@@@@@@@@@@@@@@@@@@@@@@@@
Debug: sparse nonlocal_op@@@@@@@@@@@@@@@@@@@@@@@@@@@@@@@@@@
Debug: sparse nonlocal_op@@@@@@@@@@@@@@@@@@@@@@@@@@@@@@@@@@
Debug: sparse nonlocal_op@@@@@@@@@@@@@@@@@@@@@@@@@@@@@@@@@@
Elapsed time[calc_nonlocal_energy]: 0.028421401977539062 sec

============ Energy (Hartree) ============
|   Total Energy        : -45.0193703571 |
------------------------------------------
| * Ion-ion Energy      : 0.0            |
| * Eigenvals sum for 0 : -4.4230606244  |
| * Hartree Energy      : 1.7834669179   |
| * XC Energy           : -14.3964107065 |
| * Kinetic Energy      : 35.9628321664  |
| * External Energy     : -68.6509017922 |
| * Non-local Energy    : 0.2816430574   |
==========================================
Elapsed time[calc_and_print_energies]: 0.036438703536987305 sec
Total energy difference = -6.236388368563439e-05 Hartree
Elapsed time for 14 th cycle: 0.9153814315795898 sec

==================== [ END CYCLE 14 ] ====================
Elapsed time[_get_mixed_var]: 0.000431060791015625 sec
Elapsed time[compute_potential]: 0.010341882705688477 sec
Elapsed time[compute]: 0.024298429489135742 sec

==================== [ SCF CYCLE 15 ] ====================
convg_tol is set to 1.3824e-06
Debug: sparse nonlocal_op@@@@@@@@@@@@@@@@@@@@@@@@@@@@@@@@@@
Elapsed time[diagonalize]: 0.820249080657959 sec

[ PRINT EIGENVALUES ]
( spin alpha )
* 1 th kpt (=[0. 0. 0.])
num        occ        value
1          2.0        -0.6160995600342278
2          2.0        -0.2952323951643239
3          2.0        -0.29523210861205307
4          2.0        -0.29523206213766645
5          2.0        -0.2952318599992689
6          2.0        -0.295231709850817
7          2.0        -0.2952316215302327
8          2.0        -0.058354947801621926
9          2.0        -0.05835484795872532
10         2.0        -0.05835481198048645
11         2.0        -0.05835475981838334
12         2.0        -0.058354699733420806
13         2.0        -0.05835457570477769
14         2.0        0.17536380358416284
15         2.0        0.17536400235215246
16         2.0        0.1753642167772802
17         0.0        0.34594704428182527
18         0.0        0.345947197056197
19         0.0        0.34594725850150215
20         0.0        0.345947808664138


Integral of density (=32.00000000000006) is normalized to 32.0
Orbital energy difference = 4.749166455653153e-06
Density difference (relative) = 5.525310045196113e-06
Elapsed time[calc_external_energy]: 6.175041198730469e-05 sec
Debug: sparse nonlocal_op@@@@@@@@@@@@@@@@@@@@@@@@@@@@@@@@@@
Debug: sparse nonlocal_op@@@@@@@@@@@@@@@@@@@@@@@@@@@@@@@@@@
Debug: sparse nonlocal_op@@@@@@@@@@@@@@@@@@@@@@@@@@@@@@@@@@
Debug: sparse nonlocal_op@@@@@@@@@@@@@@@@@@@@@@@@@@@@@@@@@@
Debug: sparse nonlocal_op@@@@@@@@@@@@@@@@@@@@@@@@@@@@@@@@@@
Debug: sparse nonlocal_op@@@@@@@@@@@@@@@@@@@@@@@@@@@@@@@@@@
Debug: sparse nonlocal_op@@@@@@@@@@@@@@@@@@@@@@@@@@@@@@@@@@
Debug: sparse nonlocal_op@@@@@@@@@@@@@@@@@@@@@@@@@@@@@@@@@@
Debug: sparse nonlocal_op@@@@@@@@@@@@@@@@@@@@@@@@@@@@@@@@@@
Debug: sparse nonlocal_op@@@@@@@@@@@@@@@@@@@@@@@@@@@@@@@@@@
Debug: sparse nonlocal_op@@@@@@@@@@@@@@@@@@@@@@@@@@@@@@@@@@
Debug: sparse nonlocal_op@@@@@@@@@@@@@@@@@@@@@@@@@@@@@@@@@@
Debug: sparse nonlocal_op@@@@@@@@@@@@@@@@@@@@@@@@@@@@@@@@@@
Debug: sparse nonlocal_op@@@@@@@@@@@@@@@@@@@@@@@@@@@@@@@@@@
Debug: sparse nonlocal_op@@@@@@@@@@@@@@@@@@@@@@@@@@@@@@@@@@
Debug: sparse nonlocal_op@@@@@@@@@@@@@@@@@@@@@@@@@@@@@@@@@@
Elapsed time[calc_nonlocal_energy]: 0.03301715850830078 sec

============ Energy (Hartree) ============
|   Total Energy        : -45.019368088  |
------------------------------------------
| * Ion-ion Energy      : 0.0            |
| * Eigenvals sum for 0 : -4.4230558752  |
| * Hartree Energy      : 1.7834710823   |
| * XC Energy           : -14.3964154279 |
| * Kinetic Energy      : 35.9628391845  |
| * External Energy     : -68.6509068817 |
| * Non-local Energy    : 0.2816439549   |
==========================================
Elapsed time[calc_and_print_energies]: 0.04133129119873047 sec
Total energy difference = 2.2691540664254717e-06 Hartree
Elapsed time for 15 th cycle: 0.8660550117492676 sec

==================== [ END CYCLE 15 ] ====================
Elapsed time[_get_mixed_var]: 0.0003955364227294922 sec
Elapsed time[compute_potential]: 0.011157512664794922 sec
Elapsed time[compute]: 0.028786897659301758 sec

==================== [ SCF CYCLE 16 ] ====================
convg_tol is set to 1.3824e-06
Debug: sparse nonlocal_op@@@@@@@@@@@@@@@@@@@@@@@@@@@@@@@@@@
Elapsed time[diagonalize]: 0.6539418697357178 sec

[ PRINT EIGENVALUES ]
( spin alpha )
* 1 th kpt (=[0. 0. 0.])
num        occ        value
1          2.0        -0.6161000100819712
2          2.0        -0.2952329498976052
3          2.0        -0.295232762438652
4          2.0        -0.2952326372481374
5          2.0        -0.2952325385785365
6          2.0        -0.295232449569485
7          2.0        -0.2952323241704074
8          2.0        -0.05835565442168213
9          2.0        -0.05835557742140712
10         2.0        -0.05835554816174898
11         2.0        -0.058355524621022524
12         2.0        -0.05835547822461155
13         2.0        -0.05835541319829768
14         2.0        0.1753630242901293
15         2.0        0.17536304065437922
16         2.0        0.175363074017821
17         0.0        0.3459470945737036
18         0.0        0.3459471297631078
19         0.0        0.34594720160810843
20         0.0        0.34594750459379714


/home/jhwoo/.conda/envs/GOSPEL_torch/lib/python3.8/site-packages/scipy/sparse/_index.py:146: SparseEfficiencyWarning: Changing the sparsity structure of a csr_matrix is expensive. lil_matrix is more efficient.
  self._set_arrayXarray(i, j, x)
/home/jhwoo/programs/gospel/gospel/Eigensolver/Scipy.py:68: UserWarning: Exited at iteration 20 with accuracies 
[0.01007974 0.56101436 0.68463124 0.83585488 0.84517146 0.97679862
 1.08612401 0.7698879  0.87872814 1.15661152 1.24011774 1.12077046
 1.0970762  0.92697614 0.95928147 1.18956444 1.22095385 1.18531853
 1.46820857 1.21794991]
not reaching the requested tolerance 1.3824e-06.
  val, vec = lobpcg(
/home/jhwoo/programs/gospel/gospel/smearing_functions.py:11: RuntimeWarning: overflow encountered in exp
  return 1 / (np.exp(val) + 1)
/home/jhwoo/programs/gospel/gospel/Eigensolver/Scipy.py:68: UserWarning: Exited at iteration 20 with accuracies 
[0.00228807 0.05553029 0.05739031 0.0513557  0.07066092 0.09567581
 0.04205748 0.109247   0.09236829 0.09799796 0.11969331 0.10109629
 0.10827108 0.22534511 0.27743041 0.60481978 0.1278968  0.10639156
 0.13714988 0.14773378]
not reaching the requested tolerance 1.3824e-06.
  val, vec = lobpcg(
/home/jhwoo/programs/gospel/gospel/Eigensolver/Scipy.py:68: UserWarning: Exited at iteration 20 with accuracies 
[0.00024461 0.00248313 0.00235172 0.00116977 0.0024021  0.00372793
 0.00142268 0.00836482 0.00440567 0.00452314 0.00770106 0.00530649
 0.00599474 0.03819168 0.0608675  0.10439443 0.03465638 0.03206407
 0.09919485 0.10980704]
not reaching the requested tolerance 1.3824e-06.
  val, vec = lobpcg(
/home/jhwoo/programs/gospel/gospel/Eigensolver/Scipy.py:68: UserWarning: Exited at iteration 20 with accuracies 
[1.16569214e-04 2.57497547e-04 6.45791846e-04 3.03355373e-04
 4.71690129e-04 5.71002492e-04 3.91723489e-04 1.64860653e-03
 1.55204187e-03 1.18129484e-03 1.65702812e-03 7.41945604e-04
 1.73373570e-03 8.09906011e-03 1.23094059e-02 9.06415771e-03
 2.05683247e-02 2.95027035e-02 6.77864565e-02 1.42020899e-01]
not reaching the requested tolerance 1.3824e-06.
  val, vec = lobpcg(
/home/jhwoo/programs/gospel/gospel/Eigensolver/Scipy.py:68: UserWarning: Exited at iteration 20 with accuracies 
[0.00025991 0.00076244 0.00107626 0.00110928 0.00073253 0.00103412
 0.00117831 0.0031642  0.00107693 0.00143984 0.00178153 0.0024028
 0.00163135 0.00244308 0.00633056 0.00427755 0.02547147 0.03287683
 0.06546875 0.12984558]
not reaching the requested tolerance 1.3824e-06.
  val, vec = lobpcg(
/home/jhwoo/programs/gospel/gospel/Eigensolver/Scipy.py:68: UserWarning: Exited at iteration 20 with accuracies 
[5.63726447e-05 2.35291198e-04 1.77997985e-04 3.47702775e-04
 9.92701138e-05 3.21435317e-04 1.94017308e-04 2.88341101e-04
 3.14318062e-04 3.46744944e-04 3.81288226e-04 3.20418891e-04
 3.08882025e-04 2.39201864e-03 1.90527272e-03 2.23814829e-03
 2.04714507e-02 1.94386043e-02 4.04065744e-02 9.01691616e-02]
not reaching the requested tolerance 1.3824e-06.
  val, vec = lobpcg(
/home/jhwoo/programs/gospel/gospel/Eigensolver/Scipy.py:68: UserWarning: Exited at iteration 20 with accuracies 
[3.06071081e-05 5.75697533e-05 5.83179202e-05 4.21868607e-05
 7.47287977e-05 6.21027079e-05 8.44735456e-05 1.29006279e-04
 1.11909775e-04 9.92885059e-05 1.35568685e-04 1.96949298e-04
 1.22810930e-04 3.62221993e-04 3.73554926e-04 1.65667642e-04
 6.68335560e-03 6.26447257e-03 7.01917058e-03 2.45017087e-02]
not reaching the requested tolerance 1.3824e-06.
  val, vec = lobpcg(
/home/jhwoo/programs/gospel/gospel/Eigensolver/Scipy.py:68: UserWarning: Exited at iteration 20 with accuracies 
[2.96027964e-05 5.65879373e-05 4.67992411e-05 4.74986919e-05
 5.01505764e-05 5.25484523e-05 4.80555868e-05 9.74530002e-05
 5.62865737e-05 6.33918566e-05 1.05949415e-04 4.66971696e-05
 9.38949254e-05 3.27698470e-04 2.61227891e-04 2.26925878e-04
 5.75128736e-03 8.33905135e-03 7.36535247e-03 2.03084516e-02]
not reaching the requested tolerance 1.3824e-06.
  val, vec = lobpcg(
/home/jhwoo/programs/gospel/gospel/Eigensolver/Scipy.py:68: UserWarning: Exited at iteration 20 with accuracies 
[4.69070918e-06 2.03699169e-05 1.52447368e-05 1.44389067e-05
 1.06839968e-05 1.69613155e-05 1.31981280e-05 3.13674731e-05
 1.66630384e-05 4.21924805e-05 3.19914911e-05 2.75484146e-05
 3.67993672e-05 5.27604200e-05 5.51285999e-05 6.52909641e-05
 2.32256432e-03 3.12023052e-03 8.22322076e-04 8.42740219e-03]
not reaching the requested tolerance 1.3824e-06.
  val, vec = lobpcg(
/home/jhwoo/programs/gospel/gospel/Eigensolver/Scipy.py:68: UserWarning: Exited at iteration 20 with accuracies 
[1.82727778e-06 6.13633718e-06 8.52666309e-06 7.78194410e-06
 5.74254008e-06 8.31003275e-06 1.00639946e-05 1.09438344e-05
 8.43242236e-06 1.02518241e-05 1.59880737e-05 1.05938710e-05
 8.34716361e-06 3.90882175e-05 3.12577074e-05 2.66201080e-05
 2.74462258e-03 1.32117041e-03 2.83628896e-03 6.76098754e-03]
not reaching the requested tolerance 1.3824e-06.
  val, vec = lobpcg(
/home/jhwoo/programs/gospel/gospel/Eigensolver/Scipy.py:68: UserWarning: Exited at iteration 20 with accuracies 
[8.26126575e-07 1.96067622e-06 1.41587200e-06 1.93854555e-06
 1.97106398e-06 2.16224030e-06 2.38309929e-06 5.40479177e-06
 5.30177008e-06 4.04149310e-06 5.03893684e-06 5.21919097e-06
 3.75241319e-06 7.44927300e-06 5.90289186e-06 6.80229120e-06
 8.94347562e-04 1.10907821e-03 1.24547468e-03 2.90864772e-03]
not reaching the requested tolerance 1.3824e-06.
  val, vec = lobpcg(
/home/jhwoo/programs/gospel/gospel/Eigensolver/Scipy.py:68: UserWarning: Exited at iteration 20 with accuracies 
[6.15643364e-07 1.05525688e-06 9.41142629e-07 9.27077250e-07
 9.59149998e-07 9.88132620e-07 1.06772641e-06 1.88503261e-06
 1.02974649e-06 1.57986371e-06 1.10541255e-06 1.06525318e-06
 1.03469359e-06 5.27965821e-06 3.84191927e-06 2.95027813e-06
 7.84990025e-04 7.67007392e-04 8.02132980e-04 2.57966282e-03]
not reaching the requested tolerance 1.3824e-06.
  val, vec = lobpcg(
/home/jhwoo/programs/gospel/gospel/Eigensolver/Scipy.py:68: UserWarning: Exited at iteration 20 with accuracies 
[7.42665694e-07 8.34300332e-07 9.43686183e-07 8.89983846e-07
 8.01222391e-07 7.93086212e-07 8.51271706e-07 8.45668156e-07
 8.94790563e-07 1.04010798e-06 1.08961318e-06 9.39833798e-07
 9.84750015e-07 2.42371615e-06 1.71607892e-06 1.53649763e-06
 2.89690085e-04 4.51979440e-04 3.92245652e-04 1.36250765e-03]
not reaching the requested tolerance 1.3824e-06.
  val, vec = lobpcg(
/home/jhwoo/programs/gospel/gospel/Eigensolver/Scipy.py:68: UserWarning: Exited at iteration 20 with accuracies 
[1.07265182e-06 9.23882517e-07 1.05266235e-06 1.14501357e-06
 1.15334033e-06 1.12864746e-06 1.01658515e-06 1.19642153e-06
 1.34006297e-06 1.24813928e-06 1.21678959e-06 1.11114266e-06
 1.27244536e-06 1.22883631e-06 1.41457228e-06 1.25535835e-06
 2.19820036e-04 3.37652890e-04 1.78028177e-04 8.78297541e-04]
not reaching the requested tolerance 1.3824e-06.
  val, vec = lobpcg(
/home/jhwoo/programs/gospel/gospel/Eigensolver/Scipy.py:68: UserWarning: Exited at iteration 20 with accuracies 
[1.07078282e-06 1.00757048e-06 9.93482793e-07 8.93772670e-07
 1.02418703e-06 1.19078729e-06 1.01012693e-06 9.57966585e-07
 9.33582129e-07 9.24123619e-07 1.15775056e-06 1.02659148e-06
 9.59639405e-07 1.02448699e-06 9.79681527e-07 1.13998975e-06
 1.88764411e-04 1.31602978e-04 9.61117789e-05 6.70932316e-04]
not reaching the requested tolerance 1.3824e-06.
  val, vec = lobpcg(
/home/jhwoo/programs/gospel/gospel/Eigensolver/Scipy.py:68: UserWarning: Exited at iteration 20 with accuracies 
[1.21776594e-06 8.96247354e-07 1.15094089e-06 1.20021920e-06
 1.13160117e-06 9.61794340e-07 1.03869088e-06 1.13705326e-06
 1.23075535e-06 1.27381173e-06 1.28072063e-06 1.13499852e-06
 1.14015828e-06 1.18596478e-06 1.30216826e-06 1.30981915e-06
 1.26428335e-04 9.80586688e-05 1.19135023e-04 4.57914969e-04]
not reaching the requested tolerance 1.3824e-06.
  val, vec = lobpcg(
Integral of density (=31.99999999999999) is normalized to 32.00000000000001
Orbital energy difference = -2.3582917649811463e-05
Density difference (relative) = 2.5768470868752493e-06
Elapsed time[calc_external_energy]: 0.00010132789611816406 sec
Debug: sparse nonlocal_op@@@@@@@@@@@@@@@@@@@@@@@@@@@@@@@@@@
Debug: sparse nonlocal_op@@@@@@@@@@@@@@@@@@@@@@@@@@@@@@@@@@
Debug: sparse nonlocal_op@@@@@@@@@@@@@@@@@@@@@@@@@@@@@@@@@@
Debug: sparse nonlocal_op@@@@@@@@@@@@@@@@@@@@@@@@@@@@@@@@@@
Debug: sparse nonlocal_op@@@@@@@@@@@@@@@@@@@@@@@@@@@@@@@@@@
Debug: sparse nonlocal_op@@@@@@@@@@@@@@@@@@@@@@@@@@@@@@@@@@
Debug: sparse nonlocal_op@@@@@@@@@@@@@@@@@@@@@@@@@@@@@@@@@@
Debug: sparse nonlocal_op@@@@@@@@@@@@@@@@@@@@@@@@@@@@@@@@@@
Debug: sparse nonlocal_op@@@@@@@@@@@@@@@@@@@@@@@@@@@@@@@@@@
Debug: sparse nonlocal_op@@@@@@@@@@@@@@@@@@@@@@@@@@@@@@@@@@
Debug: sparse nonlocal_op@@@@@@@@@@@@@@@@@@@@@@@@@@@@@@@@@@
Debug: sparse nonlocal_op@@@@@@@@@@@@@@@@@@@@@@@@@@@@@@@@@@
Debug: sparse nonlocal_op@@@@@@@@@@@@@@@@@@@@@@@@@@@@@@@@@@
Debug: sparse nonlocal_op@@@@@@@@@@@@@@@@@@@@@@@@@@@@@@@@@@
Debug: sparse nonlocal_op@@@@@@@@@@@@@@@@@@@@@@@@@@@@@@@@@@
Debug: sparse nonlocal_op@@@@@@@@@@@@@@@@@@@@@@@@@@@@@@@@@@
Elapsed time[calc_nonlocal_energy]: 0.03153657913208008 sec

============ Energy (Hartree) ============
|   Total Energy        : -45.0193472612 |
------------------------------------------
| * Ion-ion Energy      : 0.0            |
| * Eigenvals sum for 0 : -4.4230794581  |
| * Hartree Energy      : 1.7834796139   |
| * XC Energy           : -14.3964068232 |
| * Kinetic Energy      : 35.9628452342  |
| * External Energy     : -68.6509125866 |
| * Non-local Energy    : 0.2816473006   |
==========================================
Elapsed time[calc_and_print_energies]: 0.03997230529785156 sec
Total energy difference = 2.082679610282412e-05 Hartree
Elapsed time for 16 th cycle: 0.6975698471069336 sec

==================== [ END CYCLE 16 ] ====================
Elapsed time[_get_mixed_var]: 0.0007505416870117188 sec
Elapsed time[compute_potential]: 0.010438203811645508 sec
Elapsed time[compute]: 0.030155420303344727 sec

==================== [ SCF CYCLE 17 ] ====================
convg_tol is set to 1.3824e-06
Debug: sparse nonlocal_op@@@@@@@@@@@@@@@@@@@@@@@@@@@@@@@@@@
Elapsed time[diagonalize]: 0.6400222778320312 sec

[ PRINT EIGENVALUES ]
( spin alpha )
* 1 th kpt (=[0. 0. 0.])
num        occ        value
1          2.0        -0.6161003133756091
2          2.0        -0.29523313994282396
3          2.0        -0.29523308985915664
4          2.0        -0.29523302534774604
5          2.0        -0.2952329652869935
6          2.0        -0.2952329426693761
7          2.0        -0.2952328780551824
8          2.0        -0.058356022211406296
9          2.0        -0.05835599918151035
10         2.0        -0.058355979063701234
11         2.0        -0.058355958663942595
12         2.0        -0.05835595096435338
13         2.0        -0.05835593596730529
14         2.0        0.17536243421187267
15         2.0        0.17536248673028978
16         2.0        0.17536256467137876
17         0.0        0.3459469590517087
18         0.0        0.3459470302491171
19         0.0        0.3459470605896679
20         0.0        0.34594720949314073


Integral of density (=32.000000000000014) is normalized to 32.00000000000001
Orbital energy difference = -1.3971808661139562e-05
Density difference (relative) = 1.3879750393343536e-06
Elapsed time[calc_external_energy]: 5.650520324707031e-05 sec
Debug: sparse nonlocal_op@@@@@@@@@@@@@@@@@@@@@@@@@@@@@@@@@@
Debug: sparse nonlocal_op@@@@@@@@@@@@@@@@@@@@@@@@@@@@@@@@@@
Debug: sparse nonlocal_op@@@@@@@@@@@@@@@@@@@@@@@@@@@@@@@@@@
Debug: sparse nonlocal_op@@@@@@@@@@@@@@@@@@@@@@@@@@@@@@@@@@
Debug: sparse nonlocal_op@@@@@@@@@@@@@@@@@@@@@@@@@@@@@@@@@@
Debug: sparse nonlocal_op@@@@@@@@@@@@@@@@@@@@@@@@@@@@@@@@@@
Debug: sparse nonlocal_op@@@@@@@@@@@@@@@@@@@@@@@@@@@@@@@@@@
Debug: sparse nonlocal_op@@@@@@@@@@@@@@@@@@@@@@@@@@@@@@@@@@
Debug: sparse nonlocal_op@@@@@@@@@@@@@@@@@@@@@@@@@@@@@@@@@@
Debug: sparse nonlocal_op@@@@@@@@@@@@@@@@@@@@@@@@@@@@@@@@@@
Debug: sparse nonlocal_op@@@@@@@@@@@@@@@@@@@@@@@@@@@@@@@@@@
Debug: sparse nonlocal_op@@@@@@@@@@@@@@@@@@@@@@@@@@@@@@@@@@
Debug: sparse nonlocal_op@@@@@@@@@@@@@@@@@@@@@@@@@@@@@@@@@@
Debug: sparse nonlocal_op@@@@@@@@@@@@@@@@@@@@@@@@@@@@@@@@@@
Debug: sparse nonlocal_op@@@@@@@@@@@@@@@@@@@@@@@@@@@@@@@@@@
Debug: sparse nonlocal_op@@@@@@@@@@@@@@@@@@@@@@@@@@@@@@@@@@
Elapsed time[calc_nonlocal_energy]: 0.032438039779663086 sec

============ Energy (Hartree) ============
|   Total Energy        : -45.0193346348 |
------------------------------------------
| * Ion-ion Energy      : 0.0            |
| * Eigenvals sum for 0 : -4.42309343    |
| * Hartree Energy      : 1.7834823141   |
| * XC Energy           : -14.3964011816 |
| * Kinetic Energy      : 35.9628609229  |
| * External Energy     : -68.6509214052 |
| * Non-local Energy    : 0.281644715    |
==========================================
Elapsed time[calc_and_print_energies]: 0.04079580307006836 sec
Total energy difference = 1.2626378541824579e-05 Hartree
Elapsed time for 17 th cycle: 0.6847562789916992 sec

==================== [ END CYCLE 17 ] ====================
Elapsed time[_get_mixed_var]: 0.0004482269287109375 sec
Elapsed time[compute_potential]: 0.01042318344116211 sec
Elapsed time[compute]: 0.027738094329833984 sec

==================== [ SCF CYCLE 18 ] ====================
convg_tol is set to 1.3824e-06
Debug: sparse nonlocal_op@@@@@@@@@@@@@@@@@@@@@@@@@@@@@@@@@@
Elapsed time[diagonalize]: 0.6106085777282715 sec

[ PRINT EIGENVALUES ]
( spin alpha )
* 1 th kpt (=[0. 0. 0.])
num        occ        value
1          2.0        -0.6161003129780299
2          2.0        -0.29523305152415236
3          2.0        -0.29523301175877753
4          2.0        -0.29523300071843056
5          2.0        -0.2952329920833239
6          2.0        -0.2952329734631607
7          2.0        -0.2952329039579612
8          2.0        -0.058355972215775515
9          2.0        -0.05835596389114037
10         2.0        -0.05835595311948039
11         2.0        -0.05835594137402019
12         2.0        -0.05835593223329337
13         2.0        -0.05835590240535695
14         2.0        0.1753625099316969
15         2.0        0.17536253927928816
16         2.0        0.17536257877230116
17         0.0        0.34594693906585416
18         0.0        0.3459470125331557
19         0.0        0.3459470391685847
20         0.0        0.3459471153212917


Integral of density (=31.999999999999986) is normalized to 32.0
Orbital energy difference = 8.624718983440971e-07
Density difference (relative) = 8.381678069799655e-07
Elapsed time[calc_external_energy]: 6.532669067382812e-05 sec
Debug: sparse nonlocal_op@@@@@@@@@@@@@@@@@@@@@@@@@@@@@@@@@@
Debug: sparse nonlocal_op@@@@@@@@@@@@@@@@@@@@@@@@@@@@@@@@@@
Debug: sparse nonlocal_op@@@@@@@@@@@@@@@@@@@@@@@@@@@@@@@@@@
Debug: sparse nonlocal_op@@@@@@@@@@@@@@@@@@@@@@@@@@@@@@@@@@
Debug: sparse nonlocal_op@@@@@@@@@@@@@@@@@@@@@@@@@@@@@@@@@@
Debug: sparse nonlocal_op@@@@@@@@@@@@@@@@@@@@@@@@@@@@@@@@@@
Debug: sparse nonlocal_op@@@@@@@@@@@@@@@@@@@@@@@@@@@@@@@@@@
Debug: sparse nonlocal_op@@@@@@@@@@@@@@@@@@@@@@@@@@@@@@@@@@
Debug: sparse nonlocal_op@@@@@@@@@@@@@@@@@@@@@@@@@@@@@@@@@@
Debug: sparse nonlocal_op@@@@@@@@@@@@@@@@@@@@@@@@@@@@@@@@@@
Debug: sparse nonlocal_op@@@@@@@@@@@@@@@@@@@@@@@@@@@@@@@@@@
Debug: sparse nonlocal_op@@@@@@@@@@@@@@@@@@@@@@@@@@@@@@@@@@
Debug: sparse nonlocal_op@@@@@@@@@@@@@@@@@@@@@@@@@@@@@@@@@@
Debug: sparse nonlocal_op@@@@@@@@@@@@@@@@@@@@@@@@@@@@@@@@@@
Debug: sparse nonlocal_op@@@@@@@@@@@@@@@@@@@@@@@@@@@@@@@@@@
Debug: sparse nonlocal_op@@@@@@@@@@@@@@@@@@@@@@@@@@@@@@@@@@
Elapsed time[calc_nonlocal_energy]: 0.03863406181335449 sec

============ Energy (Hartree) ============
|   Total Energy        : -45.019336179  |
------------------------------------------
| * Ion-ion Energy      : 0.0            |
| * Eigenvals sum for 0 : -4.4230925675  |
| * Hartree Energy      : 1.7834807645   |
| * XC Energy           : -14.3964011644 |
| * Kinetic Energy      : 35.9628612166  |
| * External Energy     : -68.6509214374 |
| * Non-local Energy    : 0.2816444418   |
==========================================
Elapsed time[calc_and_print_energies]: 0.048049211502075195 sec
Total energy difference = -1.5441498462109848e-06 Hartree
Elapsed time for 18 th cycle: 0.6626322269439697 sec

==================== [ END CYCLE 18 ] ====================
Elapsed time[_get_mixed_var]: 0.0004279613494873047 sec
Elapsed time[compute_potential]: 0.010153532028198242 sec
Elapsed time[compute]: 0.025101900100708008 sec

==================== [ SCF CYCLE 19 ] ====================
convg_tol is set to 1.3824e-06
Debug: sparse nonlocal_op@@@@@@@@@@@@@@@@@@@@@@@@@@@@@@@@@@
Elapsed time[diagonalize]: 0.5756919384002686 sec

[ PRINT EIGENVALUES ]
( spin alpha )
* 1 th kpt (=[0. 0. 0.])
num        occ        value
1          2.0        -0.6161003092024746
2          2.0        -0.2952330761276101
3          2.0        -0.29523302784760735
4          2.0        -0.2952330037530711
5          2.0        -0.29523297036243407
6          2.0        -0.29523294696064767
7          2.0        -0.2952328638563899
8          2.0        -0.05835596642142278
9          2.0        -0.058355954749320864
10         2.0        -0.05835594526615681
11         2.0        -0.05835593025438844
12         2.0        -0.058355918886055985
13         2.0        -0.058355886686905965
14         2.0        0.1753625452603245
15         2.0        0.175362561592673
16         2.0        0.17536258089554863
17         0.0        0.34594696844564415
18         0.0        0.34594703062473
19         0.0        0.34594705058363895
20         0.0        0.34594708928745244


/home/jhwoo/programs/gospel/gospel/Eigensolver/Scipy.py:68: UserWarning: Exited at iteration 20 with accuracies 
[1.23385762e-06 1.20245043e-06 1.16543919e-06 1.06157174e-06
 1.28402669e-06 1.02753306e-06 1.09645810e-06 1.06653244e-06
 1.18903348e-06 1.10509567e-06 1.25319273e-06 1.19242690e-06
 1.26389079e-06 1.13228472e-06 1.26093746e-06 1.29821734e-06
 8.25581159e-05 1.05236488e-04 6.93005758e-05 4.09806433e-04]
not reaching the requested tolerance 1.3824e-06.
  val, vec = lobpcg(
/home/jhwoo/programs/gospel/gospel/Eigensolver/Scipy.py:68: UserWarning: Exited at iteration 20 with accuracies 
[1.20406529e-06 1.28210395e-06 1.05482096e-06 1.05060842e-06
 9.74829315e-07 1.20835405e-06 9.16387377e-07 1.18809419e-06
 1.21818434e-06 1.16178839e-06 1.19881077e-06 1.14397450e-06
 1.11953020e-06 1.10421186e-06 1.27510214e-06 1.25505732e-06
 7.61197070e-05 6.44021551e-05 7.87746191e-05 2.81770327e-04]
not reaching the requested tolerance 1.3824e-06.
  val, vec = lobpcg(
/home/jhwoo/programs/gospel/gospel/Eigensolver/Scipy.py:68: UserWarning: Exited at iteration 20 with accuracies 
[1.19066281e-06 1.11874418e-06 1.06712246e-06 9.80035076e-07
 1.30059133e-06 1.20893668e-06 8.19821107e-07 1.16046782e-06
 1.23034994e-06 1.23755546e-06 1.21902797e-06 1.08639946e-06
 1.04644518e-06 1.08644486e-06 1.31929915e-06 1.21361243e-06
 3.69737825e-05 7.30979556e-05 8.77353793e-05 2.25250938e-04]
not reaching the requested tolerance 1.3824e-06.
  val, vec = lobpcg(
Integral of density (=31.999999999999954) is normalized to 32.00000000000001
Orbital energy difference = 3.4222735401101545e-07
Density difference (relative) = 4.805501314036481e-07
Elapsed time[calc_external_energy]: 6.175041198730469e-05 sec
Debug: sparse nonlocal_op@@@@@@@@@@@@@@@@@@@@@@@@@@@@@@@@@@
Debug: sparse nonlocal_op@@@@@@@@@@@@@@@@@@@@@@@@@@@@@@@@@@
Debug: sparse nonlocal_op@@@@@@@@@@@@@@@@@@@@@@@@@@@@@@@@@@
Debug: sparse nonlocal_op@@@@@@@@@@@@@@@@@@@@@@@@@@@@@@@@@@
Debug: sparse nonlocal_op@@@@@@@@@@@@@@@@@@@@@@@@@@@@@@@@@@
Debug: sparse nonlocal_op@@@@@@@@@@@@@@@@@@@@@@@@@@@@@@@@@@
Debug: sparse nonlocal_op@@@@@@@@@@@@@@@@@@@@@@@@@@@@@@@@@@
Debug: sparse nonlocal_op@@@@@@@@@@@@@@@@@@@@@@@@@@@@@@@@@@
Debug: sparse nonlocal_op@@@@@@@@@@@@@@@@@@@@@@@@@@@@@@@@@@
Debug: sparse nonlocal_op@@@@@@@@@@@@@@@@@@@@@@@@@@@@@@@@@@
Debug: sparse nonlocal_op@@@@@@@@@@@@@@@@@@@@@@@@@@@@@@@@@@
Debug: sparse nonlocal_op@@@@@@@@@@@@@@@@@@@@@@@@@@@@@@@@@@
Debug: sparse nonlocal_op@@@@@@@@@@@@@@@@@@@@@@@@@@@@@@@@@@
Debug: sparse nonlocal_op@@@@@@@@@@@@@@@@@@@@@@@@@@@@@@@@@@
Debug: sparse nonlocal_op@@@@@@@@@@@@@@@@@@@@@@@@@@@@@@@@@@
Debug: sparse nonlocal_op@@@@@@@@@@@@@@@@@@@@@@@@@@@@@@@@@@
Elapsed time[calc_nonlocal_energy]: 0.031275272369384766 sec

============ Energy (Hartree) ============
|   Total Energy        : -45.0193369232 |
------------------------------------------
| * Ion-ion Energy      : 0.0            |
| * Eigenvals sum for 0 : -4.4230922253  |
| * Hartree Energy      : 1.783479962    |
| * XC Energy           : -14.3964011489 |
| * Kinetic Energy      : 35.9628610995  |
| * External Energy     : -68.650921436  |
| * Non-local Energy    : 0.2816446002   |
==========================================
Elapsed time[calc_and_print_energies]: 0.03899192810058594 sec
Total energy difference = -7.442167699878155e-07 Hartree
Elapsed time for 19 th cycle: 0.6185686588287354 sec

==================== [ END CYCLE 19 ] ====================
SCF CONVERGED with 19 iters!!
Elapsed time[calc_external_energy]: 7.62939453125e-05 sec
Debug: sparse nonlocal_op@@@@@@@@@@@@@@@@@@@@@@@@@@@@@@@@@@
Debug: sparse nonlocal_op@@@@@@@@@@@@@@@@@@@@@@@@@@@@@@@@@@
Debug: sparse nonlocal_op@@@@@@@@@@@@@@@@@@@@@@@@@@@@@@@@@@
Debug: sparse nonlocal_op@@@@@@@@@@@@@@@@@@@@@@@@@@@@@@@@@@
Debug: sparse nonlocal_op@@@@@@@@@@@@@@@@@@@@@@@@@@@@@@@@@@
Debug: sparse nonlocal_op@@@@@@@@@@@@@@@@@@@@@@@@@@@@@@@@@@
Debug: sparse nonlocal_op@@@@@@@@@@@@@@@@@@@@@@@@@@@@@@@@@@
Debug: sparse nonlocal_op@@@@@@@@@@@@@@@@@@@@@@@@@@@@@@@@@@
Debug: sparse nonlocal_op@@@@@@@@@@@@@@@@@@@@@@@@@@@@@@@@@@
Debug: sparse nonlocal_op@@@@@@@@@@@@@@@@@@@@@@@@@@@@@@@@@@
Debug: sparse nonlocal_op@@@@@@@@@@@@@@@@@@@@@@@@@@@@@@@@@@
Debug: sparse nonlocal_op@@@@@@@@@@@@@@@@@@@@@@@@@@@@@@@@@@
Debug: sparse nonlocal_op@@@@@@@@@@@@@@@@@@@@@@@@@@@@@@@@@@
Debug: sparse nonlocal_op@@@@@@@@@@@@@@@@@@@@@@@@@@@@@@@@@@
Debug: sparse nonlocal_op@@@@@@@@@@@@@@@@@@@@@@@@@@@@@@@@@@
Debug: sparse nonlocal_op@@@@@@@@@@@@@@@@@@@@@@@@@@@@@@@@@@
Elapsed time[calc_nonlocal_energy]: 0.029209613800048828 sec

============ Energy (Hartree) ============
|   Total Energy        : -45.0193369232 |
------------------------------------------
| * Ion-ion Energy      : 0.0            |
| * Eigenvals sum for 0 : -4.4230922253  |
| * Hartree Energy      : 1.783479962    |
| * XC Energy           : -14.3964011489 |
| * Kinetic Energy      : 35.9628610995  |
| * External Energy     : -68.650921436  |
| * Non-local Energy    : 0.2816446002   |
==========================================
Elapsed time[calc_and_print_energies]: 0.036696672439575195 sec
Total Energy: -45.019336923174244 Ha
Fermi Level : 6.141369398851152 eV
Gap: 4.642 eV
Transition (v -> c):
  (s=0, k=0, n=15, [0.00, 0.00, 0.00]) -> (s=0, k=0, n=16, [0.00, 0.00, 0.00])
Elapsed time[calc_nonlocal_forces]: 0.09180736541748047 sec
Debug: Make small grid Time: 0.031164169311523438 sec
Elapsed time[calc_short_forces]: 0.09556388854980469 sec
Debug: Make small grid Time: 0.02086496353149414 sec
Elapsed time[get_comp_forces]: 0.03240823745727539 sec
Elapsed time[get_comp_comp_forces]: 0.04707503318786621 sec
Elapsed time[get_forces_correction]: 0.07952046394348145 sec
'Debug:'
'  F_NN   = \n0.0'
('  F_NL   = \n'
 '[[ 7.01416664e-07  3.94928233e-07 -3.15419331e-07]\n'
 ' [ 6.41138091e-07  5.12666322e-07 -5.41460655e-07]\n'
 ' [ 3.78393245e-07  8.88742626e-07 -8.57978468e-08]\n'
 ' [ 1.22477488e-06 -1.79487346e-07  4.25038169e-07]\n'
 ' [ 4.22620174e-07  2.07877836e-07  3.28851729e-07]\n'
 ' [-1.26936236e-07  1.39405606e-07  1.08559891e-08]\n'
 ' [ 7.18347628e-10 -2.80135033e-07  3.10707612e-07]\n'
 ' [ 4.35936872e-07  2.38754339e-07 -2.82672210e-07]]')
('  F_loc  = \n'
 '[[ 1.17928136e-05  2.64324844e-05  2.65249466e-05]\n'
 ' [ 1.18783722e-05  1.18248948e-05  1.20943893e-05]\n'
 ' [ 1.19822991e-05  1.18233517e-05  1.19757064e-05]\n'
 ' [ 1.13204754e-05 -2.46905538e-06 -2.93829528e-06]\n'
 ' [ 1.17426831e-05  3.24148259e-05  1.19553415e-05]\n'
 ' [-6.28505811e-06  1.19992525e-05  2.76963815e-06]\n'
 ' [ 1.20092133e-05  1.20464485e-05  3.24610712e-05]\n'
 ' [-6.30347716e-06  2.59032142e-06  1.23520795e-05]]')
('  F_comp = \n'
 '[[ 2.04994170e-07 -1.37782742e-07 -2.13987700e-07]\n'
 ' [ 1.18066038e-07  2.44671244e-07 -5.74196341e-07]\n'
 ' [ 2.42154212e-07  5.95872388e-07 -3.11765914e-07]\n'
 ' [-6.77283581e-07  5.79627932e-08 -8.32350863e-07]\n'
 ' [-2.21680936e-07 -5.10005326e-08  6.00649201e-08]\n'
 ' [-8.53581077e-07 -4.88545896e-08  2.84146423e-07]\n'
 ' [-2.75037464e-07 -9.94913550e-07 -1.20446086e-07]\n'
 ' [ 9.25202591e-08 -8.00576865e-07  5.85731141e-07]]')
('  F      = \n'
 '[[ 1.26992244e-05  2.66896299e-05  2.59955396e-05]\n'
 ' [ 1.26375763e-05  1.25822324e-05  1.09787323e-05]\n'
 ' [ 1.26028465e-05  1.33079667e-05  1.15781426e-05]\n'
 ' [ 1.18679667e-05 -2.59057994e-06 -3.34560797e-06]\n'
 ' [ 1.19436223e-05  3.25717032e-05  1.23442582e-05]\n'
 ' [-7.26557543e-06  1.20898035e-05  3.06464056e-06]\n'
 ' [ 1.17348942e-05  1.07713999e-05  3.26513328e-05]\n'
 ' [-5.77502003e-06  2.02849889e-06  1.26551385e-05]]')
Elapsed time[calc_forces]: 0.26862239837646484 sec
Elapsed time[calc_forces]: 0.26863551139831543 sec
Atomic Forces (eV/ang):
 index | symbol |  x-axis  |  y-axis  |  z-axis
     0 |      C |  0.00065 |  0.00137 |  0.00134
     1 |      C |  0.00065 |  0.00065 |  0.00056
     2 |      C |  0.00065 |  0.00068 |   0.0006
     3 |      C |  0.00061 | -0.00013 | -0.00017
     4 |      C |  0.00061 |  0.00167 |  0.00063
     5 |      C | -0.00037 |  0.00062 |  0.00016
     6 |      C |   0.0006 |  0.00055 |  0.00168
     7 |      C |  -0.0003 |   0.0001 |  0.00065

* TOTAL TIME : 25.72777485847473 sec
forces = [[ 0.00065302  0.00137244  0.00133674]
 [ 0.00064985  0.000647    0.00056455]
 [ 0.00064806  0.00068432  0.00059537]
 [ 0.00061028 -0.00013321 -0.00017204]
 [ 0.00061417  0.0016749   0.00063477]
 [-0.00037361  0.00062168  0.00015759]
 [ 0.00060343  0.00055389  0.001679  ]
 [-0.00029696  0.00010431  0.00065075]]
