PyTucker is not installed. tucker_diagonalize will not be allowed
Date :  2022-05-10 03:50:09.066772

============================= [ Grid ] =============================
* cell     (Bohr) : 
[[10.261  0.     0.   ]
 [ 0.    10.261  0.   ]
 [ 0.     0.    10.261]]
* cell     (ang ) : 
[[5.43 0.   0.  ]
 [0.   5.43 0.  ]
 [0.   0.   5.43]]
* spacings (Bohr) : [0.366 0.366 0.366]
* spacings (ang ) : [0.194 0.194 0.194]
* gpts            : [28 28 28]
* ngpts           : 21952
* pbc             : [ True  True  True]
* FD_order        : 3
* center_point    : [5.13060643 5.13060643 5.13060643] (Bohr)
====================================================================


============================ [ Kpoint ] =============================
* kpts mesh : (1, 1, 1, 'gamma')
Print all k-points and mapping to irreducible k-points
  1 ->  1 : [0. 0. 0.]

* nkpts   : 1
* nibzkpts: 1
=====================================================================

Warning: 'rho_cutoff'(=0.0) value is too large or small. 'rho_cutoff' is set to 20.0.
Elapsed time[_calc_energy_correction]: 0.020903348922729492 sec

=========================== [ Compensation ] ==========================
 symbol | r_gauss | r_short (Bohr) | r_comp (Bohr)
     Si |     1.0 |           3.47 |         3.672
=======================================================================

Elapsed time[calc_local_pot]: 0.09286928176879883 sec
KB projector non-zero ratio: 23.619715743440235 %

========================== [ KB_projector ] ==========================
* number of atoms : 8
* use_dense_proj  : False
 index | symbol | # of projectors
     0 |     Si |               4
     1 |     Si |               4
     2 |     Si |               4
     3 |     Si |               4
     4 |     Si |               4
     5 |     Si |               4
     6 |     Si |               4
     7 |     Si |               4
======================================================================

Elapsed time[create_Pseudopotential]: 1.2186765670776367 sec

========================= [ Pseudopotential ] =========================
* type      : NCPP
* upf       : 
    /appl/ACE-Molecule/DATA/PSEUDOPOTENTIALS_NC/Si.pbe-n-nc.UPF
* NLCC      : True
* use_comp  : True
* comp_grid : 0.1
* filtering : True
=======================================================================

'Poisson_ISF_python.py'
ISF_cutoff is set to [100 100 100].
ISF method is used for Poisson
* [0.05, 0.2] : 12 points
* [0.2, 0.4] : 12 points
* [0.4, 2.0] : 12 points
* [2.0, 500.0] : 12 points

============================= [ Poisson ] =============================
* type          : ISF
* use_fine_grid : False
* ISF_cutoff    : [100 100 100]
=======================================================================


========================== [ XC_Functional ] ==========================
* functional : ['gga_x_pbe' 'gga_c_pbe']
* weight     : [1. 1.]

Functional ID: 101
Functional Name: gga_x_pbe
Attributes:
    Name: Perdew, Burke & Ernzerhof
    Kind: 0
  Family: 2
Citations:
   J. P. Perdew, K. Burke, and M. Ernzerhof, Phys. Rev. Lett. 77, 3865 (1996)
   J. P. Perdew, K. Burke, and M. Ernzerhof, Phys. Rev. Lett. 78, 1396 (1997)
Functional ID: 130
Functional Name: gga_c_pbe
Attributes:
    Name: Perdew, Burke & Ernzerhof
    Kind: 1
  Family: 2
Citations:
   J. P. Perdew, K. Burke, and M. Ernzerhof, Phys. Rev. Lett. 77, 3865 (1996)
   J. P. Perdew, K. Burke, and M. Ernzerhof, Phys. Rev. Lett. 78, 1396 (1997)
=======================================================================


========================== [ Occupation ] ==========================
* smearing    : Fermi-Dirac
* temperature : 0.01
* nelec       : 32.0
* nspins      : 1
* nbands      : 20
* nkpts       : 1
====================================================================


========================== [ Preconditioner ] =========================
* type         : None
=======================================================================


======================= [ Eigensolver(Scipy) ] =======================
* scipy_type   : lobpcg
* convg_tol    : None
* maxiter      : 20
* verbosity    : 0
======================================================================

Elapsed time[calc_NLCC_core_density]: 0.0753178596496582 sec

============================ [ Density ] ===========================
* nelec         : 32.0
* nspins        : 1
* magmom        : 0.0
* fix_magmom    : True
* density guess : rhoatom
* orbital guess : None
* occ guess     : None
=====================================================================

===========================[ Input Parameters ]===========================
{'centered': False,
 'convergence': {'density_tol': 1e-05,
                 'energy_tol': 1e-06,
                 'orbital_energy_tol': 1e-05,
                 'scf_maxiter': 50},
 'eigensolver': None,
 'force': {'deriv_comp': True, 'deriv_density': False},
 'grid': {'FD_order': 3, 'gpts': None, 'spacing': 0.2},
 'init_guess': {'density': 'rhoatom', 'occ': None, 'orbital': None},
 'kpts': (1, 1, 1, 'gamma'),
 'kpts_and_weights': None,
 'mixing': {'history': 3,
            'parameter': 0.2,
            'pulay_beta': 0.3,
            'scheme': 'pulay',
            'what': 'density'},
 'nbands': None,
 'nelec': None,
 'occupation': {'MP_order': 2,
                'fix_magmom': True,
                'magmom': 0.0,
                'smearing': 'Fermi-Dirac',
                'temperature': 0.01},
 'output_file': None,
 'poisson': None,
 'pp': {'NLCC': True,
        'comp_grid': 0.1,
        'filtering': True,
        'num_near_cell': 1,
        'upf': ['/appl/ACE-Molecule/DATA/PSEUDOPOTENTIALS_NC/Si.pbe-n-nc.UPF'],
        'use_comp': True,
        'use_dense_proj': False},
 'precond_type': None,
 'print_energies': True,
 'spin': 'unpolarized',
 'symmetry': True,
 'verbose': 0,
 'xc': {'type': 'gga_x_pbe + gga_c_pbe', 'weight': None}}

* pbc                      : [ True  True  True]

* Positions of atoms (ang) :
Si : [0. 0. 0.]
Si : [1.3575 1.3575 1.3575]
Si : [0.    2.715 2.715]
Si : [1.3575 4.0725 4.0725]
Si : [2.715 0.    2.715]
Si : [4.0725 1.3575 4.0725]
Si : [2.715 2.715 0.   ]
Si : [4.0725 4.0725 1.3575]
==========================================================================
Elapsed time[initialize]: 1.618323564529419 sec

============================ [ Mixing ] =============================
* what       : density
* scheme     : pulay
* parameter  : 0.2
* pulay_beta : 0.3
* history    : 3
=====================================================================


============================== [ SCF ] ==============================
* scf_maxiter        : 50
* energy_tol         : 1e-06
* density_tol        : 1e-05
* orbital_energy_tol : 1e-05
=====================================================================


==================== [ SCF CYCLE 1 ] ====================
WARNING!! method<Grid.spherical_to_grid()>: 'num_near_cell'(=1) is not sufficent to interpolate the effects of nearing cells.
WARNING!! method<Grid.spherical_to_grid()>: 'num_near_cell'(=1) is not sufficent to interpolate the effects of nearing cells.
WARNING!! method<Grid.spherical_to_grid()>: 'num_near_cell'(=1) is not sufficent to interpolate the effects of nearing cells.
WARNING!! method<Grid.spherical_to_grid()>: 'num_near_cell'(=1) is not sufficent to interpolate the effects of nearing cells.
WARNING!! method<Grid.spherical_to_grid()>: 'num_near_cell'(=1) is not sufficent to interpolate the effects of nearing cells.
WARNING!! method<Grid.spherical_to_grid()>: 'num_near_cell'(=1) is not sufficent to interpolate the effects of nearing cells.
WARNING!! method<Grid.spherical_to_grid()>: 'num_near_cell'(=1) is not sufficent to interpolate the effects of nearing cells.
WARNING!! method<Grid.spherical_to_grid()>: 'num_near_cell'(=1) is not sufficent to interpolate the effects of nearing cells.
WARNING!! method<Grid.spherical_to_grid()>: 'num_near_cell'(=1) is not sufficent to interpolate the effects of nearing cells.
WARNING!! method<Grid.spherical_to_grid()>: 'num_near_cell'(=1) is not sufficent to interpolate the effects of nearing cells.
WARNING!! method<Grid.spherical_to_grid()>: 'num_near_cell'(=1) is not sufficent to interpolate the effects of nearing cells.
WARNING!! method<Grid.spherical_to_grid()>: 'num_near_cell'(=1) is not sufficent to interpolate the effects of nearing cells.
WARNING!! method<Grid.spherical_to_grid()>: 'num_near_cell'(=1) is not sufficent to interpolate the effects of nearing cells.
WARNING!! method<Grid.spherical_to_grid()>: 'num_near_cell'(=1) is not sufficent to interpolate the effects of nearing cells.
WARNING!! method<Grid.spherical_to_grid()>: 'num_near_cell'(=1) is not sufficent to interpolate the effects of nearing cells.
WARNING!! method<Grid.spherical_to_grid()>: 'num_near_cell'(=1) is not sufficent to interpolate the effects of nearing cells.
WARNING!! method<Grid.spherical_to_grid()>: 'num_near_cell'(=1) is not sufficent to interpolate the effects of nearing cells.
WARNING!! method<Grid.spherical_to_grid()>: 'num_near_cell'(=1) is not sufficent to interpolate the effects of nearing cells.
WARNING!! method<Grid.spherical_to_grid()>: 'num_near_cell'(=1) is not sufficent to interpolate the effects of nearing cells.
WARNING!! method<Grid.spherical_to_grid()>: 'num_near_cell'(=1) is not sufficent to interpolate the effects of nearing cells.
WARNING!! method<Grid.spherical_to_grid()>: 'num_near_cell'(=1) is not sufficent to interpolate the effects of nearing cells.
WARNING!! method<Grid.spherical_to_grid()>: 'num_near_cell'(=1) is not sufficent to interpolate the effects of nearing cells.
WARNING!! method<Grid.spherical_to_grid()>: 'num_near_cell'(=1) is not sufficent to interpolate the effects of nearing cells.
WARNING!! method<Grid.spherical_to_grid()>: 'num_near_cell'(=1) is not sufficent to interpolate the effects of nearing cells.
WARNING!! method<Grid.spherical_to_grid()>: 'num_near_cell'(=1) is not sufficent to interpolate the effects of nearing cells.
WARNING!! method<Grid.spherical_to_grid()>: 'num_near_cell'(=1) is not sufficent to interpolate the effects of nearing cells.
WARNING!! method<Grid.spherical_to_grid()>: 'num_near_cell'(=1) is not sufficent to interpolate the effects of nearing cells.
WARNING!! method<Grid.spherical_to_grid()>: 'num_near_cell'(=1) is not sufficent to interpolate the effects of nearing cells.
WARNING!! method<Grid.spherical_to_grid()>: 'num_near_cell'(=1) is not sufficent to interpolate the effects of nearing cells.
WARNING!! method<Grid.spherical_to_grid()>: 'num_near_cell'(=1) is not sufficent to interpolate the effects of nearing cells.
WARNING!! method<Grid.spherical_to_grid()>: 'num_near_cell'(=1) is not sufficent to interpolate the effects of nearing cells.
WARNING!! method<Grid.spherical_to_grid()>: 'num_near_cell'(=1) is not sufficent to interpolate the effects of nearing cells.
WARNING!! method<Grid.spherical_to_grid()>: 'num_near_cell'(=1) is not sufficent to interpolate the effects of nearing cells.
WARNING!! method<Grid.spherical_to_grid()>: 'num_near_cell'(=1) is not sufficent to interpolate the effects of nearing cells.
WARNING!! method<Grid.spherical_to_grid()>: 'num_near_cell'(=1) is not sufficent to interpolate the effects of nearing cells.
WARNING!! method<Grid.spherical_to_grid()>: 'num_near_cell'(=1) is not sufficent to interpolate the effects of nearing cells.
WARNING!! method<Grid.spherical_to_grid()>: 'num_near_cell'(=1) is not sufficent to interpolate the effects of nearing cells.
WARNING!! method<Grid.spherical_to_grid()>: 'num_near_cell'(=1) is not sufficent to interpolate the effects of nearing cells.
WARNING!! method<Grid.spherical_to_grid()>: 'num_near_cell'(=1) is not sufficent to interpolate the effects of nearing cells.
WARNING!! method<Grid.spherical_to_grid()>: 'num_near_cell'(=1) is not sufficent to interpolate the effects of nearing cells.
WARNING!! method<Grid.spherical_to_grid()>: 'num_near_cell'(=1) is not sufficent to interpolate the effects of nearing cells.
WARNING!! method<Grid.spherical_to_grid()>: 'num_near_cell'(=1) is not sufficent to interpolate the effects of nearing cells.
integral of init_density :  31.999910986885915
Integral of density (=31.999910986885915) is normalized to 32.0
Elapsed time[compute_potential]: 0.01254129409790039 sec
Elapsed time[compute]: 0.6054894924163818 sec
Elapsed time[_get_mixed_var]: 7.3909759521484375e-06 sec
convg_tol is set to 2.1952e-06
Debug: sparse nonlocal_op@@@@@@@@@@@@@@@@@@@@@@@@@@@@@@@@@@
Elapsed time[diagonalize]: 1.971125841140747 sec

[ PRINT EIGENVALUES ]
( spin alpha )
* 1 th kpt (=[0. 0. 0.])
num        occ        value
1          2.0        -0.3195717789773311
2          2.0        -0.13848395595301413
3          2.0        -0.1170109332837233
4          2.0        -0.08720752309417987
5          2.0        -0.06732856171453236
6          2.0        -0.06027962690048544
7          2.0        0.016057575321841006
8          2.0        0.09882169541342214
9          2.0        0.11782934461479105
10         2.0        0.1240762362800894
11         2.0        0.1877916791120017
12         2.0        0.19766607582104875
13         2.0        0.24772014417261046
14         2.0        0.27011567639134054
15         2.0        0.3037448791174457
16         2.0        0.32094498993778914
17         0.0        0.3592841436710588
18         0.0        0.42022323674993384
19         0.0        0.44656380060182593
20         0.0        0.5407318453595491


Integral of density (=31.999999905024186) is normalized to 32.00000000000001
Orbital energy difference = 2.1897718325182276
Density difference (relative) = 0.2016120686352005
Elapsed time[calc_external_energy]: 0.00016307830810546875 sec
Debug: sparse nonlocal_op@@@@@@@@@@@@@@@@@@@@@@@@@@@@@@@@@@
Debug: sparse nonlocal_op@@@@@@@@@@@@@@@@@@@@@@@@@@@@@@@@@@
Debug: sparse nonlocal_op@@@@@@@@@@@@@@@@@@@@@@@@@@@@@@@@@@
Debug: sparse nonlocal_op@@@@@@@@@@@@@@@@@@@@@@@@@@@@@@@@@@
Debug: sparse nonlocal_op@@@@@@@@@@@@@@@@@@@@@@@@@@@@@@@@@@
Debug: sparse nonlocal_op@@@@@@@@@@@@@@@@@@@@@@@@@@@@@@@@@@
Debug: sparse nonlocal_op@@@@@@@@@@@@@@@@@@@@@@@@@@@@@@@@@@
Debug: sparse nonlocal_op@@@@@@@@@@@@@@@@@@@@@@@@@@@@@@@@@@
Debug: sparse nonlocal_op@@@@@@@@@@@@@@@@@@@@@@@@@@@@@@@@@@
Debug: sparse nonlocal_op@@@@@@@@@@@@@@@@@@@@@@@@@@@@@@@@@@
Debug: sparse nonlocal_op@@@@@@@@@@@@@@@@@@@@@@@@@@@@@@@@@@
Debug: sparse nonlocal_op@@@@@@@@@@@@@@@@@@@@@@@@@@@@@@@@@@
Debug: sparse nonlocal_op@@@@@@@@@@@@@@@@@@@@@@@@@@@@@@@@@@
Debug: sparse nonlocal_op@@@@@@@@@@@@@@@@@@@@@@@@@@@@@@@@@@
Debug: sparse nonlocal_op@@@@@@@@@@@@@@@@@@@@@@@@@@@@@@@@@@
Debug: sparse nonlocal_op@@@@@@@@@@@@@@@@@@@@@@@@@@@@@@@@@@
Elapsed time[calc_nonlocal_energy]: 0.024219512939453125 sec

============ Energy (Hartree) ============
|   Total Energy        : -34.5330744897 |
------------------------------------------
| * Ion-ion Energy      : 0.0            |
| * Eigenvals sum for 0 : 2.1897718325   |
| * Hartree Energy      : 13.928346696   |
| * XC Energy           : -17.2086852436 |
| * Kinetic Energy      : 16.4582153559  |
| * External Energy     : -54.7820740461 |
| * Non-local Energy    : 7.0711227481   |
==========================================
Elapsed time[calc_and_print_energies]: 0.03728365898132324 sec
Total energy difference = -34.533074489651995 Hartree
Elapsed time for 1 th cycle: 3.227961301803589 sec

==================== [ END CYCLE 1 ] ====================
Elapsed time[_get_mixed_var]: 0.0003559589385986328 sec
Elapsed time[compute_potential]: 0.015834808349609375 sec
Elapsed time[compute]: 0.03496694564819336 sec

==================== [ SCF CYCLE 2 ] ====================
convg_tol is set to 2.1952e-06
Debug: sparse nonlocal_op@@@@@@@@@@@@@@@@@@@@@@@@@@@@@@@@@@
Elapsed time[diagonalize]: 1.8159470558166504 sec

[ PRINT EIGENVALUES ]
( spin alpha )
* 1 th kpt (=[0. 0. 0.])
num        occ        value
1          2.0        -0.3206217473931825
2          2.0        -0.18177504955424462
3          2.0        -0.1769344204749572
4          2.0        -0.1674316818783232
5          2.0        -0.16344314027676168
6          2.0        -0.16146087599222078
7          2.0        -0.1574185464208876
8          2.0        0.012187979082187958
9          2.0        0.01395997387770595
10         2.0        0.020616583756809564
11         2.0        0.023126196429199632
12         2.0        0.02493191344214575
13         2.0        0.030279723904316217
14         2.0        0.1225062774229432
15         2.0        0.12761012439993283
16         2.0        0.1354368532124257
17         0.0        0.15850189180481353
18         0.0        0.16360230686620317
19         0.0        0.19084050857129706
20         0.0        0.2132581823832243


Integral of density (=32.000000000000085) is normalized to 31.999999999999993
Orbital energy difference = -3.826631505444049
Density difference (relative) = 0.19881992304061008
Elapsed time[calc_external_energy]: 0.00028967857360839844 sec
Debug: sparse nonlocal_op@@@@@@@@@@@@@@@@@@@@@@@@@@@@@@@@@@
Debug: sparse nonlocal_op@@@@@@@@@@@@@@@@@@@@@@@@@@@@@@@@@@
Debug: sparse nonlocal_op@@@@@@@@@@@@@@@@@@@@@@@@@@@@@@@@@@
Debug: sparse nonlocal_op@@@@@@@@@@@@@@@@@@@@@@@@@@@@@@@@@@
Debug: sparse nonlocal_op@@@@@@@@@@@@@@@@@@@@@@@@@@@@@@@@@@
Debug: sparse nonlocal_op@@@@@@@@@@@@@@@@@@@@@@@@@@@@@@@@@@
Debug: sparse nonlocal_op@@@@@@@@@@@@@@@@@@@@@@@@@@@@@@@@@@
Debug: sparse nonlocal_op@@@@@@@@@@@@@@@@@@@@@@@@@@@@@@@@@@
Debug: sparse nonlocal_op@@@@@@@@@@@@@@@@@@@@@@@@@@@@@@@@@@
Debug: sparse nonlocal_op@@@@@@@@@@@@@@@@@@@@@@@@@@@@@@@@@@
Debug: sparse nonlocal_op@@@@@@@@@@@@@@@@@@@@@@@@@@@@@@@@@@
Debug: sparse nonlocal_op@@@@@@@@@@@@@@@@@@@@@@@@@@@@@@@@@@
Debug: sparse nonlocal_op@@@@@@@@@@@@@@@@@@@@@@@@@@@@@@@@@@
Debug: sparse nonlocal_op@@@@@@@@@@@@@@@@@@@@@@@@@@@@@@@@@@
Debug: sparse nonlocal_op@@@@@@@@@@@@@@@@@@@@@@@@@@@@@@@@@@
Debug: sparse nonlocal_op@@@@@@@@@@@@@@@@@@@@@@@@@@@@@@@@@@
Elapsed time[calc_nonlocal_energy]: 0.020387649536132812 sec

============ Energy (Hartree) ============
|   Total Energy        : -37.879547572  |
------------------------------------------
| * Ion-ion Energy      : 0.0            |
| * Eigenvals sum for 0 : -1.6368596729  |
| * Hartree Energy      : 13.6807831713  |
| * XC Energy           : -17.2111274612 |
| * Kinetic Energy      : 13.1645161188  |
| * External Energy     : -54.5608206947 |
| * Non-local Energy    : 7.0471012938   |
==========================================
Elapsed time[calc_and_print_energies]: 0.0327143669128418 sec
Total energy difference = -3.3464730823028077 Hartree
Elapsed time for 2 th cycle: 1.8558356761932373 sec

==================== [ END CYCLE 2 ] ====================
Elapsed time[_get_mixed_var]: 0.00011610984802246094 sec
Elapsed time[compute_potential]: 0.01810312271118164 sec
Elapsed time[compute]: 0.03754687309265137 sec

==================== [ SCF CYCLE 3 ] ====================
convg_tol is set to 2.1952e-06
Debug: sparse nonlocal_op@@@@@@@@@@@@@@@@@@@@@@@@@@@@@@@@@@
Elapsed time[diagonalize]: 1.905454397201538 sec

[ PRINT EIGENVALUES ]
( spin alpha )
* 1 th kpt (=[0. 0. 0.])
num        occ        value
1          2.0        -0.31543174676713814
2          2.0        -0.17166143472450748
3          2.0        -0.16673692234914778
4          2.0        -0.16410338770732774
5          2.0        -0.1634116969312394
6          2.0        -0.15992565505931183
7          2.0        -0.157232605029354
8          2.0        0.015012713662870632
9          2.0        0.017001797278948218
10         2.0        0.01976084443905831
11         2.0        0.02170600749343468
12         2.0        0.023551002421846243
13         2.0        0.024662307065196933
14         2.0        0.12299816433142256
15         2.0        0.12456688194932837
16         2.0        0.1258594558377563
17         0.0        0.15367988355753762
18         0.0        0.1560120925524888
19         0.0        0.15939175901362693
20         0.0        0.16648363404662703


Integral of density (=32.000000000000085) is normalized to 32.0
Orbital energy difference = 0.030091124749493048
Density difference (relative) = 0.17496294702958437
Elapsed time[calc_external_energy]: 0.0001544952392578125 sec
Debug: sparse nonlocal_op@@@@@@@@@@@@@@@@@@@@@@@@@@@@@@@@@@
Debug: sparse nonlocal_op@@@@@@@@@@@@@@@@@@@@@@@@@@@@@@@@@@
Debug: sparse nonlocal_op@@@@@@@@@@@@@@@@@@@@@@@@@@@@@@@@@@
Debug: sparse nonlocal_op@@@@@@@@@@@@@@@@@@@@@@@@@@@@@@@@@@
Debug: sparse nonlocal_op@@@@@@@@@@@@@@@@@@@@@@@@@@@@@@@@@@
Debug: sparse nonlocal_op@@@@@@@@@@@@@@@@@@@@@@@@@@@@@@@@@@
Debug: sparse nonlocal_op@@@@@@@@@@@@@@@@@@@@@@@@@@@@@@@@@@
Debug: sparse nonlocal_op@@@@@@@@@@@@@@@@@@@@@@@@@@@@@@@@@@
Debug: sparse nonlocal_op@@@@@@@@@@@@@@@@@@@@@@@@@@@@@@@@@@
Debug: sparse nonlocal_op@@@@@@@@@@@@@@@@@@@@@@@@@@@@@@@@@@
Debug: sparse nonlocal_op@@@@@@@@@@@@@@@@@@@@@@@@@@@@@@@@@@
Debug: sparse nonlocal_op@@@@@@@@@@@@@@@@@@@@@@@@@@@@@@@@@@
Debug: sparse nonlocal_op@@@@@@@@@@@@@@@@@@@@@@@@@@@@@@@@@@
Debug: sparse nonlocal_op@@@@@@@@@@@@@@@@@@@@@@@@@@@@@@@@@@
Debug: sparse nonlocal_op@@@@@@@@@@@@@@@@@@@@@@@@@@@@@@@@@@
Debug: sparse nonlocal_op@@@@@@@@@@@@@@@@@@@@@@@@@@@@@@@@@@
Elapsed time[calc_nonlocal_energy]: 0.023550748825073242 sec

============ Energy (Hartree) ============
|   Total Energy        : -37.892292133  |
------------------------------------------
| * Ion-ion Energy      : 0.0            |
| * Eigenvals sum for 0 : -1.6067685482  |
| * Hartree Energy      : 13.588317968   |
| * XC Energy           : -17.2549924934 |
| * Kinetic Energy      : 13.2728094074  |
| * External Energy     : -54.5830074745 |
| * Non-local Energy    : 7.0845804594   |
==========================================
Elapsed time[calc_and_print_energies]: 0.036691904067993164 sec
Total energy difference = -0.01274456106690991 Hartree
Elapsed time for 3 th cycle: 1.947281837463379 sec

==================== [ END CYCLE 3 ] ====================
Elapsed time[_get_mixed_var]: 0.0008754730224609375 sec
Elapsed time[compute_potential]: 0.014986515045166016 sec
Elapsed time[compute]: 0.03408980369567871 sec

==================== [ SCF CYCLE 4 ] ====================
convg_tol is set to 2.1952e-06
Debug: sparse nonlocal_op@@@@@@@@@@@@@@@@@@@@@@@@@@@@@@@@@@
Elapsed time[diagonalize]: 1.813966989517212 sec

[ PRINT EIGENVALUES ]
( spin alpha )
* 1 th kpt (=[0. 0. 0.])
num        occ        value
1          2.0        -0.31348096086736804
2          2.0        -0.17150130483514087
3          2.0        -0.16733045279314046
4          2.0        -0.1605766991475699
5          2.0        -0.15846767798943923
6          2.0        -0.15594947711868928
7          2.0        -0.15369684859072194
8          2.0        0.015677198895995566
9          2.0        0.017798719315837305
10         2.0        0.02121447845359187
11         2.0        0.023912810394114296
12         2.0        0.02711386819303169
13         2.0        0.02854408717367027
14         2.0        0.12347459521762548
15         2.0        0.12547639455153103
16         2.0        0.12786699174604593
17         0.0        0.1533274152186397
18         0.0        0.1568331925337414
19         0.0        0.15772462441820947
20         0.0        0.15882024586298568


Integral of density (=31.99999999999995) is normalized to 32.0
Orbital energy difference = 0.06691999337507593
Density difference (relative) = 0.16004894755811405
Elapsed time[calc_external_energy]: 0.00019669532775878906 sec
Debug: sparse nonlocal_op@@@@@@@@@@@@@@@@@@@@@@@@@@@@@@@@@@
Debug: sparse nonlocal_op@@@@@@@@@@@@@@@@@@@@@@@@@@@@@@@@@@
Debug: sparse nonlocal_op@@@@@@@@@@@@@@@@@@@@@@@@@@@@@@@@@@
Debug: sparse nonlocal_op@@@@@@@@@@@@@@@@@@@@@@@@@@@@@@@@@@
Debug: sparse nonlocal_op@@@@@@@@@@@@@@@@@@@@@@@@@@@@@@@@@@
Debug: sparse nonlocal_op@@@@@@@@@@@@@@@@@@@@@@@@@@@@@@@@@@
Debug: sparse nonlocal_op@@@@@@@@@@@@@@@@@@@@@@@@@@@@@@@@@@
Debug: sparse nonlocal_op@@@@@@@@@@@@@@@@@@@@@@@@@@@@@@@@@@
Debug: sparse nonlocal_op@@@@@@@@@@@@@@@@@@@@@@@@@@@@@@@@@@
Debug: sparse nonlocal_op@@@@@@@@@@@@@@@@@@@@@@@@@@@@@@@@@@
Debug: sparse nonlocal_op@@@@@@@@@@@@@@@@@@@@@@@@@@@@@@@@@@
Debug: sparse nonlocal_op@@@@@@@@@@@@@@@@@@@@@@@@@@@@@@@@@@
Debug: sparse nonlocal_op@@@@@@@@@@@@@@@@@@@@@@@@@@@@@@@@@@
Debug: sparse nonlocal_op@@@@@@@@@@@@@@@@@@@@@@@@@@@@@@@@@@
Debug: sparse nonlocal_op@@@@@@@@@@@@@@@@@@@@@@@@@@@@@@@@@@
Debug: sparse nonlocal_op@@@@@@@@@@@@@@@@@@@@@@@@@@@@@@@@@@
Elapsed time[calc_nonlocal_energy]: 0.02326655387878418 sec

============ Energy (Hartree) ============
|   Total Energy        : -37.9558388854 |
------------------------------------------
| * Ion-ion Energy      : 0.0            |
| * Eigenvals sum for 0 : -1.5398485548  |
| * Hartree Energy      : 13.5852411443  |
| * XC Energy           : -17.2849900406 |
| * Kinetic Energy      : 13.2590940586  |
| * External Energy     : -54.5697658965 |
| * Non-local Energy    : 7.0545818488   |
==========================================
Elapsed time[calc_and_print_energies]: 0.03637290000915527 sec
Total energy difference = -0.06354675236335794 Hartree
Elapsed time for 4 th cycle: 1.857191562652588 sec

==================== [ END CYCLE 4 ] ====================
Elapsed time[_get_mixed_var]: 0.0010135173797607422 sec
Elapsed time[compute_potential]: 0.01618194580078125 sec
Elapsed time[compute]: 0.03565502166748047 sec

==================== [ SCF CYCLE 5 ] ====================
convg_tol is set to 2.1952e-06
Debug: sparse nonlocal_op@@@@@@@@@@@@@@@@@@@@@@@@@@@@@@@@@@
Elapsed time[diagonalize]: 1.8069708347320557 sec

[ PRINT EIGENVALUES ]
( spin alpha )
* 1 th kpt (=[0. 0. 0.])
num        occ        value
1          2.0        -0.30123886688999735
2          2.0        -0.1520781931513629
3          2.0        -0.14979947240052063
4          2.0        -0.14859441973389728
5          2.0        -0.1473249106801026
6          2.0        -0.14633675534835416
7          2.0        -0.14437647654765806
8          2.0        0.03134917301483715
9          2.0        0.03194047687372168
10         2.0        0.03383432298761815
11         2.0        0.03412148148641618
12         2.0        0.03640690293149364
13         2.0        0.03695627358572889
14         2.0        0.13946216703616962
15         2.0        0.13973521673649328
16         2.0        0.14100649891568065
17         0.0        0.16232040570114836
18         0.0        0.16377846946600072
19         0.0        0.1645654661868613
20         0.0        0.1667194879028569


Integral of density (=32.00000000000001) is normalized to 32.00000000000001
Orbital energy difference = 0.4099753924337852
Density difference (relative) = 0.06926024629158894
Elapsed time[calc_external_energy]: 8.320808410644531e-05 sec
Debug: sparse nonlocal_op@@@@@@@@@@@@@@@@@@@@@@@@@@@@@@@@@@
Debug: sparse nonlocal_op@@@@@@@@@@@@@@@@@@@@@@@@@@@@@@@@@@
Debug: sparse nonlocal_op@@@@@@@@@@@@@@@@@@@@@@@@@@@@@@@@@@
Debug: sparse nonlocal_op@@@@@@@@@@@@@@@@@@@@@@@@@@@@@@@@@@
Debug: sparse nonlocal_op@@@@@@@@@@@@@@@@@@@@@@@@@@@@@@@@@@
Debug: sparse nonlocal_op@@@@@@@@@@@@@@@@@@@@@@@@@@@@@@@@@@
Debug: sparse nonlocal_op@@@@@@@@@@@@@@@@@@@@@@@@@@@@@@@@@@
Debug: sparse nonlocal_op@@@@@@@@@@@@@@@@@@@@@@@@@@@@@@@@@@
Debug: sparse nonlocal_op@@@@@@@@@@@@@@@@@@@@@@@@@@@@@@@@@@
Debug: sparse nonlocal_op@@@@@@@@@@@@@@@@@@@@@@@@@@@@@@@@@@
Debug: sparse nonlocal_op@@@@@@@@@@@@@@@@@@@@@@@@@@@@@@@@@@
Debug: sparse nonlocal_op@@@@@@@@@@@@@@@@@@@@@@@@@@@@@@@@@@
Debug: sparse nonlocal_op@@@@@@@@@@@@@@@@@@@@@@@@@@@@@@@@@@
Debug: sparse nonlocal_op@@@@@@@@@@@@@@@@@@@@@@@@@@@@@@@@@@
Debug: sparse nonlocal_op@@@@@@@@@@@@@@@@@@@@@@@@@@@@@@@@@@
Debug: sparse nonlocal_op@@@@@@@@@@@@@@@@@@@@@@@@@@@@@@@@@@
Elapsed time[calc_nonlocal_energy]: 0.021890878677368164 sec

============ Energy (Hartree) ============
|   Total Energy        : -38.2964853772 |
------------------------------------------
| * Ion-ion Energy      : 0.0            |
| * Eigenvals sum for 0 : -1.1298731624  |
| * Hartree Energy      : 13.631934658   |
| * XC Energy           : -17.4520958286 |
| * Kinetic Energy      : 13.1114339839  |
| * External Energy     : -54.4998619316 |
| * Non-local Energy    : 6.9121037411   |
==========================================
Elapsed time[calc_and_print_energies]: 0.03611326217651367 sec
Total energy difference = -0.3406464918428185 Hartree
Elapsed time for 5 th cycle: 1.8481299877166748 sec

==================== [ END CYCLE 5 ] ====================
Elapsed time[_get_mixed_var]: 0.0005772113800048828 sec
Elapsed time[compute_potential]: 0.015552043914794922 sec
Elapsed time[compute]: 0.034698486328125 sec

==================== [ SCF CYCLE 6 ] ====================
convg_tol is set to 2.1952e-06
Debug: sparse nonlocal_op@@@@@@@@@@@@@@@@@@@@@@@@@@@@@@@@@@
Elapsed time[diagonalize]: 1.8081648349761963 sec

[ PRINT EIGENVALUES ]
( spin alpha )
* 1 th kpt (=[0. 0. 0.])
num        occ        value
1          2.0        -0.29595065722317576
2          2.0        -0.14437277587965286
3          2.0        -0.14329994843820162
4          2.0        -0.1431126013684808
5          2.0        -0.14213276570767183
6          2.0        -0.14149281884510606
7          2.0        -0.1403899943342689
8          2.0        0.03765173422611435
9          2.0        0.03811734091383956
10         2.0        0.038807737261987635
11         2.0        0.03948588143570775
12         2.0        0.03997861101487895
13         2.0        0.04065719238954697
14         2.0        0.14556341358850083
15         2.0        0.14618857317756936
16         2.0        0.14760427531353434
17         0.0        0.1675969210479656
18         0.0        0.16818336342315915
19         0.0        0.16852854510696058
20         0.0        0.1691036093784026


Integral of density (=32.00000000000004) is normalized to 32.00000000000001
Orbital energy difference = 0.17647955741771082
Density difference (relative) = 0.030484340822753475
Elapsed time[calc_external_energy]: 0.00017762184143066406 sec
Debug: sparse nonlocal_op@@@@@@@@@@@@@@@@@@@@@@@@@@@@@@@@@@
Debug: sparse nonlocal_op@@@@@@@@@@@@@@@@@@@@@@@@@@@@@@@@@@
Debug: sparse nonlocal_op@@@@@@@@@@@@@@@@@@@@@@@@@@@@@@@@@@
Debug: sparse nonlocal_op@@@@@@@@@@@@@@@@@@@@@@@@@@@@@@@@@@
Debug: sparse nonlocal_op@@@@@@@@@@@@@@@@@@@@@@@@@@@@@@@@@@
Debug: sparse nonlocal_op@@@@@@@@@@@@@@@@@@@@@@@@@@@@@@@@@@
Debug: sparse nonlocal_op@@@@@@@@@@@@@@@@@@@@@@@@@@@@@@@@@@
Debug: sparse nonlocal_op@@@@@@@@@@@@@@@@@@@@@@@@@@@@@@@@@@
Debug: sparse nonlocal_op@@@@@@@@@@@@@@@@@@@@@@@@@@@@@@@@@@
Debug: sparse nonlocal_op@@@@@@@@@@@@@@@@@@@@@@@@@@@@@@@@@@
Debug: sparse nonlocal_op@@@@@@@@@@@@@@@@@@@@@@@@@@@@@@@@@@
Debug: sparse nonlocal_op@@@@@@@@@@@@@@@@@@@@@@@@@@@@@@@@@@
Debug: sparse nonlocal_op@@@@@@@@@@@@@@@@@@@@@@@@@@@@@@@@@@
Debug: sparse nonlocal_op@@@@@@@@@@@@@@@@@@@@@@@@@@@@@@@@@@
Debug: sparse nonlocal_op@@@@@@@@@@@@@@@@@@@@@@@@@@@@@@@@@@
Debug: sparse nonlocal_op@@@@@@@@@@@@@@@@@@@@@@@@@@@@@@@@@@
Elapsed time[calc_nonlocal_energy]: 0.024851322174072266 sec

============ Energy (Hartree) ============
|   Total Energy        : -38.4096939437 |
------------------------------------------
| * Ion-ion Energy      : 0.0            |
| * Eigenvals sum for 0 : -0.9533936049  |
| * Hartree Energy      : 13.6675776309  |
| * XC Energy           : -17.5317393759 |
| * Kinetic Energy      : 13.0631783889  |
| * External Energy     : -54.4790368315 |
| * Non-local Energy    : 6.870326244    |
==========================================
Elapsed time[calc_and_print_energies]: 0.03810238838195801 sec
Total energy difference = -0.11320856647638067 Hartree
Elapsed time for 6 th cycle: 1.852966070175171 sec

==================== [ END CYCLE 6 ] ====================
Elapsed time[_get_mixed_var]: 0.0008726119995117188 sec
Elapsed time[compute_potential]: 0.01687169075012207 sec
Elapsed time[compute]: 0.036466360092163086 sec

==================== [ SCF CYCLE 7 ] ====================
convg_tol is set to 2.1952e-06
Debug: sparse nonlocal_op@@@@@@@@@@@@@@@@@@@@@@@@@@@@@@@@@@
Elapsed time[diagonalize]: 1.784369707107544 sec

[ PRINT EIGENVALUES ]
( spin alpha )
* 1 th kpt (=[0. 0. 0.])
num        occ        value
1          2.0        -0.29497252554879666
2          2.0        -0.14206031738917113
3          2.0        -0.14166561936856525
4          2.0        -0.14154948222734806
5          2.0        -0.1414493725514903
6          2.0        -0.14121771728218588
7          2.0        -0.14118601343330872
8          2.0        0.039526005143082105
9          2.0        0.039736635025844604
10         2.0        0.039871431774468384
11         2.0        0.0399965396216662
12         2.0        0.04015292413286404
13         2.0        0.04055766899802281
14         2.0        0.14710394331655652
15         2.0        0.14739904868603845
16         2.0        0.14794659116549927
17         0.0        0.16907784738429205
18         0.0        0.16937803283523253
19         0.0        0.16952966181888454
20         0.0        0.1697420208901956


Integral of density (=32.00000000000001) is normalized to 32.0
Orbital energy difference = 0.029773085076109096
Density difference (relative) = 0.014560035457819285
Elapsed time[calc_external_energy]: 0.00012445449829101562 sec
Debug: sparse nonlocal_op@@@@@@@@@@@@@@@@@@@@@@@@@@@@@@@@@@
Debug: sparse nonlocal_op@@@@@@@@@@@@@@@@@@@@@@@@@@@@@@@@@@
Debug: sparse nonlocal_op@@@@@@@@@@@@@@@@@@@@@@@@@@@@@@@@@@
Debug: sparse nonlocal_op@@@@@@@@@@@@@@@@@@@@@@@@@@@@@@@@@@
Debug: sparse nonlocal_op@@@@@@@@@@@@@@@@@@@@@@@@@@@@@@@@@@
Debug: sparse nonlocal_op@@@@@@@@@@@@@@@@@@@@@@@@@@@@@@@@@@
Debug: sparse nonlocal_op@@@@@@@@@@@@@@@@@@@@@@@@@@@@@@@@@@
Debug: sparse nonlocal_op@@@@@@@@@@@@@@@@@@@@@@@@@@@@@@@@@@
Debug: sparse nonlocal_op@@@@@@@@@@@@@@@@@@@@@@@@@@@@@@@@@@
Debug: sparse nonlocal_op@@@@@@@@@@@@@@@@@@@@@@@@@@@@@@@@@@
Debug: sparse nonlocal_op@@@@@@@@@@@@@@@@@@@@@@@@@@@@@@@@@@
Debug: sparse nonlocal_op@@@@@@@@@@@@@@@@@@@@@@@@@@@@@@@@@@
Debug: sparse nonlocal_op@@@@@@@@@@@@@@@@@@@@@@@@@@@@@@@@@@
Debug: sparse nonlocal_op@@@@@@@@@@@@@@@@@@@@@@@@@@@@@@@@@@
Debug: sparse nonlocal_op@@@@@@@@@@@@@@@@@@@@@@@@@@@@@@@@@@
Debug: sparse nonlocal_op@@@@@@@@@@@@@@@@@@@@@@@@@@@@@@@@@@
Elapsed time[calc_nonlocal_energy]: 0.021478891372680664 sec

============ Energy (Hartree) ============
|   Total Energy        : -38.3968555264 |
------------------------------------------
| * Ion-ion Energy      : 0.0            |
| * Eigenvals sum for 0 : -0.9236205199  |
| * Hartree Energy      : 13.6944372836  |
| * XC Energy           : -17.5431145582 |
| * Kinetic Energy      : 13.0580310655  |
| * External Energy     : -54.4802571644 |
| * Non-local Energy    : 6.8740478472   |
==========================================
Elapsed time[calc_and_print_energies]: 0.03338789939880371 sec
Total energy difference = 0.012838417353485454 Hartree
Elapsed time for 7 th cycle: 1.822707176208496 sec

==================== [ END CYCLE 7 ] ====================
Elapsed time[_get_mixed_var]: 0.0007107257843017578 sec
Elapsed time[compute_potential]: 0.016281604766845703 sec
Elapsed time[compute]: 0.0343778133392334 sec

==================== [ SCF CYCLE 8 ] ====================
convg_tol is set to 2.1952e-06
Debug: sparse nonlocal_op@@@@@@@@@@@@@@@@@@@@@@@@@@@@@@@@@@
Elapsed time[diagonalize]: 1.8345298767089844 sec

[ PRINT EIGENVALUES ]
( spin alpha )
* 1 th kpt (=[0. 0. 0.])
num        occ        value
1          2.0        -0.2950953898197042
2          2.0        -0.1420197756442076
3          2.0        -0.1418251701251692
4          2.0        -0.14176850641637834
5          2.0        -0.1416313012604663
6          2.0        -0.14157797009385079
7          2.0        -0.1415352075996436
8          2.0        0.03957159485446551
9          2.0        0.039716577381917396
10         2.0        0.03981438761012001
11         2.0        0.0398324464828095
12         2.0        0.03986824904687576
13         2.0        0.039992459184590635
14         2.0        0.14720848023073282
15         2.0        0.1472253824035884
16         2.0        0.14723943162738398
17         0.0        0.16940111865788787
18         0.0        0.16959804422338465
19         0.0        0.16970417478728322
20         0.0        0.16979185470885647


Integral of density (=32.00000000000002) is normalized to 32.0
Orbital energy difference = -0.006348104400224597
Density difference (relative) = 0.005346367698402912
Elapsed time[calc_external_energy]: 8.344650268554688e-05 sec
Debug: sparse nonlocal_op@@@@@@@@@@@@@@@@@@@@@@@@@@@@@@@@@@
Debug: sparse nonlocal_op@@@@@@@@@@@@@@@@@@@@@@@@@@@@@@@@@@
Debug: sparse nonlocal_op@@@@@@@@@@@@@@@@@@@@@@@@@@@@@@@@@@
Debug: sparse nonlocal_op@@@@@@@@@@@@@@@@@@@@@@@@@@@@@@@@@@
Debug: sparse nonlocal_op@@@@@@@@@@@@@@@@@@@@@@@@@@@@@@@@@@
Debug: sparse nonlocal_op@@@@@@@@@@@@@@@@@@@@@@@@@@@@@@@@@@
Debug: sparse nonlocal_op@@@@@@@@@@@@@@@@@@@@@@@@@@@@@@@@@@
Debug: sparse nonlocal_op@@@@@@@@@@@@@@@@@@@@@@@@@@@@@@@@@@
Debug: sparse nonlocal_op@@@@@@@@@@@@@@@@@@@@@@@@@@@@@@@@@@
Debug: sparse nonlocal_op@@@@@@@@@@@@@@@@@@@@@@@@@@@@@@@@@@
Debug: sparse nonlocal_op@@@@@@@@@@@@@@@@@@@@@@@@@@@@@@@@@@
Debug: sparse nonlocal_op@@@@@@@@@@@@@@@@@@@@@@@@@@@@@@@@@@
Debug: sparse nonlocal_op@@@@@@@@@@@@@@@@@@@@@@@@@@@@@@@@@@
Debug: sparse nonlocal_op@@@@@@@@@@@@@@@@@@@@@@@@@@@@@@@@@@
Debug: sparse nonlocal_op@@@@@@@@@@@@@@@@@@@@@@@@@@@@@@@@@@
Debug: sparse nonlocal_op@@@@@@@@@@@@@@@@@@@@@@@@@@@@@@@@@@
Elapsed time[calc_nonlocal_energy]: 0.02182793617248535 sec

============ Energy (Hartree) ============
|   Total Energy        : -38.3663158043 |
------------------------------------------
| * Ion-ion Energy      : 0.0            |
| * Eigenvals sum for 0 : -0.9299686243  |
| * Hartree Energy      : 13.7115007743  |
| * XC Energy           : -17.5380832022 |
| * Kinetic Energy      : 13.0611902777  |
| * External Energy     : -54.4844845036 |
| * Non-local Energy    : 6.8835608495   |
==========================================
Elapsed time[calc_and_print_energies]: 0.03431415557861328 sec
Total energy difference = 0.03053972208007849 Hartree
Elapsed time for 8 th cycle: 1.874547004699707 sec

==================== [ END CYCLE 8 ] ====================
Elapsed time[_get_mixed_var]: 0.0006303787231445312 sec
Elapsed time[compute_potential]: 0.01652359962463379 sec
Elapsed time[compute]: 0.03433346748352051 sec

==================== [ SCF CYCLE 9 ] ====================
convg_tol is set to 2.1952e-06
Debug: sparse nonlocal_op@@@@@@@@@@@@@@@@@@@@@@@@@@@@@@@@@@
Elapsed time[diagonalize]: 1.8013825416564941 sec

[ PRINT EIGENVALUES ]
( spin alpha )
* 1 th kpt (=[0. 0. 0.])
num        occ        value
1          2.0        -0.295216437396992
2          2.0        -0.14205025813454994
3          2.0        -0.14192735867073175
4          2.0        -0.14189588664100042
5          2.0        -0.14186826525812238
6          2.0        -0.14182952487361042
7          2.0        -0.14174097036607114
8          2.0        0.03956963775302891
9          2.0        0.039587321177985614
10         2.0        0.03965351119318327
11         2.0        0.03967200991337862
12         2.0        0.03972491425777065
13         2.0        0.03975010651922246
14         2.0        0.14693339214052123
15         2.0        0.1470492021904845
16         2.0        0.14711307141318897
17         0.0        0.16953087656215993
18         0.0        0.1696845064310341
19         0.0        0.16971000546738446
20         0.0        0.1697673862677892


Integral of density (=32.00000000000003) is normalized to 32.00000000000001
Orbital energy difference = -0.004982445290755644
Density difference (relative) = 0.0022623433783971083
Elapsed time[calc_external_energy]: 9.369850158691406e-05 sec
Debug: sparse nonlocal_op@@@@@@@@@@@@@@@@@@@@@@@@@@@@@@@@@@
Debug: sparse nonlocal_op@@@@@@@@@@@@@@@@@@@@@@@@@@@@@@@@@@
Debug: sparse nonlocal_op@@@@@@@@@@@@@@@@@@@@@@@@@@@@@@@@@@
Debug: sparse nonlocal_op@@@@@@@@@@@@@@@@@@@@@@@@@@@@@@@@@@
Debug: sparse nonlocal_op@@@@@@@@@@@@@@@@@@@@@@@@@@@@@@@@@@
Debug: sparse nonlocal_op@@@@@@@@@@@@@@@@@@@@@@@@@@@@@@@@@@
Debug: sparse nonlocal_op@@@@@@@@@@@@@@@@@@@@@@@@@@@@@@@@@@
Debug: sparse nonlocal_op@@@@@@@@@@@@@@@@@@@@@@@@@@@@@@@@@@
Debug: sparse nonlocal_op@@@@@@@@@@@@@@@@@@@@@@@@@@@@@@@@@@
Debug: sparse nonlocal_op@@@@@@@@@@@@@@@@@@@@@@@@@@@@@@@@@@
Debug: sparse nonlocal_op@@@@@@@@@@@@@@@@@@@@@@@@@@@@@@@@@@
Debug: sparse nonlocal_op@@@@@@@@@@@@@@@@@@@@@@@@@@@@@@@@@@
Debug: sparse nonlocal_op@@@@@@@@@@@@@@@@@@@@@@@@@@@@@@@@@@
Debug: sparse nonlocal_op@@@@@@@@@@@@@@@@@@@@@@@@@@@@@@@@@@
Debug: sparse nonlocal_op@@@@@@@@@@@@@@@@@@@@@@@@@@@@@@@@@@
Debug: sparse nonlocal_op@@@@@@@@@@@@@@@@@@@@@@@@@@@@@@@@@@
Elapsed time[calc_nonlocal_energy]: 0.02364802360534668 sec

============ Energy (Hartree) ============
|   Total Energy        : -38.3533014727 |
------------------------------------------
| * Ion-ion Energy      : 0.0            |
| * Eigenvals sum for 0 : -0.9349510696  |
| * Hartree Energy      : 13.7169813066  |
| * XC Energy           : -17.5351564093 |
| * Kinetic Energy      : 13.0634440888  |
| * External Energy     : -54.4864766935 |
| * Non-local Energy    : 6.8879062347   |
==========================================
Elapsed time[calc_and_print_energies]: 0.03758835792541504 sec
Total energy difference = 0.01301433152677589 Hartree
Elapsed time for 9 th cycle: 1.8442912101745605 sec

==================== [ END CYCLE 9 ] ====================
Elapsed time[_get_mixed_var]: 0.0006213188171386719 sec
Elapsed time[compute_potential]: 0.016463756561279297 sec
Elapsed time[compute]: 0.03409433364868164 sec

==================== [ SCF CYCLE 10 ] ====================
convg_tol is set to 2.1952e-06
Debug: sparse nonlocal_op@@@@@@@@@@@@@@@@@@@@@@@@@@@@@@@@@@
Elapsed time[diagonalize]: 1.8288297653198242 sec

[ PRINT EIGENVALUES ]
( spin alpha )
* 1 th kpt (=[0. 0. 0.])
num        occ        value
1          2.0        -0.29518800543540635
2          2.0        -0.1419218673364641
3          2.0        -0.14187808369273047
4          2.0        -0.14187571408348906
5          2.0        -0.1418536467773239
6          2.0        -0.1418401351808824
7          2.0        -0.14178750548955874
8          2.0        0.03964568566517835
9          2.0        0.03965019869662616
10         2.0        0.03966227573798282
11         2.0        0.039689411485538825
12         2.0        0.03970737502975859
13         2.0        0.03973873026354679
14         2.0        0.1470026671270994
15         2.0        0.14706630231660026
16         2.0        0.1471023809837436
17         0.0        0.1696514389696294
18         0.0        0.1697288229240623
19         0.0        0.16975543348485067
20         0.0        0.1697777949127522


Integral of density (=32.00000000000001) is normalized to 32.0
Orbital energy difference = 0.0007912081850669495
Density difference (relative) = 0.001494222255117749
Elapsed time[calc_external_energy]: 0.00016260147094726562 sec
Debug: sparse nonlocal_op@@@@@@@@@@@@@@@@@@@@@@@@@@@@@@@@@@
Debug: sparse nonlocal_op@@@@@@@@@@@@@@@@@@@@@@@@@@@@@@@@@@
Debug: sparse nonlocal_op@@@@@@@@@@@@@@@@@@@@@@@@@@@@@@@@@@
Debug: sparse nonlocal_op@@@@@@@@@@@@@@@@@@@@@@@@@@@@@@@@@@
Debug: sparse nonlocal_op@@@@@@@@@@@@@@@@@@@@@@@@@@@@@@@@@@
Debug: sparse nonlocal_op@@@@@@@@@@@@@@@@@@@@@@@@@@@@@@@@@@
Debug: sparse nonlocal_op@@@@@@@@@@@@@@@@@@@@@@@@@@@@@@@@@@
Debug: sparse nonlocal_op@@@@@@@@@@@@@@@@@@@@@@@@@@@@@@@@@@
Debug: sparse nonlocal_op@@@@@@@@@@@@@@@@@@@@@@@@@@@@@@@@@@
Debug: sparse nonlocal_op@@@@@@@@@@@@@@@@@@@@@@@@@@@@@@@@@@
Debug: sparse nonlocal_op@@@@@@@@@@@@@@@@@@@@@@@@@@@@@@@@@@
Debug: sparse nonlocal_op@@@@@@@@@@@@@@@@@@@@@@@@@@@@@@@@@@
Debug: sparse nonlocal_op@@@@@@@@@@@@@@@@@@@@@@@@@@@@@@@@@@
Debug: sparse nonlocal_op@@@@@@@@@@@@@@@@@@@@@@@@@@@@@@@@@@
Debug: sparse nonlocal_op@@@@@@@@@@@@@@@@@@@@@@@@@@@@@@@@@@
Debug: sparse nonlocal_op@@@@@@@@@@@@@@@@@@@@@@@@@@@@@@@@@@
Elapsed time[calc_nonlocal_energy]: 0.024013757705688477 sec

============ Energy (Hartree) ============
|   Total Energy        : -38.3535308067 |
------------------------------------------
| * Ion-ion Energy      : 0.0            |
| * Eigenvals sum for 0 : -0.9341598614  |
| * Hartree Energy      : 13.7175928729  |
| * XC Energy           : -17.5356256626 |
| * Kinetic Energy      : 13.0631304998  |
| * External Energy     : -54.4864134594 |
| * Non-local Energy    : 6.8877849426   |
==========================================
Elapsed time[calc_and_print_energies]: 0.038233280181884766 sec
Total energy difference = -0.00022933392841650857 Hartree
Elapsed time for 10 th cycle: 1.8742506504058838 sec

==================== [ END CYCLE 10 ] ====================
Elapsed time[_get_mixed_var]: 0.0008709430694580078 sec
Elapsed time[compute_potential]: 0.01758408546447754 sec
Elapsed time[compute]: 0.03593873977661133 sec

==================== [ SCF CYCLE 11 ] ====================
convg_tol is set to 2.1952e-06
Debug: sparse nonlocal_op@@@@@@@@@@@@@@@@@@@@@@@@@@@@@@@@@@
Elapsed time[diagonalize]: 1.824284315109253 sec

[ PRINT EIGENVALUES ]
( spin alpha )
* 1 th kpt (=[0. 0. 0.])
num        occ        value
1          2.0        -0.29514246056738536
2          2.0        -0.14184312522485723
3          2.0        -0.14184020783925835
4          2.0        -0.14182386440793568
5          2.0        -0.14180008142988146
6          2.0        -0.14178898701463505
7          2.0        -0.14178420743367004
8          2.0        0.03969404846306434
9          2.0        0.039706353263053544
10         2.0        0.03972681071468153
11         2.0        0.03973080849469866
12         2.0        0.03973465414982796
13         2.0        0.039744012226798714
14         2.0        0.14709501487907314
15         2.0        0.1471083516417756
16         2.0        0.14711545489702826
17         0.0        0.1697614068726222
18         0.0        0.1697857790775979
19         0.0        0.16980376544915465
20         0.0        0.16981216156649884


Integral of density (=31.99999999999999) is normalized to 32.00000000000001
Orbital energy difference = 0.001425011004317689
Density difference (relative) = 0.0006929137851019972
Elapsed time[calc_external_energy]: 0.00014638900756835938 sec
Debug: sparse nonlocal_op@@@@@@@@@@@@@@@@@@@@@@@@@@@@@@@@@@
Debug: sparse nonlocal_op@@@@@@@@@@@@@@@@@@@@@@@@@@@@@@@@@@
Debug: sparse nonlocal_op@@@@@@@@@@@@@@@@@@@@@@@@@@@@@@@@@@
Debug: sparse nonlocal_op@@@@@@@@@@@@@@@@@@@@@@@@@@@@@@@@@@
Debug: sparse nonlocal_op@@@@@@@@@@@@@@@@@@@@@@@@@@@@@@@@@@
Debug: sparse nonlocal_op@@@@@@@@@@@@@@@@@@@@@@@@@@@@@@@@@@
Debug: sparse nonlocal_op@@@@@@@@@@@@@@@@@@@@@@@@@@@@@@@@@@
Debug: sparse nonlocal_op@@@@@@@@@@@@@@@@@@@@@@@@@@@@@@@@@@
Debug: sparse nonlocal_op@@@@@@@@@@@@@@@@@@@@@@@@@@@@@@@@@@
Debug: sparse nonlocal_op@@@@@@@@@@@@@@@@@@@@@@@@@@@@@@@@@@
Debug: sparse nonlocal_op@@@@@@@@@@@@@@@@@@@@@@@@@@@@@@@@@@
Debug: sparse nonlocal_op@@@@@@@@@@@@@@@@@@@@@@@@@@@@@@@@@@
Debug: sparse nonlocal_op@@@@@@@@@@@@@@@@@@@@@@@@@@@@@@@@@@
Debug: sparse nonlocal_op@@@@@@@@@@@@@@@@@@@@@@@@@@@@@@@@@@
Debug: sparse nonlocal_op@@@@@@@@@@@@@@@@@@@@@@@@@@@@@@@@@@
Debug: sparse nonlocal_op@@@@@@@@@@@@@@@@@@@@@@@@@@@@@@@@@@
Elapsed time[calc_nonlocal_energy]: 0.0250551700592041 sec

============ Energy (Hartree) ============
|   Total Energy        : -38.3546686049 |
------------------------------------------
| * Ion-ion Energy      : 0.0            |
| * Eigenvals sum for 0 : -0.9327348504  |
| * Hartree Energy      : 13.7176734513  |
| * XC Energy           : -17.5364642136 |
| * Kinetic Energy      : 13.0628805926  |
| * External Energy     : -54.4862884564 |
| * Non-local Energy    : 6.8875300212   |
==========================================
Elapsed time[calc_and_print_energies]: 0.0380864143371582 sec
Total energy difference = -0.0011377982183518043 Hartree
Elapsed time for 11 th cycle: 1.8680932521820068 sec

==================== [ END CYCLE 11 ] ====================
Elapsed time[_get_mixed_var]: 0.0006971359252929688 sec
Elapsed time[compute_potential]: 0.016457557678222656 sec
Elapsed time[compute]: 0.034798383712768555 sec

==================== [ SCF CYCLE 12 ] ====================
convg_tol is set to 2.1952e-06
Debug: sparse nonlocal_op@@@@@@@@@@@@@@@@@@@@@@@@@@@@@@@@@@
Elapsed time[diagonalize]: 1.967905044555664 sec

[ PRINT EIGENVALUES ]
( spin alpha )
* 1 th kpt (=[0. 0. 0.])
num        occ        value
1          2.0        -0.2951156447273285
2          2.0        -0.14180087516834305
3          2.0        -0.14179519239814448
4          2.0        -0.14179094101205925
5          2.0        -0.14178293749540952
6          2.0        -0.1417796804212531
7          2.0        -0.14176873868471856
8          2.0        0.039733517653933556
9          2.0        0.039736371066888626
10         2.0        0.03974354345900028
11         2.0        0.039748119903412364
12         2.0        0.03975645300405885
13         2.0        0.03976159908964616
14         2.0        0.14713065227047
15         2.0        0.14713461144610201
16         2.0        0.1471400527894696
17         0.0        0.16981677996504846
18         0.0        0.16982205183332877
19         0.0        0.16982754432106464
20         0.0        0.16983285726592515


Integral of density (=32.000000000000014) is normalized to 32.00000000000001
Orbital energy difference = 0.0008366719266925671
Density difference (relative) = 0.00031399771069476486
Elapsed time[calc_external_energy]: 8.96453857421875e-05 sec
Debug: sparse nonlocal_op@@@@@@@@@@@@@@@@@@@@@@@@@@@@@@@@@@
Debug: sparse nonlocal_op@@@@@@@@@@@@@@@@@@@@@@@@@@@@@@@@@@
Debug: sparse nonlocal_op@@@@@@@@@@@@@@@@@@@@@@@@@@@@@@@@@@
Debug: sparse nonlocal_op@@@@@@@@@@@@@@@@@@@@@@@@@@@@@@@@@@
Debug: sparse nonlocal_op@@@@@@@@@@@@@@@@@@@@@@@@@@@@@@@@@@
Debug: sparse nonlocal_op@@@@@@@@@@@@@@@@@@@@@@@@@@@@@@@@@@
Debug: sparse nonlocal_op@@@@@@@@@@@@@@@@@@@@@@@@@@@@@@@@@@
Debug: sparse nonlocal_op@@@@@@@@@@@@@@@@@@@@@@@@@@@@@@@@@@
Debug: sparse nonlocal_op@@@@@@@@@@@@@@@@@@@@@@@@@@@@@@@@@@
Debug: sparse nonlocal_op@@@@@@@@@@@@@@@@@@@@@@@@@@@@@@@@@@
Debug: sparse nonlocal_op@@@@@@@@@@@@@@@@@@@@@@@@@@@@@@@@@@
Debug: sparse nonlocal_op@@@@@@@@@@@@@@@@@@@@@@@@@@@@@@@@@@
Debug: sparse nonlocal_op@@@@@@@@@@@@@@@@@@@@@@@@@@@@@@@@@@
Debug: sparse nonlocal_op@@@@@@@@@@@@@@@@@@@@@@@@@@@@@@@@@@
Debug: sparse nonlocal_op@@@@@@@@@@@@@@@@@@@@@@@@@@@@@@@@@@
Debug: sparse nonlocal_op@@@@@@@@@@@@@@@@@@@@@@@@@@@@@@@@@@
Elapsed time[calc_nonlocal_energy]: 0.02276134490966797 sec

============ Energy (Hartree) ============
|   Total Energy        : -38.3554003475 |
------------------------------------------
| * Ion-ion Energy      : 0.0            |
| * Eigenvals sum for 0 : -0.9318981784  |
| * Hartree Energy      : 13.7177768861  |
| * XC Energy           : -17.5369597094 |
| * Kinetic Energy      : 13.0626595274  |
| * External Energy     : -54.4861711135 |
| * Non-local Energy    : 6.8872940618   |
==========================================
Elapsed time[calc_and_print_energies]: 0.0354921817779541 sec
Total energy difference = -0.0007317426274440209 Hartree
Elapsed time for 12 th cycle: 2.0101499557495117 sec

==================== [ END CYCLE 12 ] ====================
Elapsed time[_get_mixed_var]: 0.0006628036499023438 sec
Elapsed time[compute_potential]: 0.017039775848388672 sec
Elapsed time[compute]: 0.03717184066772461 sec

==================== [ SCF CYCLE 13 ] ====================
convg_tol is set to 2.1952e-06
Debug: sparse nonlocal_op@@@@@@@@@@@@@@@@@@@@@@@@@@@@@@@@@@
Elapsed time[diagonalize]: 1.7857627868652344 sec

[ PRINT EIGENVALUES ]
( spin alpha )
* 1 th kpt (=[0. 0. 0.])
num        occ        value
1          2.0        -0.2951078970395264
2          2.0        -0.1417894348453679
3          2.0        -0.14178244872970167
4          2.0        -0.14178169456157882
5          2.0        -0.14177588252328052
6          2.0        -0.1417744775839273
7          2.0        -0.14176663578848203
8          2.0        0.03974638394267575
9          2.0        0.03974867883085159
10         2.0        0.03974985084968245
11         2.0        0.03975564211604293
12         2.0        0.039759086201866876
13         2.0        0.03976209798897245
14         2.0        0.1471398449933173
15         2.0        0.1471432405294488
16         2.0        0.14714806732318025
17         0.0        0.1698265771740099
18         0.0        0.16983165731548844
19         0.0        0.16983295329093911
20         0.0        0.16984020268087932


Integral of density (=31.999999999999982) is normalized to 32.00000000000001
Orbital energy difference = 0.00024702185689773337
Density difference (relative) = 0.00021268442966954347
Elapsed time[calc_external_energy]: 8.082389831542969e-05 sec
Debug: sparse nonlocal_op@@@@@@@@@@@@@@@@@@@@@@@@@@@@@@@@@@
Debug: sparse nonlocal_op@@@@@@@@@@@@@@@@@@@@@@@@@@@@@@@@@@
Debug: sparse nonlocal_op@@@@@@@@@@@@@@@@@@@@@@@@@@@@@@@@@@
Debug: sparse nonlocal_op@@@@@@@@@@@@@@@@@@@@@@@@@@@@@@@@@@
Debug: sparse nonlocal_op@@@@@@@@@@@@@@@@@@@@@@@@@@@@@@@@@@
Debug: sparse nonlocal_op@@@@@@@@@@@@@@@@@@@@@@@@@@@@@@@@@@
Debug: sparse nonlocal_op@@@@@@@@@@@@@@@@@@@@@@@@@@@@@@@@@@
Debug: sparse nonlocal_op@@@@@@@@@@@@@@@@@@@@@@@@@@@@@@@@@@
Debug: sparse nonlocal_op@@@@@@@@@@@@@@@@@@@@@@@@@@@@@@@@@@
Debug: sparse nonlocal_op@@@@@@@@@@@@@@@@@@@@@@@@@@@@@@@@@@
Debug: sparse nonlocal_op@@@@@@@@@@@@@@@@@@@@@@@@@@@@@@@@@@
Debug: sparse nonlocal_op@@@@@@@@@@@@@@@@@@@@@@@@@@@@@@@@@@
Debug: sparse nonlocal_op@@@@@@@@@@@@@@@@@@@@@@@@@@@@@@@@@@
Debug: sparse nonlocal_op@@@@@@@@@@@@@@@@@@@@@@@@@@@@@@@@@@
Debug: sparse nonlocal_op@@@@@@@@@@@@@@@@@@@@@@@@@@@@@@@@@@
Debug: sparse nonlocal_op@@@@@@@@@@@@@@@@@@@@@@@@@@@@@@@@@@
Elapsed time[calc_nonlocal_energy]: 0.022081375122070312 sec

============ Energy (Hartree) ============
|   Total Energy        : -38.3556449011 |
------------------------------------------
| * Ion-ion Energy      : 0.0            |
| * Eigenvals sum for 0 : -0.9316511566  |
| * Hartree Energy      : 13.7177656611  |
| * XC Energy           : -17.5371064872 |
| * Kinetic Energy      : 13.0626101013  |
| * External Energy     : -54.4861371954 |
| * Non-local Energy    : 6.8872230191   |
==========================================
Elapsed time[calc_and_print_energies]: 0.035314083099365234 sec
Total energy difference = -0.0002445535917416919 Hartree
Elapsed time for 13 th cycle: 1.8259046077728271 sec

==================== [ END CYCLE 13 ] ====================
Elapsed time[_get_mixed_var]: 0.0005695819854736328 sec
Elapsed time[compute_potential]: 0.016587018966674805 sec
Elapsed time[compute]: 0.030794858932495117 sec

==================== [ SCF CYCLE 14 ] ====================
convg_tol is set to 2.1952e-06
Debug: sparse nonlocal_op@@@@@@@@@@@@@@@@@@@@@@@@@@@@@@@@@@
Elapsed time[diagonalize]: 1.7342429161071777 sec

[ PRINT EIGENVALUES ]
( spin alpha )
* 1 th kpt (=[0. 0. 0.])
num        occ        value
1          2.0        -0.2951013261242291
2          2.0        -0.14177726835347057
3          2.0        -0.14177425487086218
4          2.0        -0.14177308999012125
5          2.0        -0.14177023910897207
6          2.0        -0.14176923727442978
7          2.0        -0.14176609509335558
8          2.0        0.03975555739408022
9          2.0        0.039757938469380534
10         2.0        0.03975902215705588
11         2.0        0.03976050770933966
12         2.0        0.039761976224984535
13         2.0        0.03976237674212283
14         2.0        0.14714874226725705
15         2.0        0.14715064017237947
16         2.0        0.1471536549097832
17         0.0        0.1698354487797072
18         0.0        0.16983947943451902
19         0.0        0.16983990063632604
20         0.0        0.1698438023377125


Integral of density (=32.000000000000114) is normalized to 31.999999999999993
Orbital energy difference = 0.0002089670535380117
Density difference (relative) = 0.00010455594900050159
Elapsed time[calc_external_energy]: 8.440017700195312e-05 sec
Debug: sparse nonlocal_op@@@@@@@@@@@@@@@@@@@@@@@@@@@@@@@@@@
Debug: sparse nonlocal_op@@@@@@@@@@@@@@@@@@@@@@@@@@@@@@@@@@
Debug: sparse nonlocal_op@@@@@@@@@@@@@@@@@@@@@@@@@@@@@@@@@@
Debug: sparse nonlocal_op@@@@@@@@@@@@@@@@@@@@@@@@@@@@@@@@@@
Debug: sparse nonlocal_op@@@@@@@@@@@@@@@@@@@@@@@@@@@@@@@@@@
Debug: sparse nonlocal_op@@@@@@@@@@@@@@@@@@@@@@@@@@@@@@@@@@
Debug: sparse nonlocal_op@@@@@@@@@@@@@@@@@@@@@@@@@@@@@@@@@@
Debug: sparse nonlocal_op@@@@@@@@@@@@@@@@@@@@@@@@@@@@@@@@@@
Debug: sparse nonlocal_op@@@@@@@@@@@@@@@@@@@@@@@@@@@@@@@@@@
Debug: sparse nonlocal_op@@@@@@@@@@@@@@@@@@@@@@@@@@@@@@@@@@
Debug: sparse nonlocal_op@@@@@@@@@@@@@@@@@@@@@@@@@@@@@@@@@@
Debug: sparse nonlocal_op@@@@@@@@@@@@@@@@@@@@@@@@@@@@@@@@@@
Debug: sparse nonlocal_op@@@@@@@@@@@@@@@@@@@@@@@@@@@@@@@@@@
Debug: sparse nonlocal_op@@@@@@@@@@@@@@@@@@@@@@@@@@@@@@@@@@
Debug: sparse nonlocal_op@@@@@@@@@@@@@@@@@@@@@@@@@@@@@@@@@@
Debug: sparse nonlocal_op@@@@@@@@@@@@@@@@@@@@@@@@@@@@@@@@@@
Elapsed time[calc_nonlocal_energy]: 0.02381300926208496 sec

============ Energy (Hartree) ============
|   Total Energy        : -38.3558681109 |
------------------------------------------
| * Ion-ion Energy      : 0.0            |
| * Eigenvals sum for 0 : -0.9314421895  |
| * Hartree Energy      : 13.7177619832  |
| * XC Energy           : -17.5372314311 |
| * Kinetic Energy      : 13.0625555175  |
| * External Energy     : -54.4861002662 |
| * Non-local Energy    : 6.8871460857   |
==========================================
Elapsed time[calc_and_print_energies]: 0.03699803352355957 sec
Total energy difference = -0.00022320980701806548 Hartree
Elapsed time for 14 th cycle: 1.7771022319793701 sec

==================== [ END CYCLE 14 ] ====================
Elapsed time[_get_mixed_var]: 0.0005898475646972656 sec
Elapsed time[compute_potential]: 0.01519155502319336 sec
Elapsed time[compute]: 0.036017656326293945 sec

==================== [ SCF CYCLE 15 ] ====================
convg_tol is set to 2.1952e-06
Debug: sparse nonlocal_op@@@@@@@@@@@@@@@@@@@@@@@@@@@@@@@@@@
Elapsed time[diagonalize]: 1.656308650970459 sec

[ PRINT EIGENVALUES ]
( spin alpha )
* 1 th kpt (=[0. 0. 0.])
num        occ        value
1          2.0        -0.29510033840558936
2          2.0        -0.14177308791460336
3          2.0        -0.14177249928799338
4          2.0        -0.14177135874850152
5          2.0        -0.14177000142239635
6          2.0        -0.1417695312131151
7          2.0        -0.14176777192110937
8          2.0        0.0397580729261944
9          2.0        0.0397588540806985
10         2.0        0.039759926461902774
11         2.0        0.03976114882440559
12         2.0        0.0397622406732217
13         2.0        0.03976239193962279
14         2.0        0.14715114735670362
15         2.0        0.14715189136335224
16         2.0        0.14715322038815287
17         0.0        0.16983845465312963
18         0.0        0.16984000134022614
19         0.0        0.1698411677421962
20         0.0        0.16984385358631415


Integral of density (=32.00000000000007) is normalized to 32.00000000000001
Orbital energy difference = 3.079974000663732e-05
Density difference (relative) = 6.674696307494564e-05
Elapsed time[calc_external_energy]: 9.036064147949219e-05 sec
Debug: sparse nonlocal_op@@@@@@@@@@@@@@@@@@@@@@@@@@@@@@@@@@
Debug: sparse nonlocal_op@@@@@@@@@@@@@@@@@@@@@@@@@@@@@@@@@@
Debug: sparse nonlocal_op@@@@@@@@@@@@@@@@@@@@@@@@@@@@@@@@@@
Debug: sparse nonlocal_op@@@@@@@@@@@@@@@@@@@@@@@@@@@@@@@@@@
Debug: sparse nonlocal_op@@@@@@@@@@@@@@@@@@@@@@@@@@@@@@@@@@
Debug: sparse nonlocal_op@@@@@@@@@@@@@@@@@@@@@@@@@@@@@@@@@@
Debug: sparse nonlocal_op@@@@@@@@@@@@@@@@@@@@@@@@@@@@@@@@@@
Debug: sparse nonlocal_op@@@@@@@@@@@@@@@@@@@@@@@@@@@@@@@@@@
Debug: sparse nonlocal_op@@@@@@@@@@@@@@@@@@@@@@@@@@@@@@@@@@
Debug: sparse nonlocal_op@@@@@@@@@@@@@@@@@@@@@@@@@@@@@@@@@@
Debug: sparse nonlocal_op@@@@@@@@@@@@@@@@@@@@@@@@@@@@@@@@@@
Debug: sparse nonlocal_op@@@@@@@@@@@@@@@@@@@@@@@@@@@@@@@@@@
Debug: sparse nonlocal_op@@@@@@@@@@@@@@@@@@@@@@@@@@@@@@@@@@
Debug: sparse nonlocal_op@@@@@@@@@@@@@@@@@@@@@@@@@@@@@@@@@@
Debug: sparse nonlocal_op@@@@@@@@@@@@@@@@@@@@@@@@@@@@@@@@@@
Debug: sparse nonlocal_op@@@@@@@@@@@@@@@@@@@@@@@@@@@@@@@@@@
Elapsed time[calc_nonlocal_energy]: 0.02369546890258789 sec

============ Energy (Hartree) ============
|   Total Energy        : -38.3558986773 |
------------------------------------------
| * Ion-ion Energy      : 0.0            |
| * Eigenvals sum for 0 : -0.9314113898  |
| * Hartree Energy      : 13.7177569308  |
| * XC Energy           : -17.5372505642 |
| * Kinetic Energy      : 13.0625515876  |
| * External Energy     : -54.4860952603 |
| * Non-local Energy    : 6.8871386289   |
==========================================
Elapsed time[calc_and_print_energies]: 0.03591585159301758 sec
Total energy difference = -3.056635095077809e-05 Hartree
Elapsed time for 15 th cycle: 1.6975855827331543 sec

==================== [ END CYCLE 15 ] ====================
Elapsed time[_get_mixed_var]: 0.0006012916564941406 sec
Elapsed time[compute_potential]: 0.015802383422851562 sec
Elapsed time[compute]: 0.03925681114196777 sec

==================== [ SCF CYCLE 16 ] ====================
convg_tol is set to 2.1952e-06
Debug: sparse nonlocal_op@@@@@@@@@@@@@@@@@@@@@@@@@@@@@@@@@@
Elapsed time[diagonalize]: 1.5313093662261963 sec

[ PRINT EIGENVALUES ]
( spin alpha )
* 1 th kpt (=[0. 0. 0.])
num        occ        value
1          2.0        -0.2951005633228597
2          2.0        -0.1417731393075074
3          2.0        -0.14177223308864334
4          2.0        -0.14177101659525582
5          2.0        -0.14177033919929324
6          2.0        -0.14176978264914972
7          2.0        -0.14176924501997584
8          2.0        0.039758202569894374
9          2.0        0.03975945146093778
10         2.0        0.03975970126593496
11         2.0        0.03976100735030171
12         2.0        0.03976124392800165
13         2.0        0.03976173994319121
14         2.0        0.1471516202221972
15         2.0        0.1471517749559865
16         2.0        0.14715208685029135
17         0.0        0.16983906738181104
18         0.0        0.16984051019893273
19         0.0        0.16984121639270225
20         0.0        0.1698418287632663


/home/jhwoo/.conda/envs/GOSPEL_torch/lib/python3.8/site-packages/scipy/sparse/_index.py:146: SparseEfficiencyWarning: Changing the sparsity structure of a csr_matrix is expensive. lil_matrix is more efficient.
  self._set_arrayXarray(i, j, x)
/home/jhwoo/programs/gospel/gospel/Eigensolver/Scipy.py:68: UserWarning: Exited at iteration 20 with accuracies 
[0.01235663 0.39098943 0.47058491 0.55609324 0.57409792 0.56578878
 0.63455933 0.59175322 0.5234314  0.57252052 0.62734058 0.50122906
 0.64703475 0.65250163 0.74462305 0.79109883 0.64778594 0.15916043
 0.72435361 0.6163349 ]
not reaching the requested tolerance 2.1952e-06.
  val, vec = lobpcg(
/home/jhwoo/programs/gospel/gospel/smearing_functions.py:11: RuntimeWarning: overflow encountered in exp
  return 1 / (np.exp(val) + 1)
/home/jhwoo/programs/gospel/gospel/Eigensolver/Scipy.py:68: UserWarning: Exited at iteration 20 with accuracies 
[0.0022584  0.06296854 0.05907933 0.05725191 0.07570764 0.04391945
 0.0632216  0.15106185 0.09256185 0.09927934 0.13395273 0.08548697
 0.23681743 0.11681408 0.11400993 0.1774208  0.13644397 0.1865738
 0.2622598  0.26754066]
not reaching the requested tolerance 2.1952e-06.
  val, vec = lobpcg(
/home/jhwoo/programs/gospel/gospel/Eigensolver/Scipy.py:68: UserWarning: Exited at iteration 20 with accuracies 
[1.63648298e-04 2.03835138e-03 2.49795105e-03 4.06992113e-03
 3.26134570e-03 1.63819650e-03 1.81617946e-03 2.30019882e-02
 1.93619609e-02 2.79908528e-02 1.82911137e-02 9.40530867e-03
 6.62298607e-03 8.55604771e-02 7.89805414e-02 5.77007776e-02
 4.55104888e-02 5.12742295e-02 9.15118588e-02 1.76859608e-01]
not reaching the requested tolerance 2.1952e-06.
  val, vec = lobpcg(
/home/jhwoo/programs/gospel/gospel/Eigensolver/Scipy.py:68: UserWarning: Exited at iteration 20 with accuracies 
[6.66155310e-05 2.63428476e-04 3.58401055e-04 3.00612445e-04
 5.19843658e-04 3.62209931e-04 3.30815571e-04 2.75907125e-03
 4.16732446e-03 2.91731556e-03 1.12163979e-03 1.72218526e-03
 8.99909299e-04 1.59061918e-02 2.97786800e-02 1.54642588e-02
 1.92600437e-02 1.74869433e-02 3.62639985e-02 2.74489449e-02]
not reaching the requested tolerance 2.1952e-06.
  val, vec = lobpcg(
/home/jhwoo/programs/gospel/gospel/Eigensolver/Scipy.py:68: UserWarning: Exited at iteration 20 with accuracies 
[0.00037181 0.00103617 0.00055079 0.00075908 0.00063454 0.00104088
 0.00081236 0.00356771 0.00279264 0.00312403 0.00319727 0.00270666
 0.00228602 0.00349537 0.00563576 0.00905907 0.00828693 0.01409933
 0.00741697 0.01654257]
not reaching the requested tolerance 2.1952e-06.
  val, vec = lobpcg(
/home/jhwoo/programs/gospel/gospel/Eigensolver/Scipy.py:68: UserWarning: Exited at iteration 20 with accuracies 
[0.00011836 0.00039752 0.00043185 0.00029632 0.00042295 0.00041006
 0.00051246 0.00140634 0.00131178 0.00146554 0.00116588 0.00134715
 0.00074193 0.0016283  0.00555719 0.00681685 0.00517222 0.00443841
 0.00434178 0.00314448]
not reaching the requested tolerance 2.1952e-06.
  val, vec = lobpcg(
/home/jhwoo/programs/gospel/gospel/Eigensolver/Scipy.py:68: UserWarning: Exited at iteration 20 with accuracies 
[0.00010198 0.00026961 0.00022151 0.0002198  0.00023607 0.00014141
 0.00020163 0.0005462  0.00076356 0.00055756 0.00034205 0.00063983
 0.0004404  0.00219771 0.00573262 0.00500558 0.00369906 0.0025262
 0.00322612 0.00156737]
not reaching the requested tolerance 2.1952e-06.
  val, vec = lobpcg(
/home/jhwoo/programs/gospel/gospel/Eigensolver/Scipy.py:68: UserWarning: Exited at iteration 20 with accuracies 
[5.48949078e-05 9.63692514e-05 7.30522710e-05 1.02727831e-04
 1.09236477e-04 9.39650737e-05 1.28509008e-04 1.99697955e-04
 1.51575553e-04 2.19794722e-04 2.51270352e-04 2.56139596e-04
 3.09062030e-04 2.79187310e-03 8.55682594e-04 2.37210283e-03
 9.80592146e-04 5.64100940e-04 1.36757824e-03 7.10406520e-04]
not reaching the requested tolerance 2.1952e-06.
  val, vec = lobpcg(
/home/jhwoo/programs/gospel/gospel/Eigensolver/Scipy.py:68: UserWarning: Exited at iteration 20 with accuracies 
[2.02209093e-05 5.45641158e-05 2.70499534e-05 3.95526723e-05
 3.60259125e-05 3.91659760e-05 3.81511932e-05 7.78212537e-05
 1.25966498e-04 7.60596964e-05 6.50548399e-05 1.37803449e-04
 6.01563869e-05 1.92668094e-03 1.81377136e-03 5.56704825e-04
 4.99991304e-04 3.58701450e-04 4.36281762e-04 8.07227838e-04]
not reaching the requested tolerance 2.1952e-06.
  val, vec = lobpcg(
/home/jhwoo/programs/gospel/gospel/Eigensolver/Scipy.py:68: UserWarning: Exited at iteration 20 with accuracies 
[8.60098277e-06 1.95756075e-05 1.19153146e-05 1.58600711e-05
 1.14619384e-05 1.25582939e-05 1.57384057e-05 2.67033520e-05
 4.77523949e-05 3.68352243e-05 5.04353806e-05 3.84235870e-05
 3.79459022e-05 6.90871770e-04 7.41056890e-04 3.11257971e-04
 2.42516016e-04 2.40226516e-04 3.09400528e-04 1.80031441e-04]
not reaching the requested tolerance 2.1952e-06.
  val, vec = lobpcg(
/home/jhwoo/programs/gospel/gospel/Eigensolver/Scipy.py:68: UserWarning: Exited at iteration 20 with accuracies 
[7.60941115e-06 1.54484784e-05 1.12719651e-05 8.81354428e-06
 7.67069654e-06 1.02776478e-05 1.53719248e-05 2.39520383e-05
 2.04643587e-05 3.48923553e-05 2.45738354e-05 4.02674711e-05
 3.31262134e-05 5.04962542e-04 4.50677632e-04 2.24775640e-04
 8.67604143e-05 9.86957112e-05 1.63054449e-04 9.86158532e-05]
not reaching the requested tolerance 2.1952e-06.
  val, vec = lobpcg(
/home/jhwoo/programs/gospel/gospel/Eigensolver/Scipy.py:68: UserWarning: Exited at iteration 20 with accuracies 
[2.79093443e-06 3.79243862e-06 5.00260361e-06 8.14292204e-06
 6.07962349e-06 6.29238640e-06 5.35414045e-06 1.56597024e-05
 2.05060892e-05 1.62913154e-05 1.75896776e-05 1.68932622e-05
 1.89633508e-05 1.35065437e-04 2.95901912e-04 2.44841950e-04
 7.17738725e-05 1.04858166e-04 3.85014936e-05 8.34627839e-05]
not reaching the requested tolerance 2.1952e-06.
  val, vec = lobpcg(
/home/jhwoo/programs/gospel/gospel/Eigensolver/Scipy.py:68: UserWarning: Exited at iteration 20 with accuracies 
[1.45938210e-06 1.79815003e-06 1.68680581e-06 1.78370228e-06
 1.44368466e-06 2.09367661e-06 1.66554037e-06 5.38087446e-06
 5.37075187e-06 3.01308941e-06 4.69799676e-06 3.75864473e-06
 3.81044068e-06 8.54558642e-05 1.95534779e-04 1.80422814e-04
 3.53290914e-05 2.47485502e-05 1.88058724e-05 2.07277360e-05]
not reaching the requested tolerance 2.1952e-06.
  val, vec = lobpcg(
/home/jhwoo/programs/gospel/gospel/Eigensolver/Scipy.py:68: UserWarning: Exited at iteration 20 with accuracies 
[1.50894489e-06 1.64483416e-06 1.43826426e-06 1.62688413e-06
 1.56170369e-06 1.51963688e-06 2.31326051e-06 2.98541619e-06
 3.98684971e-06 4.38710491e-06 3.03083328e-06 3.93253757e-06
 4.26617496e-06 4.27221409e-05 9.68113225e-05 9.44381604e-05
 1.68740140e-05 2.09386106e-05 2.13849413e-05 2.36860690e-05]
not reaching the requested tolerance 2.1952e-06.
  val, vec = lobpcg(
/home/jhwoo/programs/gospel/gospel/Eigensolver/Scipy.py:68: UserWarning: Exited at iteration 20 with accuracies 
[1.22354066e-06 1.60205469e-06 1.38256235e-06 1.56740824e-06
 1.17448349e-06 1.45895391e-06 1.60982368e-06 2.35844009e-06
 1.75031273e-06 1.79331802e-06 1.70399104e-06 2.16719256e-06
 1.92743161e-06 3.19301239e-05 6.13316437e-05 7.47881232e-05
 9.07374696e-06 1.64252435e-05 1.40503851e-05 1.29495861e-05]
not reaching the requested tolerance 2.1952e-06.
  val, vec = lobpcg(
/home/jhwoo/programs/gospel/gospel/Eigensolver/Scipy.py:68: UserWarning: Exited at iteration 20 with accuracies 
[1.32686643e-06 1.60804523e-06 1.47595977e-06 1.90437343e-06
 1.74079588e-06 1.49349744e-06 1.51836437e-06 1.72261117e-06
 1.49852769e-06 1.66993235e-06 1.64077881e-06 1.27193890e-06
 1.68684777e-06 2.00343247e-05 1.94629226e-05 2.94799834e-05
 3.70779343e-06 4.94896405e-06 9.08085988e-06 2.45460698e-06]
not reaching the requested tolerance 2.1952e-06.
  val, vec = lobpcg(
Integral of density (=32.00000000000014) is normalized to 31.999999999999993
Orbital energy difference = -7.5914737885929284e-06
Density difference (relative) = 3.8765416013475275e-05
Elapsed time[calc_external_energy]: 0.0001685619354248047 sec
Debug: sparse nonlocal_op@@@@@@@@@@@@@@@@@@@@@@@@@@@@@@@@@@
Debug: sparse nonlocal_op@@@@@@@@@@@@@@@@@@@@@@@@@@@@@@@@@@
Debug: sparse nonlocal_op@@@@@@@@@@@@@@@@@@@@@@@@@@@@@@@@@@
Debug: sparse nonlocal_op@@@@@@@@@@@@@@@@@@@@@@@@@@@@@@@@@@
Debug: sparse nonlocal_op@@@@@@@@@@@@@@@@@@@@@@@@@@@@@@@@@@
Debug: sparse nonlocal_op@@@@@@@@@@@@@@@@@@@@@@@@@@@@@@@@@@
Debug: sparse nonlocal_op@@@@@@@@@@@@@@@@@@@@@@@@@@@@@@@@@@
Debug: sparse nonlocal_op@@@@@@@@@@@@@@@@@@@@@@@@@@@@@@@@@@
Debug: sparse nonlocal_op@@@@@@@@@@@@@@@@@@@@@@@@@@@@@@@@@@
Debug: sparse nonlocal_op@@@@@@@@@@@@@@@@@@@@@@@@@@@@@@@@@@
Debug: sparse nonlocal_op@@@@@@@@@@@@@@@@@@@@@@@@@@@@@@@@@@
Debug: sparse nonlocal_op@@@@@@@@@@@@@@@@@@@@@@@@@@@@@@@@@@
Debug: sparse nonlocal_op@@@@@@@@@@@@@@@@@@@@@@@@@@@@@@@@@@
Debug: sparse nonlocal_op@@@@@@@@@@@@@@@@@@@@@@@@@@@@@@@@@@
Debug: sparse nonlocal_op@@@@@@@@@@@@@@@@@@@@@@@@@@@@@@@@@@
Debug: sparse nonlocal_op@@@@@@@@@@@@@@@@@@@@@@@@@@@@@@@@@@
Elapsed time[calc_nonlocal_energy]: 0.02290177345275879 sec

============ Energy (Hartree) ============
|   Total Energy        : -38.3559027501 |
------------------------------------------
| * Ion-ion Energy      : 0.0            |
| * Eigenvals sum for 0 : -0.9314189813  |
| * Hartree Energy      : 13.7177594266  |
| * XC Energy           : -17.5372466229 |
| * Kinetic Energy      : 13.0625474847  |
| * External Energy     : -54.4860904862 |
| * Non-local Energy    : 6.8871274477   |
==========================================
Elapsed time[calc_and_print_energies]: 0.036463022232055664 sec
Total energy difference = -4.072787227471508e-06 Hartree
Elapsed time for 16 th cycle: 1.575119972229004 sec

==================== [ END CYCLE 16 ] ====================
Elapsed time[_get_mixed_var]: 0.0008287429809570312 sec
Elapsed time[compute_potential]: 0.016285181045532227 sec
Elapsed time[compute]: 0.0342259407043457 sec

==================== [ SCF CYCLE 17 ] ====================
convg_tol is set to 2.1952e-06
Debug: sparse nonlocal_op@@@@@@@@@@@@@@@@@@@@@@@@@@@@@@@@@@
Elapsed time[diagonalize]: 1.289952039718628 sec

[ PRINT EIGENVALUES ]
( spin alpha )
* 1 th kpt (=[0. 0. 0.])
num        occ        value
1          2.0        -0.2951012768681994
2          2.0        -0.14177252271178473
3          2.0        -0.14177200843375187
4          2.0        -0.1417719265637488
5          2.0        -0.14177155825632232
6          2.0        -0.14177127933365238
7          2.0        -0.14177092078506798
8          2.0        0.039758879322310876
9          2.0        0.03975923106518324
10         2.0        0.03975940689902785
11         2.0        0.03975974972911817
12         2.0        0.03976001994547515
13         2.0        0.039760154235809274
14         2.0        0.14715095079446955
15         2.0        0.14715102837225902
16         2.0        0.1471511128780536
17         0.0        0.16983921099473082
18         0.0        0.16983968071526903
19         0.0        0.16984008525148983
20         0.0        0.16984089175443642


Integral of density (=32.00000000000006) is normalized to 32.0
Orbital energy difference = -2.2938149745077574e-05
Density difference (relative) = 2.280399865830357e-05
Elapsed time[calc_external_energy]: 9.202957153320312e-05 sec
Debug: sparse nonlocal_op@@@@@@@@@@@@@@@@@@@@@@@@@@@@@@@@@@
Debug: sparse nonlocal_op@@@@@@@@@@@@@@@@@@@@@@@@@@@@@@@@@@
Debug: sparse nonlocal_op@@@@@@@@@@@@@@@@@@@@@@@@@@@@@@@@@@
Debug: sparse nonlocal_op@@@@@@@@@@@@@@@@@@@@@@@@@@@@@@@@@@
Debug: sparse nonlocal_op@@@@@@@@@@@@@@@@@@@@@@@@@@@@@@@@@@
Debug: sparse nonlocal_op@@@@@@@@@@@@@@@@@@@@@@@@@@@@@@@@@@
Debug: sparse nonlocal_op@@@@@@@@@@@@@@@@@@@@@@@@@@@@@@@@@@
Debug: sparse nonlocal_op@@@@@@@@@@@@@@@@@@@@@@@@@@@@@@@@@@
Debug: sparse nonlocal_op@@@@@@@@@@@@@@@@@@@@@@@@@@@@@@@@@@
Debug: sparse nonlocal_op@@@@@@@@@@@@@@@@@@@@@@@@@@@@@@@@@@
Debug: sparse nonlocal_op@@@@@@@@@@@@@@@@@@@@@@@@@@@@@@@@@@
Debug: sparse nonlocal_op@@@@@@@@@@@@@@@@@@@@@@@@@@@@@@@@@@
Debug: sparse nonlocal_op@@@@@@@@@@@@@@@@@@@@@@@@@@@@@@@@@@
Debug: sparse nonlocal_op@@@@@@@@@@@@@@@@@@@@@@@@@@@@@@@@@@
Debug: sparse nonlocal_op@@@@@@@@@@@@@@@@@@@@@@@@@@@@@@@@@@
Debug: sparse nonlocal_op@@@@@@@@@@@@@@@@@@@@@@@@@@@@@@@@@@
Elapsed time[calc_nonlocal_energy]: 0.023495912551879883 sec

============ Energy (Hartree) ============
|   Total Energy        : -38.3558781125 |
------------------------------------------
| * Ion-ion Energy      : 0.0            |
| * Eigenvals sum for 0 : -0.9314419194  |
| * Hartree Energy      : 13.7177567253  |
| * XC Energy           : -17.5372332454 |
| * Kinetic Energy      : 13.0625558717  |
| * External Energy     : -54.4860946455 |
| * Non-local Energy    : 6.8871371814   |
==========================================
Elapsed time[calc_and_print_energies]: 0.037016868591308594 sec
Total energy difference = 2.4637567726415455e-05 Hartree
Elapsed time for 17 th cycle: 1.3325459957122803 sec

==================== [ END CYCLE 17 ] ====================
Elapsed time[_get_mixed_var]: 0.0008194446563720703 sec
Elapsed time[compute_potential]: 0.017058849334716797 sec
Elapsed time[compute]: 0.03786730766296387 sec

==================== [ SCF CYCLE 18 ] ====================
convg_tol is set to 2.1952e-06
Debug: sparse nonlocal_op@@@@@@@@@@@@@@@@@@@@@@@@@@@@@@@@@@
Elapsed time[diagonalize]: 1.036489725112915 sec

[ PRINT EIGENVALUES ]
( spin alpha )
* 1 th kpt (=[0. 0. 0.])
num        occ        value
1          2.0        -0.2951019079389533
2          2.0        -0.14177306659464367
3          2.0        -0.14177264636400155
4          2.0        -0.14177247688142336
5          2.0        -0.14177231653406258
6          2.0        -0.14177198122735846
7          2.0        -0.1417715632953363
8          2.0        0.039758595399474475
9          2.0        0.039758742973418096
10         2.0        0.039758874160002206
11         2.0        0.039758980231491214
12         2.0        0.039759303732880516
13         2.0        0.03975958294096801
14         2.0        0.14715024679243247
15         2.0        0.14715037002498302
16         2.0        0.1471504394712968
17         0.0        0.1698386225428469
18         0.0        0.1698391003944819
19         0.0        0.1698393259167494
20         0.0        0.1698397112978579


Integral of density (=32.000000000000064) is normalized to 32.00000000000001
Orbital energy difference = -1.9726796023245008e-05
Density difference (relative) = 1.3238912677572023e-05
Elapsed time[calc_external_energy]: 8.702278137207031e-05 sec
Debug: sparse nonlocal_op@@@@@@@@@@@@@@@@@@@@@@@@@@@@@@@@@@
Debug: sparse nonlocal_op@@@@@@@@@@@@@@@@@@@@@@@@@@@@@@@@@@
Debug: sparse nonlocal_op@@@@@@@@@@@@@@@@@@@@@@@@@@@@@@@@@@
Debug: sparse nonlocal_op@@@@@@@@@@@@@@@@@@@@@@@@@@@@@@@@@@
Debug: sparse nonlocal_op@@@@@@@@@@@@@@@@@@@@@@@@@@@@@@@@@@
Debug: sparse nonlocal_op@@@@@@@@@@@@@@@@@@@@@@@@@@@@@@@@@@
Debug: sparse nonlocal_op@@@@@@@@@@@@@@@@@@@@@@@@@@@@@@@@@@
Debug: sparse nonlocal_op@@@@@@@@@@@@@@@@@@@@@@@@@@@@@@@@@@
Debug: sparse nonlocal_op@@@@@@@@@@@@@@@@@@@@@@@@@@@@@@@@@@
Debug: sparse nonlocal_op@@@@@@@@@@@@@@@@@@@@@@@@@@@@@@@@@@
Debug: sparse nonlocal_op@@@@@@@@@@@@@@@@@@@@@@@@@@@@@@@@@@
Debug: sparse nonlocal_op@@@@@@@@@@@@@@@@@@@@@@@@@@@@@@@@@@
Debug: sparse nonlocal_op@@@@@@@@@@@@@@@@@@@@@@@@@@@@@@@@@@
Debug: sparse nonlocal_op@@@@@@@@@@@@@@@@@@@@@@@@@@@@@@@@@@
Debug: sparse nonlocal_op@@@@@@@@@@@@@@@@@@@@@@@@@@@@@@@@@@
Debug: sparse nonlocal_op@@@@@@@@@@@@@@@@@@@@@@@@@@@@@@@@@@
Elapsed time[calc_nonlocal_energy]: 0.024687767028808594 sec

============ Energy (Hartree) ============
|   Total Energy        : -38.3558667617 |
------------------------------------------
| * Ion-ion Energy      : 0.0            |
| * Eigenvals sum for 0 : -0.9314616462  |
| * Hartree Energy      : 13.7177584093  |
| * XC Energy           : -17.5372214121 |
| * Kinetic Energy      : 13.0625558611  |
| * External Energy     : -54.4860935299 |
| * Non-local Energy    : 6.8871339099   |
==========================================
Elapsed time[calc_and_print_energies]: 0.0381929874420166 sec
Total energy difference = 1.1350811803367833e-05 Hartree
Elapsed time for 18 th cycle: 1.0811307430267334 sec

==================== [ END CYCLE 18 ] ====================
Elapsed time[_get_mixed_var]: 0.0005762577056884766 sec
Elapsed time[compute_potential]: 0.015726327896118164 sec
Elapsed time[compute]: 0.03689408302307129 sec

==================== [ SCF CYCLE 19 ] ====================
convg_tol is set to 2.1952e-06
Debug: sparse nonlocal_op@@@@@@@@@@@@@@@@@@@@@@@@@@@@@@@@@@
Elapsed time[diagonalize]: 1.1241343021392822 sec

[ PRINT EIGENVALUES ]
( spin alpha )
* 1 th kpt (=[0. 0. 0.])
num        occ        value
1          2.0        -0.2951025686954884
2          2.0        -0.14177349326021235
3          2.0        -0.14177324490995216
4          2.0        -0.1417730318549175
5          2.0        -0.1417728818945202
6          2.0        -0.14177282861294943
7          2.0        -0.14177256712297504
8          2.0        0.03975817036120969
9          2.0        0.039758310316745545
10         2.0        0.039758367843907336
11         2.0        0.039758448828375266
12         2.0        0.03975862514046867
13         2.0        0.03975865294142676
14         2.0        0.1471495580916619
15         2.0        0.14714966442038113
16         2.0        0.14714971013253184
17         0.0        0.16983827285942604
18         0.0        0.1698383238141371
19         0.0        0.16983834936029849
20         0.0        0.16983865712771984


Integral of density (=32.00000000000001) is normalized to 31.999999999999993
Orbital energy difference = -2.0570330949154503e-05
Density difference (relative) = 6.450150190931781e-06
Elapsed time[calc_external_energy]: 8.702278137207031e-05 sec
Debug: sparse nonlocal_op@@@@@@@@@@@@@@@@@@@@@@@@@@@@@@@@@@
Debug: sparse nonlocal_op@@@@@@@@@@@@@@@@@@@@@@@@@@@@@@@@@@
Debug: sparse nonlocal_op@@@@@@@@@@@@@@@@@@@@@@@@@@@@@@@@@@
Debug: sparse nonlocal_op@@@@@@@@@@@@@@@@@@@@@@@@@@@@@@@@@@
Debug: sparse nonlocal_op@@@@@@@@@@@@@@@@@@@@@@@@@@@@@@@@@@
Debug: sparse nonlocal_op@@@@@@@@@@@@@@@@@@@@@@@@@@@@@@@@@@
Debug: sparse nonlocal_op@@@@@@@@@@@@@@@@@@@@@@@@@@@@@@@@@@
Debug: sparse nonlocal_op@@@@@@@@@@@@@@@@@@@@@@@@@@@@@@@@@@
Debug: sparse nonlocal_op@@@@@@@@@@@@@@@@@@@@@@@@@@@@@@@@@@
Debug: sparse nonlocal_op@@@@@@@@@@@@@@@@@@@@@@@@@@@@@@@@@@
Debug: sparse nonlocal_op@@@@@@@@@@@@@@@@@@@@@@@@@@@@@@@@@@
Debug: sparse nonlocal_op@@@@@@@@@@@@@@@@@@@@@@@@@@@@@@@@@@
Debug: sparse nonlocal_op@@@@@@@@@@@@@@@@@@@@@@@@@@@@@@@@@@
Debug: sparse nonlocal_op@@@@@@@@@@@@@@@@@@@@@@@@@@@@@@@@@@
Debug: sparse nonlocal_op@@@@@@@@@@@@@@@@@@@@@@@@@@@@@@@@@@
Debug: sparse nonlocal_op@@@@@@@@@@@@@@@@@@@@@@@@@@@@@@@@@@
Elapsed time[calc_nonlocal_energy]: 0.025808095932006836 sec

============ Energy (Hartree) ============
|   Total Energy        : -38.3558477305 |
------------------------------------------
| * Ion-ion Energy      : 0.0            |
| * Eigenvals sum for 0 : -0.9314822165  |
| * Hartree Energy      : 13.7177564467  |
| * XC Energy           : -17.5372089759 |
| * Kinetic Energy      : 13.0625609903  |
| * External Energy     : -54.4860963356 |
| * Non-local Energy    : 6.887140144    |
==========================================
Elapsed time[calc_and_print_energies]: 0.04096102714538574 sec
Total energy difference = 1.9031145626513535e-05 Hartree
Elapsed time for 19 th cycle: 1.1693143844604492 sec

==================== [ END CYCLE 19 ] ====================
Elapsed time[_get_mixed_var]: 0.0006015300750732422 sec
Elapsed time[compute_potential]: 0.015677690505981445 sec
Elapsed time[compute]: 0.03479719161987305 sec

==================== [ SCF CYCLE 20 ] ====================
convg_tol is set to 2.1952e-06
Debug: sparse nonlocal_op@@@@@@@@@@@@@@@@@@@@@@@@@@@@@@@@@@
Elapsed time[diagonalize]: 0.8004882335662842 sec

[ PRINT EIGENVALUES ]
( spin alpha )
* 1 th kpt (=[0. 0. 0.])
num        occ        value
1          2.0        -0.29510269971230146
2          2.0        -0.14177352084034414
3          2.0        -0.14177333868398942
4          2.0        -0.1417731755983415
5          2.0        -0.14177306068183781
6          2.0        -0.14177289307496585
7          2.0        -0.14177281099940622
8          2.0        0.039758112378253316
9          2.0        0.03975820407465853
10         2.0        0.03975825672386327
11         2.0        0.0397583663469142
12         2.0        0.03975847946135555
13         2.0        0.03975849784693644
14         2.0        0.14714946717868052
15         2.0        0.14714952861029895
16         2.0        0.1471495468620002
17         0.0        0.16983809227776545
18         0.0        0.16983816691066214
19         0.0        0.169838198115005
20         0.0        0.16983836479134734


Integral of density (=31.999999999999993) is normalized to 32.0
Orbital energy difference = -3.863667836778717e-06
Density difference (relative) = 3.3370027499195747e-06
Elapsed time[calc_external_energy]: 0.0001423358917236328 sec
Debug: sparse nonlocal_op@@@@@@@@@@@@@@@@@@@@@@@@@@@@@@@@@@
Debug: sparse nonlocal_op@@@@@@@@@@@@@@@@@@@@@@@@@@@@@@@@@@
Debug: sparse nonlocal_op@@@@@@@@@@@@@@@@@@@@@@@@@@@@@@@@@@
Debug: sparse nonlocal_op@@@@@@@@@@@@@@@@@@@@@@@@@@@@@@@@@@
Debug: sparse nonlocal_op@@@@@@@@@@@@@@@@@@@@@@@@@@@@@@@@@@
Debug: sparse nonlocal_op@@@@@@@@@@@@@@@@@@@@@@@@@@@@@@@@@@
Debug: sparse nonlocal_op@@@@@@@@@@@@@@@@@@@@@@@@@@@@@@@@@@
Debug: sparse nonlocal_op@@@@@@@@@@@@@@@@@@@@@@@@@@@@@@@@@@
Debug: sparse nonlocal_op@@@@@@@@@@@@@@@@@@@@@@@@@@@@@@@@@@
Debug: sparse nonlocal_op@@@@@@@@@@@@@@@@@@@@@@@@@@@@@@@@@@
Debug: sparse nonlocal_op@@@@@@@@@@@@@@@@@@@@@@@@@@@@@@@@@@
Debug: sparse nonlocal_op@@@@@@@@@@@@@@@@@@@@@@@@@@@@@@@@@@
Debug: sparse nonlocal_op@@@@@@@@@@@@@@@@@@@@@@@@@@@@@@@@@@
Debug: sparse nonlocal_op@@@@@@@@@@@@@@@@@@@@@@@@@@@@@@@@@@
Debug: sparse nonlocal_op@@@@@@@@@@@@@@@@@@@@@@@@@@@@@@@@@@
Debug: sparse nonlocal_op@@@@@@@@@@@@@@@@@@@@@@@@@@@@@@@@@@
Elapsed time[calc_nonlocal_energy]: 0.02356743812561035 sec

============ Energy (Hartree) ============
|   Total Energy        : -38.3558467956 |
------------------------------------------
| * Ion-ion Energy      : 0.0            |
| * Eigenvals sum for 0 : -0.9314860802  |
| * Hartree Energy      : 13.7177568275  |
| * XC Energy           : -17.5372065238 |
| * Kinetic Energy      : 13.0625602748  |
| * External Energy     : -54.48609559   |
| * Non-local Energy    : 6.8871382158   |
==========================================
Elapsed time[calc_and_print_energies]: 0.03582000732421875 sec
Total energy difference = 9.349510960987573e-07 Hartree
Elapsed time for 20 th cycle: 0.8404502868652344 sec

==================== [ END CYCLE 20 ] ====================
SCF CONVERGED with 20 iters!!
Elapsed time[calc_external_energy]: 0.00011301040649414062 sec
Debug: sparse nonlocal_op@@@@@@@@@@@@@@@@@@@@@@@@@@@@@@@@@@
Debug: sparse nonlocal_op@@@@@@@@@@@@@@@@@@@@@@@@@@@@@@@@@@
Debug: sparse nonlocal_op@@@@@@@@@@@@@@@@@@@@@@@@@@@@@@@@@@
Debug: sparse nonlocal_op@@@@@@@@@@@@@@@@@@@@@@@@@@@@@@@@@@
Debug: sparse nonlocal_op@@@@@@@@@@@@@@@@@@@@@@@@@@@@@@@@@@
Debug: sparse nonlocal_op@@@@@@@@@@@@@@@@@@@@@@@@@@@@@@@@@@
Debug: sparse nonlocal_op@@@@@@@@@@@@@@@@@@@@@@@@@@@@@@@@@@
Debug: sparse nonlocal_op@@@@@@@@@@@@@@@@@@@@@@@@@@@@@@@@@@
Debug: sparse nonlocal_op@@@@@@@@@@@@@@@@@@@@@@@@@@@@@@@@@@
Debug: sparse nonlocal_op@@@@@@@@@@@@@@@@@@@@@@@@@@@@@@@@@@
Debug: sparse nonlocal_op@@@@@@@@@@@@@@@@@@@@@@@@@@@@@@@@@@
Debug: sparse nonlocal_op@@@@@@@@@@@@@@@@@@@@@@@@@@@@@@@@@@
Debug: sparse nonlocal_op@@@@@@@@@@@@@@@@@@@@@@@@@@@@@@@@@@
Debug: sparse nonlocal_op@@@@@@@@@@@@@@@@@@@@@@@@@@@@@@@@@@
Debug: sparse nonlocal_op@@@@@@@@@@@@@@@@@@@@@@@@@@@@@@@@@@
Debug: sparse nonlocal_op@@@@@@@@@@@@@@@@@@@@@@@@@@@@@@@@@@
Elapsed time[calc_nonlocal_energy]: 0.020013093948364258 sec

============ Energy (Hartree) ============
|   Total Energy        : -38.3558467956 |
------------------------------------------
| * Ion-ion Energy      : 0.0            |
| * Eigenvals sum for 0 : -0.9314860802  |
| * Hartree Energy      : 13.7177568275  |
| * XC Energy           : -17.5372065238 |
| * Kinetic Energy      : 13.0625602748  |
| * External Energy     : -54.48609559   |
| * Non-local Energy    : 6.8871382158   |
==========================================
Elapsed time[calc_and_print_energies]: 0.031560420989990234 sec
Total Energy: -38.35584679557883 Ha
Fermi Level : 4.226171969059998 eV
Gap: 0.617 eV
Transition (v -> c):
  (s=0, k=0, n=15, [0.00, 0.00, 0.00]) -> (s=0, k=0, n=16, [0.00, 0.00, 0.00])
Elapsed time[calc_nonlocal_forces]: 0.08888578414916992 sec
Debug: Make small grid Time: 0.009030580520629883 sec
Elapsed time[calc_short_forces]: 0.03437066078186035 sec
Debug: Make small grid Time: 0.009107589721679688 sec
Elapsed time[get_comp_forces]: 0.01484823226928711 sec
Elapsed time[get_comp_comp_forces]: 0.04543566703796387 sec
Elapsed time[get_forces_correction]: 0.060314178466796875 sec
'Debug:'
'  F_NN   = \n0.0'
('  F_NL   = \n'
 '[[-7.20905219e-06 -1.32710604e-06 -2.90210211e-08]\n'
 ' [-1.41569541e-05 -4.58633301e-06  1.67666195e-06]\n'
 ' [ 6.92495338e-06 -1.77428224e-07 -5.09343986e-07]\n'
 ' [ 1.21182295e-05  6.73166921e-07 -7.76000518e-07]\n'
 ' [-6.49298445e-07  1.48948780e-06 -1.40743637e-06]\n'
 ' [-5.32004424e-06  3.35035926e-06  1.18917320e-06]\n'
 ' [ 1.82591732e-06  1.80624120e-06  1.83964002e-07]\n'
 ' [ 5.75957203e-06  1.37776169e-06  1.79416669e-07]]')
('  F_loc  = \n'
 '[[ 7.11870535e-07 -1.57681404e-06 -2.12783266e-06]\n'
 ' [ 3.34927737e-06 -2.78070274e-07 -2.76064406e-06]\n'
 ' [-4.69073439e-06 -1.97797758e-06 -1.68263455e-06]\n'
 ' [-6.49707061e-06 -2.31756489e-06 -1.69675337e-06]\n'
 ' [-1.76272875e-06 -2.45533615e-06 -1.52042688e-06]\n'
 ' [ 2.37770600e-08 -3.20956807e-06 -2.58603981e-06]\n'
 ' [-2.77191438e-06 -2.80991185e-06 -1.99078207e-06]\n'
 ' [-4.25964475e-06 -2.62760249e-06 -2.10080072e-06]]')
('  F_comp = \n'
 '[[ 3.73791248e-06 -9.81040043e-07 -4.91744677e-06]\n'
 ' [ 3.56661345e-06 -1.31487630e-07 -2.84279451e-06]\n'
 ' [-1.42193490e-06  1.67401044e-06  3.06069509e-06]\n'
 ' [-3.93852708e-06  5.60315249e-07  8.73058414e-07]\n'
 ' [ 1.09173528e-06  2.10333858e-07 -4.14538234e-06]\n'
 ' [ 1.19537669e-07 -3.68075623e-07 -7.10895482e-07]\n'
 ' [ 3.31782705e-07 -1.80959188e-06  3.04090239e-06]\n'
 ' [-9.52588110e-08 -2.31817145e-06  1.19865994e-06]]')
('  F      = \n'
 '[[-2.75926918e-06 -3.88496012e-06 -7.07430045e-06]\n'
 ' [-7.24106324e-06 -4.99589091e-06 -3.92677661e-06]\n'
 ' [ 8.12284086e-07 -4.81395359e-07  8.68716546e-07]\n'
 ' [ 1.68263183e-06 -1.08408272e-06 -1.59969547e-06]\n'
 ' [-1.32029191e-06 -7.55514487e-07 -7.07324558e-06]\n'
 ' [-5.17672951e-06 -2.27284428e-07 -2.10776209e-06]\n'
 ' [-6.14214353e-07 -2.81326253e-06  1.23408432e-06]\n'
 ' [ 1.40466846e-06 -3.56801225e-06 -7.22724111e-07]]')
Elapsed time[calc_forces]: 0.18526244163513184 sec
Elapsed time[calc_forces]: 0.18527531623840332 sec
Atomic Forces (eV/ang):
 index | symbol |  x-axis  |  y-axis  |  z-axis
     0 |     Si | -0.00014 |  -0.0002 | -0.00036
     1 |     Si | -0.00037 | -0.00026 |  -0.0002
     2 |     Si |    4e-05 |   -2e-05 |    4e-05
     3 |     Si |    9e-05 |   -6e-05 |   -8e-05
     4 |     Si |   -7e-05 |   -4e-05 | -0.00036
     5 |     Si | -0.00027 |   -1e-05 | -0.00011
     6 |     Si |   -3e-05 | -0.00014 |    6e-05
     7 |     Si |    7e-05 | -0.00018 |   -4e-05

* TOTAL TIME : 38.059027433395386 sec
      Step     Time          Energy         fmax
BFGS:    0 03:50:47    -1043.715753        0.0005
/home/jhwoo/programs/gospel/gospel/Eigensolver/Scipy.py:68: UserWarning: Exited at iteration 20 with accuracies 
[1.74664548e-06 1.52927856e-06 1.50721357e-06 1.77131191e-06
 1.68056553e-06 1.76212597e-06 2.08176521e-06 2.07437108e-06
 1.51042852e-06 1.85491099e-06 1.65307844e-06 1.75551066e-06
 1.98652519e-06 1.43711652e-05 3.28897513e-05 5.74843040e-06
 3.89890325e-06 2.39864615e-06 6.03416718e-06 3.71099239e-06]
not reaching the requested tolerance 2.1952e-06.
  val, vec = lobpcg(
/home/jhwoo/programs/gospel/gospel/Eigensolver/Scipy.py:68: UserWarning: Exited at iteration 20 with accuracies 
[1.40504669e-06 1.89739943e-06 1.82893951e-06 1.73429553e-06
 2.03887363e-06 1.85672090e-06 1.79895821e-06 1.88029699e-06
 1.92306784e-06 1.75564537e-06 1.75428011e-06 1.73233444e-06
 1.77824718e-06 9.79732894e-06 1.78325992e-05 4.94881530e-06
 2.20386714e-06 2.12217837e-06 3.06036399e-06 2.49922835e-06]
not reaching the requested tolerance 2.1952e-06.
  val, vec = lobpcg(
/home/jhwoo/programs/gospel/gospel/Eigensolver/Scipy.py:68: UserWarning: Exited at iteration 20 with accuracies 
[1.87230017e-06 2.03292904e-06 1.78899431e-06 1.88681500e-06
 1.76983110e-06 1.62624235e-06 1.73484700e-06 2.17830154e-06
 1.75880532e-06 1.79631517e-06 1.83650425e-06 1.91616850e-06
 1.88170624e-06 1.18874033e-05 1.32078503e-05 2.33804217e-06
 2.25699717e-06 1.95296864e-06 2.01033613e-06 2.03494163e-06]
not reaching the requested tolerance 2.1952e-06.
  val, vec = lobpcg(
/home/jhwoo/programs/gospel/gospel/Eigensolver/Scipy.py:68: UserWarning: Exited at iteration 20 with accuracies 
[1.87305422e-06 1.98574768e-06 1.77629314e-06 1.93509411e-06
 1.73848053e-06 1.68279842e-06 1.62973632e-06 1.84513633e-06
 1.87996522e-06 1.54075443e-06 1.78208479e-06 1.71557783e-06
 1.94257385e-06 5.93581348e-06 8.09869773e-06 2.88651526e-06
 1.51503978e-06 2.01699692e-06 2.08719799e-06 2.03189595e-06]
not reaching the requested tolerance 2.1952e-06.
  val, vec = lobpcg(
